21:38:34 **** Build of project adc_bsp ****
make -k all 
"Running Make include in microblaze_0/libsrc/bram_v4_1/src"
make -C microblaze_0/libsrc/bram_v4_1/src -s include  "SHELL=CMD" "COMPILER=mb-gcc" "ARCHIVER=mb-ar" "COMPILER_FLAGS= -O2 -c -mcpu=v10.0 -mlittle-endian -mxl-soft-mul" "EXTRA_COMPILER_FLAGS=-g"
"Running Make include in microblaze_0/libsrc/cpu_v2_5/src"
make -C microblaze_0/libsrc/cpu_v2_5/src -s include  "SHELL=CMD" "COMPILER=mb-gcc" "ARCHIVER=mb-ar" "COMPILER_FLAGS= -O2 -c -mcpu=v10.0 -mlittle-endian -mxl-soft-mul" "EXTRA_COMPILER_FLAGS=-g"
"Running Make include in microblaze_0/libsrc/gpio_v4_2/src"
make -C microblaze_0/libsrc/gpio_v4_2/src -s include  "SHELL=CMD" "COMPILER=mb-gcc" "ARCHIVER=mb-ar" "COMPILER_FLAGS= -O2 -c -mcpu=v10.0 -mlittle-endian -mxl-soft-mul" "EXTRA_COMPILER_FLAGS=-g"
"Running Make include in microblaze_0/libsrc/spi_v4_2/src"
make -C microblaze_0/libsrc/spi_v4_2/src -s include  "SHELL=CMD" "COMPILER=mb-gcc" "ARCHIVER=mb-ar" "COMPILER_FLAGS= -O2 -c -mcpu=v10.0 -mlittle-endian -mxl-soft-mul" "EXTRA_COMPILER_FLAGS=-g"
"Running Make include in microblaze_0/libsrc/standalone_v6_0/src"
make -C microblaze_0/libsrc/standalone_v6_0/src -s include  "SHELL=CMD" "COMPILER=mb-gcc" "ARCHIVER=mb-ar" "COMPILER_FLAGS= -O2 -c -mcpu=v10.0 -mlittle-endian -mxl-soft-mul" "EXTRA_COMPILER_FLAGS=-g"
"Running Make include in microblaze_0/libsrc/uartlite_v3_2/src"
make -C microblaze_0/libsrc/uartlite_v3_2/src -s include  "SHELL=CMD" "COMPILER=mb-gcc" "ARCHIVER=mb-ar" "COMPILER_FLAGS= -O2 -c -mcpu=v10.0 -mlittle-endian -mxl-soft-mul" "EXTRA_COMPILER_FLAGS=-g"
"Running Make libs in microblaze_0/libsrc/bram_v4_1/src"
make -C microblaze_0/libsrc/bram_v4_1/src -s libs  "SHELL=CMD" "COMPILER=mb-gcc" "ARCHIVER=mb-ar" "COMPILER_FLAGS= -O2 -c -mcpu=v10.0 -mlittle-endian -mxl-soft-mul" "EXTRA_COMPILER_FLAGS=-g"
"Compiling bram"
mb-ar: creating ../../../lib/libxil.a
"Running Make libs in microblaze_0/libsrc/cpu_v2_5/src"
make -C microblaze_0/libsrc/cpu_v2_5/src -s libs  "SHELL=CMD" "COMPILER=mb-gcc" "ARCHIVER=mb-ar" "COMPILER_FLAGS= -O2 -c -mcpu=v10.0 -mlittle-endian -mxl-soft-mul" "EXTRA_COMPILER_FLAGS=-g"
"Compiling cpu"
"Running Make libs in microblaze_0/libsrc/gpio_v4_2/src"
make -C microblaze_0/libsrc/gpio_v4_2/src -s libs  "SHELL=CMD" "COMPILER=mb-gcc" "ARCHIVER=mb-ar" "COMPILER_FLAGS= -O2 -c -mcpu=v10.0 -mlittle-endian -mxl-soft-mul" "EXTRA_COMPILER_FLAGS=-g"
"Compiling gpio"
"Running Make libs in microblaze_0/libsrc/spi_v4_2/src"
make -C microblaze_0/libsrc/spi_v4_2/src -s libs  "SHELL=CMD" "COMPILER=mb-gcc" "ARCHIVER=mb-ar" "COMPILER_FLAGS= -O2 -c -mcpu=v10.0 -mlittle-endian -mxl-soft-mul" "EXTRA_COMPILER_FLAGS=-g"
"Compiling spi"
"Running Make libs in microblaze_0/libsrc/standalone_v6_0/src"
make -C microblaze_0/libsrc/standalone_v6_0/src -s libs  "SHELL=CMD" "COMPILER=mb-gcc" "ARCHIVER=mb-ar" "COMPILER_FLAGS= -O2 -c -mcpu=v10.0 -mlittle-endian -mxl-soft-mul" "EXTRA_COMPILER_FLAGS=-g"
"Compiling standalone";
"Running Make libs in microblaze_0/libsrc/uartlite_v3_2/src"
make -C microblaze_0/libsrc/uartlite_v3_2/src -s libs  "SHELL=CMD" "COMPILER=mb-gcc" "ARCHIVER=mb-ar" "COMPILER_FLAGS= -O2 -c -mcpu=v10.0 -mlittle-endian -mxl-soft-mul" "EXTRA_COMPILER_FLAGS=-g"
"Compiling uartlite"
'Finished building libraries'
21:38:38 **** Build of configuration Debug for project adc ****
make all 
'Building file: ../src/testperiph.c'
'Invoking: MicroBlaze gcc compiler'
mb-gcc -Wall -O0 -g3 -c -fmessage-length=0 -MT"src/testperiph.o" -I../../adc_bsp/microblaze_0/include -mlittle-endian -mcpu=v10.0 -mxl-soft-mul -Wl,--no-relax -MMD -MP -MF"src/testperiph.d" -MT"src/testperiph.o" -o "src/testperiph.o" "../src/testperiph.c"
'Finished building: ../src/testperiph.c'
' '
'Building file: ../src/xgpio_tapp_example.c'
'Invoking: MicroBlaze gcc compiler'
mb-gcc -Wall -O0 -g3 -c -fmessage-length=0 -MT"src/xgpio_tapp_example.o" -I../../adc_bsp/microblaze_0/include -mlittle-endian -mcpu=v10.0 -mxl-soft-mul -Wl,--no-relax -MMD -MP -MF"src/xgpio_tapp_example.d" -MT"src/xgpio_tapp_example.o" -o "src/xgpio_tapp_example.o" "../src/xgpio_tapp_example.c"
'Finished building: ../src/xgpio_tapp_example.c'
' '
'Building file: ../src/xspi_selftest_example.c'
'Invoking: MicroBlaze gcc compiler'
mb-gcc -Wall -O0 -g3 -c -fmessage-length=0 -MT"src/xspi_selftest_example.o" -I../../adc_bsp/microblaze_0/include -mlittle-endian -mcpu=v10.0 -mxl-soft-mul -Wl,--no-relax -MMD -MP -MF"src/xspi_selftest_example.d" -MT"src/xspi_selftest_example.o" -o "src/xspi_selftest_example.o" "../src/xspi_selftest_example.c"
'Finished building: ../src/xspi_selftest_example.c'
' '
'Building target: adc.elf'
'Invoking: MicroBlaze gcc linker'
mb-gcc -Wl,-T -Wl,../src/lscript.ld -L../../adc_bsp/microblaze_0/lib -mlittle-endian -mcpu=v10.0 -mxl-soft-mul -Wl,--no-relax -o "adc.elf"  ./src/testperiph.o ./src/xgpio_tapp_example.o ./src/xspi_selftest_example.o   -Wl,--start-group,-lxil,-lgcc,-lc,--end-group
'Finished building target: adc.elf'
' '
'Invoking: MicroBlaze Print Size'
mb-size adc.elf  |tee "adc.elf.size"
   text	   data	    bss	    dec	    hex	filename
  10772	    352	   3244	  14368	   3820	adc.elf
'Finished building: adc.elf.size'
' '
21:39:08 **** Incremental Build of configuration Debug for project adc ****
make all 
make: .`all רובע תושעל המ ןיא
21:39:29 **** Clean-only build of configuration Debug for project adc ****
make clean 
rm -rf  ./src/testperiph.o ./src/xgpio_tapp_example.o ./src/xspi_selftest_example.o  ./src/testperiph.d ./src/xgpio_tapp_example.d ./src/xspi_selftest_example.d  adc.elf.size  adc.elf
' '
21:39:29 **** Auto Build of configuration Debug for project adc ****
make all 
'Building file: ../src/main.c'
'Invoking: MicroBlaze gcc compiler'
mb-gcc -Wall -O0 -g3 -c -fmessage-length=0 -MT"src/main.o" -I../../adc_bsp/microblaze_0/include -mlittle-endian -mcpu=v10.0 -mxl-soft-mul -Wl,--no-relax -MMD -MP -MF"src/main.d" -MT"src/main.o" -o "src/main.o" "../src/main.c"
'Finished building: ../src/main.c'
' '
'Building file: ../src/xgpio_tapp_example.c'
'Invoking: MicroBlaze gcc compiler'
mb-gcc -Wall -O0 -g3 -c -fmessage-length=0 -MT"src/xgpio_tapp_example.o" -I../../adc_bsp/microblaze_0/include -mlittle-endian -mcpu=v10.0 -mxl-soft-mul -Wl,--no-relax -MMD -MP -MF"src/xgpio_tapp_example.d" -MT"src/xgpio_tapp_example.o" -o "src/xgpio_tapp_example.o" "../src/xgpio_tapp_example.c"
'Finished building: ../src/xgpio_tapp_example.c'
' '
'Building file: ../src/xspi_selftest_example.c'
'Invoking: MicroBlaze gcc compiler'
mb-gcc -Wall -O0 -g3 -c -fmessage-length=0 -MT"src/xspi_selftest_example.o" -I../../adc_bsp/microblaze_0/include -mlittle-endian -mcpu=v10.0 -mxl-soft-mul -Wl,--no-relax -MMD -MP -MF"src/xspi_selftest_example.d" -MT"src/xspi_selftest_example.o" -o "src/xspi_selftest_example.o" "../src/xspi_selftest_example.c"
'Finished building: ../src/xspi_selftest_example.c'
' '
'Building target: adc.elf'
'Invoking: MicroBlaze gcc linker'
mb-gcc -Wl,-T -Wl,../src/lscript.ld -L../../adc_bsp/microblaze_0/lib -mlittle-endian -mcpu=v10.0 -mxl-soft-mul -Wl,--no-relax -o "adc.elf"  ./src/main.o ./src/xgpio_tapp_example.o ./src/xspi_selftest_example.o   -Wl,--start-group,-lxil,-lgcc,-lc,--end-group
'Finished building target: adc.elf'
' '
'Invoking: MicroBlaze Print Size'
mb-size adc.elf  |tee "adc.elf.size"
   text	   data	    bss	    dec	    hex	filename
  10772	    352	   3244	  14368	   3820	adc.elf
'Finished building: adc.elf.size'
' '
21:42:54 **** Auto Build of configuration Debug for project adc ****
make all 
'Building file: ../src/main.c'
'Invoking: MicroBlaze gcc compiler'
mb-gcc -Wall -O0 -g3 -c -fmessage-length=0 -MT"src/main.o" -I../../adc_bsp/microblaze_0/include -mlittle-endian -mcpu=v10.0 -mxl-soft-mul -Wl,--no-relax -MMD -MP -MF"src/main.d" -MT"src/main.o" -o "src/main.o" "../src/main.c"
'Finished building: ../src/main.c'
' '
'Building target: adc.elf'
'Invoking: MicroBlaze gcc linker'
mb-gcc -Wl,-T -Wl,../src/lscript.ld -L../../adc_bsp/microblaze_0/lib -mlittle-endian -mcpu=v10.0 -mxl-soft-mul -Wl,--no-relax -o "adc.elf"  ./src/main.o ./src/xgpio_tapp_example.o ./src/xspi_selftest_example.o   -Wl,--start-group,-lxil,-lgcc,-lc,--end-group
'Finished building target: adc.elf'
' '
'Invoking: MicroBlaze Print Size'
mb-size adc.elf  |tee "adc.elf.size"
   text	   data	    bss	    dec	    hex	filename
  10288	    352	   3240	  13880	   3638	adc.elf
'Finished building: adc.elf.size'
' '
21:43:01 **** Auto Build of configuration Debug for project adc ****
make all 
'Building file: ../src/main.c'
'Invoking: MicroBlaze gcc compiler'
mb-gcc -Wall -O0 -g3 -c -fmessage-length=0 -MT"src/main.o" -I../../adc_bsp/microblaze_0/include -mlittle-endian -mcpu=v10.0 -mxl-soft-mul -Wl,--no-relax -MMD -MP -MF"src/main.d" -MT"src/main.o" -o "src/main.o" "../src/main.c"
'Finished building: ../src/main.c'
' '
'Building target: adc.elf'
'Invoking: MicroBlaze gcc linker'
mb-gcc -Wl,-T -Wl,../src/lscript.ld -L../../adc_bsp/microblaze_0/lib -mlittle-endian -mcpu=v10.0 -mxl-soft-mul -Wl,--no-relax -o "adc.elf"  ./src/main.o ./src/xgpio_tapp_example.o ./src/xspi_selftest_example.o   -Wl,--start-group,-lxil,-lgcc,-lc,--end-group
'Finished building target: adc.elf'
' '
'Invoking: MicroBlaze Print Size'
mb-size adc.elf  |tee "adc.elf.size"
   text	   data	    bss	    dec	    hex	filename
  10288	    352	   3240	  13880	   3638	adc.elf
'Finished building: adc.elf.size'
' '
21:43:50 **** Auto Build of configuration Debug for project adc ****
make all 
'Building file: ../src/main.c'
'Invoking: MicroBlaze gcc compiler'
mb-gcc -Wall -O0 -g3 -c -fmessage-length=0 -MT"src/main.o" -I../../adc_bsp/microblaze_0/include -mlittle-endian -mcpu=v10.0 -mxl-soft-mul -Wl,--no-relax -MMD -MP -MF"src/main.d" -MT"src/main.o" -o "src/main.o" "../src/main.c"
'Finished building: ../src/main.c'
' '
'Building target: adc.elf'
'Invoking: MicroBlaze gcc linker'
mb-gcc -Wl,-T -Wl,../src/lscript.ld -L../../adc_bsp/microblaze_0/lib -mlittle-endian -mcpu=v10.0 -mxl-soft-mul -Wl,--no-relax -o "adc.elf"  ./src/main.o ./src/xgpio_tapp_example.o ./src/xspi_selftest_example.o   -Wl,--start-group,-lxil,-lgcc,-lc,--end-group
'Finished building target: adc.elf'
' '
'Invoking: MicroBlaze Print Size'
mb-size adc.elf  |tee "adc.elf.size"
   text	   data	    bss	    dec	    hex	filename
  10296	    352	   3240	  13888	   3640	adc.elf
'Finished building: adc.elf.size'
' '
21:43:51 **** Incremental Build of configuration Debug for project adc ****
make all 
make: .`all רובע תושעל המ ןיא
21:44:11 **** Auto Build of configuration Debug for project adc ****
make all 
'Building file: ../src/main.c'
'Invoking: MicroBlaze gcc compiler'
mb-gcc -Wall -O0 -g3 -c -fmessage-length=0 -MT"src/main.o" -I../../adc_bsp/microblaze_0/include -mlittle-endian -mcpu=v10.0 -mxl-soft-mul -Wl,--no-relax -MMD -MP -MF"src/main.d" -MT"src/main.o" -o "src/main.o" "../src/main.c"
'Finished building: ../src/main.c'
' '
'Building target: adc.elf'
'Invoking: MicroBlaze gcc linker'
mb-gcc -Wl,-T -Wl,../src/lscript.ld -L../../adc_bsp/microblaze_0/lib -mlittle-endian -mcpu=v10.0 -mxl-soft-mul -Wl,--no-relax -o "adc.elf"  ./src/main.o ./src/xgpio_tapp_example.o ./src/xspi_selftest_example.o   -Wl,--start-group,-lxil,-lgcc,-lc,--end-group
'Finished building target: adc.elf'
' '
'Invoking: MicroBlaze Print Size'
mb-size adc.elf  |tee "adc.elf.size"
   text	   data	    bss	    dec	    hex	filename
  10332	    352	   3244	  13928	   3668	adc.elf
'Finished building: adc.elf.size'
' '
21:45:59 **** Auto Build of configuration Debug for project adc ****
make all 
'Building file: ../src/main.c'
'Invoking: MicroBlaze gcc compiler'
mb-gcc -Wall -O0 -g3 -c -fmessage-length=0 -MT"src/main.o" -I../../adc_bsp/microblaze_0/include -mlittle-endian -mcpu=v10.0 -mxl-soft-mul -Wl,--no-relax -MMD -MP -MF"src/main.d" -MT"src/main.o" -o "src/main.o" "../src/main.c"
../src/main.c: In function 'GPIOInit':
../src/main.c:52:33: error: 'LED_CHANNEL' undeclared (first use in this function)
    XGpio_SetDataDirection(Gpio, LED_CHANNEL, OUTPUT_CHANNEL);
                                 ^
../src/main.c:52:33: note: each undeclared identifier is reported only once for each function it appears in
../src/main.c:53:33: error: 'BTN_CHANNEL' undeclared (first use in this function)
    XGpio_SetDataDirection(Gpio, BTN_CHANNEL, INPUT_CHANNEL);
                                 ^
../src/main.c: At top level:
../src/main.c:43:14: warning: 'RGB_LED' defined but not used [-Wunused-variable]
 static XGpio RGB_LED;
              ^
../src/main.c:44:14: warning: 'ADC' defined but not used [-Wunused-variable]
 static XGpio ADC;
              ^
make: *** [src/main.o] 1 הלקת
21:46:56 **** Auto Build of configuration Debug for project adc ****
make all 
'Building file: ../src/main.c'
'Invoking: MicroBlaze gcc compiler'
mb-gcc -Wall -O0 -g3 -c -fmessage-length=0 -MT"src/main.o" -I../../adc_bsp/microblaze_0/include -mlittle-endian -mcpu=v10.0 -mxl-soft-mul -Wl,--no-relax -MMD -MP -MF"src/main.d" -MT"src/main.o" -o "src/main.o" "../src/main.c"
../src/main.c:45:14: warning: 'RGB_LED' defined but not used [-Wunused-variable]
 static XGpio RGB_LED;
              ^
../src/main.c:46:14: warning: 'ADC' defined but not used [-Wunused-variable]
 static XGpio ADC;
              ^
'Finished building: ../src/main.c'
' '
'Building target: adc.elf'
'Invoking: MicroBlaze gcc linker'
mb-gcc -Wl,-T -Wl,../src/lscript.ld -L../../adc_bsp/microblaze_0/lib -mlittle-endian -mcpu=v10.0 -mxl-soft-mul -Wl,--no-relax -o "adc.elf"  ./src/main.o ./src/xgpio_tapp_example.o ./src/xspi_selftest_example.o   -Wl,--start-group,-lxil,-lgcc,-lc,--end-group
'Finished building target: adc.elf'
' '
'Invoking: MicroBlaze Print Size'
mb-size adc.elf  |tee "adc.elf.size"
   text	   data	    bss	    dec	    hex	filename
  10452	    352	   3276	  14080	   3700	adc.elf
'Finished building: adc.elf.size'
' '
21:47:05 **** Auto Build of configuration Debug for project adc ****
make all 
'Building file: ../src/main.c'
'Invoking: MicroBlaze gcc compiler'
mb-gcc -Wall -O0 -g3 -c -fmessage-length=0 -MT"src/main.o" -I../../adc_bsp/microblaze_0/include -mlittle-endian -mcpu=v10.0 -mxl-soft-mul -Wl,--no-relax -MMD -MP -MF"src/main.d" -MT"src/main.o" -o "src/main.o" "../src/main.c"
../src/main.c:45:14: warning: 'RGB_LED' defined but not used [-Wunused-variable]
 static XGpio RGB_LED;
              ^
../src/main.c:46:14: warning: 'ADC' defined but not used [-Wunused-variable]
 static XGpio ADC;
              ^
'Finished building: ../src/main.c'
' '
'Building target: adc.elf'
'Invoking: MicroBlaze gcc linker'
mb-gcc -Wl,-T -Wl,../src/lscript.ld -L../../adc_bsp/microblaze_0/lib -mlittle-endian -mcpu=v10.0 -mxl-soft-mul -Wl,--no-relax -o "adc.elf"  ./src/main.o ./src/xgpio_tapp_example.o ./src/xspi_selftest_example.o   -Wl,--start-group,-lxil,-lgcc,-lc,--end-group
'Finished building target: adc.elf'
' '
'Invoking: MicroBlaze Print Size'
mb-size adc.elf  |tee "adc.elf.size"
   text	   data	    bss	    dec	    hex	filename
  10452	    352	   3276	  14080	   3700	adc.elf
'Finished building: adc.elf.size'
' '
21:47:20 **** Auto Build of configuration Debug for project adc ****
make all 
'Building file: ../src/main.c'
'Invoking: MicroBlaze gcc compiler'
mb-gcc -Wall -O0 -g3 -c -fmessage-length=0 -MT"src/main.o" -I../../adc_bsp/microblaze_0/include -mlittle-endian -mcpu=v10.0 -mxl-soft-mul -Wl,--no-relax -MMD -MP -MF"src/main.d" -MT"src/main.o" -o "src/main.o" "../src/main.c"
../src/main.c:45:14: warning: 'RGB_LED' defined but not used [-Wunused-variable]
 static XGpio RGB_LED;
              ^
../src/main.c:46:14: warning: 'ADC' defined but not used [-Wunused-variable]
 static XGpio ADC;
              ^
'Finished building: ../src/main.c'
' '
'Building target: adc.elf'
'Invoking: MicroBlaze gcc linker'
mb-gcc -Wl,-T -Wl,../src/lscript.ld -L../../adc_bsp/microblaze_0/lib -mlittle-endian -mcpu=v10.0 -mxl-soft-mul -Wl,--no-relax -o "adc.elf"  ./src/main.o ./src/xgpio_tapp_example.o ./src/xspi_selftest_example.o   -Wl,--start-group,-lxil,-lgcc,-lc,--end-group
'Finished building target: adc.elf'
' '
'Invoking: MicroBlaze Print Size'
mb-size adc.elf  |tee "adc.elf.size"
   text	   data	    bss	    dec	    hex	filename
  10452	    352	   3276	  14080	   3700	adc.elf
'Finished building: adc.elf.size'
' '
21:47:22 **** Incremental Build of configuration Debug for project adc ****
make all 
make: .`all רובע תושעל המ ןיא
21:48:35 **** Auto Build of configuration Debug for project adc ****
make all 
'Building file: ../src/main.c'
'Invoking: MicroBlaze gcc compiler'
mb-gcc -Wall -O0 -g3 -c -fmessage-length=0 -MT"src/main.o" -I../../adc_bsp/microblaze_0/include -mlittle-endian -mcpu=v10.0 -mxl-soft-mul -Wl,--no-relax -MMD -MP -MF"src/main.d" -MT"src/main.o" -o "src/main.o" "../src/main.c"
../src/main.c: In function 'main':
../src/main.c:86:36: error: 'Gpio_Id' undeclared (first use in this function)
    int gpiotest=GPIOInit(&RGB_LED, Gpio_Id);
                                    ^
../src/main.c:86:36: note: each undeclared identifier is reported only once for each function it appears in
../src/main.c:86:8: warning: unused variable 'gpiotest' [-Wunused-variable]
    int gpiotest=GPIOInit(&RGB_LED, Gpio_Id);
        ^
../src/main.c: At top level:
../src/main.c:48:14: warning: 'ADC' defined but not used [-Wunused-variable]
 static XGpio ADC;
              ^
make: *** [src/main.o] 1 הלקת
21:48:43 **** Auto Build of configuration Debug for project adc ****
make all 
'Building file: ../src/main.c'
'Invoking: MicroBlaze gcc compiler'
mb-gcc -Wall -O0 -g3 -c -fmessage-length=0 -MT"src/main.o" -I../../adc_bsp/microblaze_0/include -mlittle-endian -mcpu=v10.0 -mxl-soft-mul -Wl,--no-relax -MMD -MP -MF"src/main.d" -MT"src/main.o" -o "src/main.o" "../src/main.c"
../src/main.c: In function 'main':
../src/main.c:86:8: warning: unused variable 'gpiotest' [-Wunused-variable]
    int gpiotest=GPIOInit(&RGB_LED, RGB_Id);
        ^
../src/main.c: At top level:
../src/main.c:48:14: warning: 'ADC' defined but not used [-Wunused-variable]
 static XGpio ADC;
              ^
'Finished building: ../src/main.c'
' '
'Building target: adc.elf'
'Invoking: MicroBlaze gcc linker'
mb-gcc -Wl,-T -Wl,../src/lscript.ld -L../../adc_bsp/microblaze_0/lib -mlittle-endian -mcpu=v10.0 -mxl-soft-mul -Wl,--no-relax -o "adc.elf"  ./src/main.o ./src/xgpio_tapp_example.o ./src/xspi_selftest_example.o   -Wl,--start-group,-lxil,-lgcc,-lc,--end-group
'Finished building target: adc.elf'
' '
'Invoking: MicroBlaze Print Size'
mb-size adc.elf  |tee "adc.elf.size"
   text	   data	    bss	    dec	    hex	filename
  10476	    352	   3276	  14104	   3718	adc.elf
'Finished building: adc.elf.size'
' '
21:48:46 **** Incremental Build of configuration Debug for project adc ****
make all 
make: .`all רובע תושעל המ ןיא
21:49:21 **** Auto Build of configuration Debug for project adc ****
make all 
'Building file: ../src/main.c'
'Invoking: MicroBlaze gcc compiler'
mb-gcc -Wall -O0 -g3 -c -fmessage-length=0 -MT"src/main.o" -I../../adc_bsp/microblaze_0/include -mlittle-endian -mcpu=v10.0 -mxl-soft-mul -Wl,--no-relax -MMD -MP -MF"src/main.d" -MT"src/main.o" -o "src/main.o" "../src/main.c"
../src/main.c: In function 'main':
../src/main.c:86:8: warning: unused variable 'gpiotest' [-Wunused-variable]
    int gpiotest=GPIOInit(&RGB_LED, RGB_Id);
        ^
../src/main.c: At top level:
../src/main.c:48:14: warning: 'ADC' defined but not used [-Wunused-variable]
 static XGpio ADC;
              ^
'Finished building: ../src/main.c'
' '
'Building target: adc.elf'
'Invoking: MicroBlaze gcc linker'
mb-gcc -Wl,-T -Wl,../src/lscript.ld -L../../adc_bsp/microblaze_0/lib -mlittle-endian -mcpu=v10.0 -mxl-soft-mul -Wl,--no-relax -o "adc.elf"  ./src/main.o ./src/xgpio_tapp_example.o ./src/xspi_selftest_example.o   -Wl,--start-group,-lxil,-lgcc,-lc,--end-group
'Finished building target: adc.elf'
' '
'Invoking: MicroBlaze Print Size'
mb-size adc.elf  |tee "adc.elf.size"
   text	   data	    bss	    dec	    hex	filename
  10468	    352	   3276	  14096	   3710	adc.elf
'Finished building: adc.elf.size'
' '
21:51:38 **** Auto Build of configuration Debug for project adc ****
make all 
'Building file: ../src/main.c'
'Invoking: MicroBlaze gcc compiler'
mb-gcc -Wall -O0 -g3 -c -fmessage-length=0 -MT"src/main.o" -I../../adc_bsp/microblaze_0/include -mlittle-endian -mcpu=v10.0 -mxl-soft-mul -Wl,--no-relax -MMD -MP -MF"src/main.d" -MT"src/main.o" -o "src/main.o" "../src/main.c"
../src/main.c: In function 'main':
../src/main.c:88:37: error: 'spitestm' undeclared (first use in this function)
     if ( gpiotest == XST_SUCCESS && spitestm == XST_SUCCESS && adctest == XST_SUCCESS) {
                                     ^
../src/main.c:88:37: note: each undeclared identifier is reported only once for each function it appears in
../src/main.c:88:64: error: 'adctest' undeclared (first use in this function)
     if ( gpiotest == XST_SUCCESS && spitestm == XST_SUCCESS && adctest == XST_SUCCESS) {
                                                                ^
../src/main.c:97:1: error: expected declaration or statement at end of input
 }
 ^
../src/main.c: At top level:
../src/main.c:48:14: warning: 'ADC' defined but not used [-Wunused-variable]
 static XGpio ADC;
              ^
make: *** [src/main.o] 1 הלקת
21:51:44 **** Auto Build of configuration Debug for project adc ****
make all 
'Building file: ../src/main.c'
'Invoking: MicroBlaze gcc compiler'
mb-gcc -Wall -O0 -g3 -c -fmessage-length=0 -MT"src/main.o" -I../../adc_bsp/microblaze_0/include -mlittle-endian -mcpu=v10.0 -mxl-soft-mul -Wl,--no-relax -MMD -MP -MF"src/main.d" -MT"src/main.o" -o "src/main.o" "../src/main.c"
../src/main.c: In function 'main':
../src/main.c:88:37: error: 'adctest' undeclared (first use in this function)
     if ( gpiotest == XST_SUCCESS && adctest == XST_SUCCESS) {
                                     ^
../src/main.c:88:37: note: each undeclared identifier is reported only once for each function it appears in
../src/main.c:97:1: error: expected declaration or statement at end of input
 }
 ^
../src/main.c: At top level:
../src/main.c:48:14: warning: 'ADC' defined but not used [-Wunused-variable]
 static XGpio ADC;
              ^
make: *** [src/main.o] 1 הלקת
21:52:06 **** Auto Build of configuration Debug for project adc ****
make all 
'Building file: ../src/main.c'
'Invoking: MicroBlaze gcc compiler'
mb-gcc -Wall -O0 -g3 -c -fmessage-length=0 -MT"src/main.o" -I../../adc_bsp/microblaze_0/include -mlittle-endian -mcpu=v10.0 -mxl-soft-mul -Wl,--no-relax -MMD -MP -MF"src/main.d" -MT"src/main.o" -o "src/main.o" "../src/main.c"
../src/main.c: In function 'main':
../src/main.c:97:1: error: expected declaration or statement at end of input
 }
 ^
../src/main.c: At top level:
../src/main.c:48:14: warning: 'ADC' defined but not used [-Wunused-variable]
 static XGpio ADC;
              ^
make: *** [src/main.o] 1 הלקת
21:52:19 **** Auto Build of configuration Debug for project adc ****
make all 
'Building file: ../src/main.c'
'Invoking: MicroBlaze gcc compiler'
mb-gcc -Wall -O0 -g3 -c -fmessage-length=0 -MT"src/main.o" -I../../adc_bsp/microblaze_0/include -mlittle-endian -mcpu=v10.0 -mxl-soft-mul -Wl,--no-relax -MMD -MP -MF"src/main.d" -MT"src/main.o" -o "src/main.o" "../src/main.c"
../src/main.c:48:14: warning: 'ADC' defined but not used [-Wunused-variable]
 static XGpio ADC;
              ^
'Finished building: ../src/main.c'
' '
'Building target: adc.elf'
'Invoking: MicroBlaze gcc linker'
mb-gcc -Wl,-T -Wl,../src/lscript.ld -L../../adc_bsp/microblaze_0/lib -mlittle-endian -mcpu=v10.0 -mxl-soft-mul -Wl,--no-relax -o "adc.elf"  ./src/main.o ./src/xgpio_tapp_example.o ./src/xspi_selftest_example.o   -Wl,--start-group,-lxil,-lgcc,-lc,--end-group
'Finished building target: adc.elf'
' '
'Invoking: MicroBlaze Print Size'
mb-size adc.elf  |tee "adc.elf.size"
   text	   data	    bss	    dec	    hex	filename
  35540	   1392	   3348	  40280	   9d58	adc.elf
'Finished building: adc.elf.size'
' '
21:52:21 **** Incremental Build of configuration Debug for project adc ****
make all 
make: .`all רובע תושעל המ ןיא
21:52:52 **** Auto Build of configuration Debug for project adc ****
make all 
'Building file: ../src/main.c'
'Invoking: MicroBlaze gcc compiler'
mb-gcc -Wall -O0 -g3 -c -fmessage-length=0 -MT"src/main.o" -I../../adc_bsp/microblaze_0/include -mlittle-endian -mcpu=v10.0 -mxl-soft-mul -Wl,--no-relax -MMD -MP -MF"src/main.d" -MT"src/main.o" -o "src/main.o" "../src/main.c"
../src/main.c:48:14: warning: 'ADC' defined but not used [-Wunused-variable]
 static XGpio ADC;
              ^
'Finished building: ../src/main.c'
' '
'Building target: adc.elf'
'Invoking: MicroBlaze gcc linker'
mb-gcc -Wl,-T -Wl,../src/lscript.ld -L../../adc_bsp/microblaze_0/lib -mlittle-endian -mcpu=v10.0 -mxl-soft-mul -Wl,--no-relax -o "adc.elf"  ./src/main.o ./src/xgpio_tapp_example.o ./src/xspi_selftest_example.o   -Wl,--start-group,-lxil,-lgcc,-lc,--end-group
'Finished building target: adc.elf'
' '
'Invoking: MicroBlaze Print Size'
mb-size adc.elf  |tee "adc.elf.size"
   text	   data	    bss	    dec	    hex	filename
  35568	   1392	   3344	  40304	   9d70	adc.elf
'Finished building: adc.elf.size'
' '
21:52:54 **** Incremental Build of configuration Debug for project adc ****
make all 
make: .`all רובע תושעל המ ןיא
21:53:11 **** Clean-only build of configuration Debug for project adc ****
make clean 
rm -rf  ./src/main.o ./src/xgpio_tapp_example.o ./src/xspi_selftest_example.o  ./src/main.d ./src/xgpio_tapp_example.d ./src/xspi_selftest_example.d  adc.elf.size  adc.elf
' '
21:53:11 **** Clean-only build of project adc_bsp ****
make -k clean 
rm -f microblaze_0/lib/libxil.a
21:53:11 **** Build of project adc_bsp ****
make -k all 
"Running Make include in microblaze_0/libsrc/bram_v4_1/src"
make -C microblaze_0/libsrc/bram_v4_1/src -s include  "SHELL=CMD" "COMPILER=mb-gcc" "ARCHIVER=mb-ar" "COMPILER_FLAGS= -O2 -c -mcpu=v10.0 -mlittle-endian -mxl-soft-mul" "EXTRA_COMPILER_FLAGS=-g"
"Running Make include in microblaze_0/libsrc/cpu_v2_5/src"
make -C microblaze_0/libsrc/cpu_v2_5/src -s include  "SHELL=CMD" "COMPILER=mb-gcc" "ARCHIVER=mb-ar" "COMPILER_FLAGS= -O2 -c -mcpu=v10.0 -mlittle-endian -mxl-soft-mul" "EXTRA_COMPILER_FLAGS=-g"
"Running Make include in microblaze_0/libsrc/gpio_v4_2/src"
make -C microblaze_0/libsrc/gpio_v4_2/src -s include  "SHELL=CMD" "COMPILER=mb-gcc" "ARCHIVER=mb-ar" "COMPILER_FLAGS= -O2 -c -mcpu=v10.0 -mlittle-endian -mxl-soft-mul" "EXTRA_COMPILER_FLAGS=-g"
"Running Make include in microblaze_0/libsrc/spi_v4_2/src"
make -C microblaze_0/libsrc/spi_v4_2/src -s include  "SHELL=CMD" "COMPILER=mb-gcc" "ARCHIVER=mb-ar" "COMPILER_FLAGS= -O2 -c -mcpu=v10.0 -mlittle-endian -mxl-soft-mul" "EXTRA_COMPILER_FLAGS=-g"
"Running Make include in microblaze_0/libsrc/standalone_v6_0/src"
make -C microblaze_0/libsrc/standalone_v6_0/src -s include  "SHELL=CMD" "COMPILER=mb-gcc" "ARCHIVER=mb-ar" "COMPILER_FLAGS= -O2 -c -mcpu=v10.0 -mlittle-endian -mxl-soft-mul" "EXTRA_COMPILER_FLAGS=-g"
"Running Make include in microblaze_0/libsrc/uartlite_v3_2/src"
make -C microblaze_0/libsrc/uartlite_v3_2/src -s include  "SHELL=CMD" "COMPILER=mb-gcc" "ARCHIVER=mb-ar" "COMPILER_FLAGS= -O2 -c -mcpu=v10.0 -mlittle-endian -mxl-soft-mul" "EXTRA_COMPILER_FLAGS=-g"
"Running Make libs in microblaze_0/libsrc/bram_v4_1/src"
make -C microblaze_0/libsrc/bram_v4_1/src -s libs  "SHELL=CMD" "COMPILER=mb-gcc" "ARCHIVER=mb-ar" "COMPILER_FLAGS= -O2 -c -mcpu=v10.0 -mlittle-endian -mxl-soft-mul" "EXTRA_COMPILER_FLAGS=-g"
"Compiling bram"
mb-ar: creating ../../../lib/libxil.a
"Running Make libs in microblaze_0/libsrc/cpu_v2_5/src"
make -C microblaze_0/libsrc/cpu_v2_5/src -s libs  "SHELL=CMD" "COMPILER=mb-gcc" "ARCHIVER=mb-ar" "COMPILER_FLAGS= -O2 -c -mcpu=v10.0 -mlittle-endian -mxl-soft-mul" "EXTRA_COMPILER_FLAGS=-g"
"Compiling cpu"
"Running Make libs in microblaze_0/libsrc/gpio_v4_2/src"
make -C microblaze_0/libsrc/gpio_v4_2/src -s libs  "SHELL=CMD" "COMPILER=mb-gcc" "ARCHIVER=mb-ar" "COMPILER_FLAGS= -O2 -c -mcpu=v10.0 -mlittle-endian -mxl-soft-mul" "EXTRA_COMPILER_FLAGS=-g"
"Compiling gpio"
"Running Make libs in microblaze_0/libsrc/spi_v4_2/src"
make -C microblaze_0/libsrc/spi_v4_2/src -s libs  "SHELL=CMD" "COMPILER=mb-gcc" "ARCHIVER=mb-ar" "COMPILER_FLAGS= -O2 -c -mcpu=v10.0 -mlittle-endian -mxl-soft-mul" "EXTRA_COMPILER_FLAGS=-g"
"Compiling spi"
"Running Make libs in microblaze_0/libsrc/standalone_v6_0/src"
make -C microblaze_0/libsrc/standalone_v6_0/src -s libs  "SHELL=CMD" "COMPILER=mb-gcc" "ARCHIVER=mb-ar" "COMPILER_FLAGS= -O2 -c -mcpu=v10.0 -mlittle-endian -mxl-soft-mul" "EXTRA_COMPILER_FLAGS=-g"
"Compiling standalone";
"Running Make libs in microblaze_0/libsrc/uartlite_v3_2/src"
make -C microblaze_0/libsrc/uartlite_v3_2/src -s libs  "SHELL=CMD" "COMPILER=mb-gcc" "ARCHIVER=mb-ar" "COMPILER_FLAGS= -O2 -c -mcpu=v10.0 -mlittle-endian -mxl-soft-mul" "EXTRA_COMPILER_FLAGS=-g"
"Compiling uartlite"
'Finished building libraries'
21:53:14 **** Build of configuration Debug for project adc ****
make all 
'Building file: ../src/main.c'
'Invoking: MicroBlaze gcc compiler'
mb-gcc -Wall -O0 -g3 -c -fmessage-length=0 -MT"src/main.o" -I../../adc_bsp/microblaze_0/include -mlittle-endian -mcpu=v10.0 -mxl-soft-mul -Wl,--no-relax -MMD -MP -MF"src/main.d" -MT"src/main.o" -o "src/main.o" "../src/main.c"
../src/main.c:48:14: warning: 'ADC' defined but not used [-Wunused-variable]
 static XGpio ADC;
              ^
'Finished building: ../src/main.c'
' '
'Building file: ../src/xgpio_tapp_example.c'
'Invoking: MicroBlaze gcc compiler'
mb-gcc -Wall -O0 -g3 -c -fmessage-length=0 -MT"src/xgpio_tapp_example.o" -I../../adc_bsp/microblaze_0/include -mlittle-endian -mcpu=v10.0 -mxl-soft-mul -Wl,--no-relax -MMD -MP -MF"src/xgpio_tapp_example.d" -MT"src/xgpio_tapp_example.o" -o "src/xgpio_tapp_example.o" "../src/xgpio_tapp_example.c"
'Finished building: ../src/xgpio_tapp_example.c'
' '
'Building file: ../src/xspi_selftest_example.c'
'Invoking: MicroBlaze gcc compiler'
mb-gcc -Wall -O0 -g3 -c -fmessage-length=0 -MT"src/xspi_selftest_example.o" -I../../adc_bsp/microblaze_0/include -mlittle-endian -mcpu=v10.0 -mxl-soft-mul -Wl,--no-relax -MMD -MP -MF"src/xspi_selftest_example.d" -MT"src/xspi_selftest_example.o" -o "src/xspi_selftest_example.o" "../src/xspi_selftest_example.c"
'Finished building: ../src/xspi_selftest_example.c'
' '
'Building target: adc.elf'
'Invoking: MicroBlaze gcc linker'
mb-gcc -Wl,-T -Wl,../src/lscript.ld -L../../adc_bsp/microblaze_0/lib -mlittle-endian -mcpu=v10.0 -mxl-soft-mul -Wl,--no-relax -o "adc.elf"  ./src/main.o ./src/xgpio_tapp_example.o ./src/xspi_selftest_example.o   -Wl,--start-group,-lxil,-lgcc,-lc,--end-group
'Finished building target: adc.elf'
' '
'Invoking: MicroBlaze Print Size'
mb-size adc.elf  |tee "adc.elf.size"
   text	   data	    bss	    dec	    hex	filename
  35568	   1392	   3344	  40304	   9d70	adc.elf
'Finished building: adc.elf.size'
' '
21:53:59 **** Auto Build of configuration Debug for project adc ****
make all 
'Building file: ../src/main.c'
'Invoking: MicroBlaze gcc compiler'
mb-gcc -Wall -O0 -g3 -c -fmessage-length=0 -MT"src/main.o" -I../../adc_bsp/microblaze_0/include -mlittle-endian -mcpu=v10.0 -mxl-soft-mul -Wl,--no-relax -MMD -MP -MF"src/main.d" -MT"src/main.o" -o "src/main.o" "../src/main.c"
../src/main.c:48:14: warning: 'ADC' defined but not used [-Wunused-variable]
 static XGpio ADC;
              ^
'Finished building: ../src/main.c'
' '
'Building target: adc.elf'
'Invoking: MicroBlaze gcc linker'
mb-gcc -Wl,-T -Wl,../src/lscript.ld -L../../adc_bsp/microblaze_0/lib -mlittle-endian -mcpu=v10.0 -mxl-soft-mul -Wl,--no-relax -o "adc.elf"  ./src/main.o ./src/xgpio_tapp_example.o ./src/xspi_selftest_example.o   -Wl,--start-group,-lxil,-lgcc,-lc,--end-group
'Finished building target: adc.elf'
' '
'Invoking: MicroBlaze Print Size'
mb-size adc.elf  |tee "adc.elf.size"
   text	   data	    bss	    dec	    hex	filename
  35568	   1392	   3344	  40304	   9d70	adc.elf
'Finished building: adc.elf.size'
' '
21:54:03 **** Auto Build of configuration Debug for project adc ****
make all 
'Building file: ../src/main.c'
'Invoking: MicroBlaze gcc compiler'
mb-gcc -Wall -O0 -g3 -c -fmessage-length=0 -MT"src/main.o" -I../../adc_bsp/microblaze_0/include -mlittle-endian -mcpu=v10.0 -mxl-soft-mul -Wl,--no-relax -MMD -MP -MF"src/main.d" -MT"src/main.o" -o "src/main.o" "../src/main.c"
../src/main.c:48:14: warning: 'ADC' defined but not used [-Wunused-variable]
 static XGpio ADC;
              ^
'Finished building: ../src/main.c'
' '
'Building target: adc.elf'
'Invoking: MicroBlaze gcc linker'
mb-gcc -Wl,-T -Wl,../src/lscript.ld -L../../adc_bsp/microblaze_0/lib -mlittle-endian -mcpu=v10.0 -mxl-soft-mul -Wl,--no-relax -o "adc.elf"  ./src/main.o ./src/xgpio_tapp_example.o ./src/xspi_selftest_example.o   -Wl,--start-group,-lxil,-lgcc,-lc,--end-group
'Finished building target: adc.elf'
' '
'Invoking: MicroBlaze Print Size'
mb-size adc.elf  |tee "adc.elf.size"
   text	   data	    bss	    dec	    hex	filename
  35568	   1392	   3344	  40304	   9d70	adc.elf
'Finished building: adc.elf.size'
' '
21:54:05 **** Incremental Build of configuration Debug for project adc ****
make all 
make: .`all רובע תושעל המ ןיא
21:54:21 **** Auto Build of configuration Debug for project adc ****
make all 
'Building file: ../src/main.c'
'Invoking: MicroBlaze gcc compiler'
mb-gcc -Wall -O0 -g3 -c -fmessage-length=0 -MT"src/main.o" -I../../adc_bsp/microblaze_0/include -mlittle-endian -mcpu=v10.0 -mxl-soft-mul -Wl,--no-relax -MMD -MP -MF"src/main.d" -MT"src/main.o" -o "src/main.o" "../src/main.c"
../src/main.c:48:14: warning: 'ADC' defined but not used [-Wunused-variable]
 static XGpio ADC;
              ^
'Finished building: ../src/main.c'
' '
'Building target: adc.elf'
'Invoking: MicroBlaze gcc linker'
mb-gcc -Wl,-T -Wl,../src/lscript.ld -L../../adc_bsp/microblaze_0/lib -mlittle-endian -mcpu=v10.0 -mxl-soft-mul -Wl,--no-relax -o "adc.elf"  ./src/main.o ./src/xgpio_tapp_example.o ./src/xspi_selftest_example.o   -Wl,--start-group,-lxil,-lgcc,-lc,--end-group
'Finished building target: adc.elf'
' '
'Invoking: MicroBlaze Print Size'
mb-size adc.elf  |tee "adc.elf.size"
   text	   data	    bss	    dec	    hex	filename
  35596	   1392	   3348	  40336	   9d90	adc.elf
'Finished building: adc.elf.size'
' '
21:54:23 **** Incremental Build of configuration Debug for project adc ****
make all 
make: .`all רובע תושעל המ ןיא
21:55:05 **** Incremental Build of configuration Debug for project adc ****
make all 
'Building file: ../src/main.c'
'Invoking: MicroBlaze gcc compiler'
mb-gcc -Wall -O0 -g3 -c -fmessage-length=0 -MT"src/main.o" -I../../adc_bsp/microblaze_0/include -mlittle-endian -mcpu=v10.0 -mxl-soft-mul -Wl,--no-relax -MMD -MP -MF"src/main.d" -MT"src/main.o" -o "src/main.o" "../src/main.c"
../src/main.c:48:14: warning: 'ADC' defined but not used [-Wunused-variable]
 static XGpio ADC;
              ^
'Finished building: ../src/main.c'
' '
'Building target: adc.elf'
'Invoking: MicroBlaze gcc linker'
mb-gcc -Wl,-T -Wl,../src/lscript.ld -L../../adc_bsp/microblaze_0/lib -mlittle-endian -mcpu=v10.0 -mxl-soft-mul -Wl,--no-relax -o "adc.elf"  ./src/main.o ./src/xgpio_tapp_example.o ./src/xspi_selftest_example.o   -Wl,--start-group,-lxil,-lgcc,-lc,--end-group
'Finished building target: adc.elf'
' '
'Invoking: MicroBlaze Print Size'
mb-size adc.elf  |tee "adc.elf.size"
   text	   data	    bss	    dec	    hex	filename
  35656	   1392	   3344	  40392	   9dc8	adc.elf
'Finished building: adc.elf.size'
' '
21:55:31 **** Auto Build of configuration Debug for project adc ****
make all 
'Building file: ../src/main.c'
'Invoking: MicroBlaze gcc compiler'
mb-gcc -Wall -O0 -g3 -c -fmessage-length=0 -MT"src/main.o" -I../../adc_bsp/microblaze_0/include -mlittle-endian -mcpu=v10.0 -mxl-soft-mul -Wl,--no-relax -MMD -MP -MF"src/main.d" -MT"src/main.o" -o "src/main.o" "../src/main.c"
../src/main.c:48:14: warning: 'ADC' defined but not used [-Wunused-variable]
 static XGpio ADC;
              ^
'Finished building: ../src/main.c'
' '
'Building target: adc.elf'
'Invoking: MicroBlaze gcc linker'
mb-gcc -Wl,-T -Wl,../src/lscript.ld -L../../adc_bsp/microblaze_0/lib -mlittle-endian -mcpu=v10.0 -mxl-soft-mul -Wl,--no-relax -o "adc.elf"  ./src/main.o ./src/xgpio_tapp_example.o ./src/xspi_selftest_example.o   -Wl,--start-group,-lxil,-lgcc,-lc,--end-group
'Finished building target: adc.elf'
' '
'Invoking: MicroBlaze Print Size'
mb-size adc.elf  |tee "adc.elf.size"
   text	   data	    bss	    dec	    hex	filename
  35596	   1392	   3348	  40336	   9d90	adc.elf
'Finished building: adc.elf.size'
' '
21:55:37 **** Incremental Build of configuration Debug for project adc ****
make all 
make: .`all רובע תושעל המ ןיא
21:55:53 **** Auto Build of configuration Debug for project adc ****
make all 
'Building file: ../src/main.c'
'Invoking: MicroBlaze gcc compiler'
mb-gcc -Wall -O0 -g3 -c -fmessage-length=0 -MT"src/main.o" -I../../adc_bsp/microblaze_0/include -mlittle-endian -mcpu=v10.0 -mxl-soft-mul -Wl,--no-relax -MMD -MP -MF"src/main.d" -MT"src/main.o" -o "src/main.o" "../src/main.c"
../src/main.c:48:14: warning: 'ADC' defined but not used [-Wunused-variable]
 static XGpio ADC;
              ^
'Finished building: ../src/main.c'
' '
'Building target: adc.elf'
'Invoking: MicroBlaze gcc linker'
mb-gcc -Wl,-T -Wl,../src/lscript.ld -L../../adc_bsp/microblaze_0/lib -mlittle-endian -mcpu=v10.0 -mxl-soft-mul -Wl,--no-relax -o "adc.elf"  ./src/main.o ./src/xgpio_tapp_example.o ./src/xspi_selftest_example.o   -Wl,--start-group,-lxil,-lgcc,-lc,--end-group
'Finished building target: adc.elf'
' '
'Invoking: MicroBlaze Print Size'
mb-size adc.elf  |tee "adc.elf.size"
   text	   data	    bss	    dec	    hex	filename
  35572	   1392	   3348	  40312	   9d78	adc.elf
'Finished building: adc.elf.size'
' '
21:55:55 **** Incremental Build of configuration Debug for project adc ****
make all 
make: .`all רובע תושעל המ ןיא
21:57:04 **** Auto Build of configuration Debug for project adc ****
make all 
'Building file: ../src/main.c'
'Invoking: MicroBlaze gcc compiler'
mb-gcc -Wall -O0 -g3 -c -fmessage-length=0 -MT"src/main.o" -I../../adc_bsp/microblaze_0/include -mlittle-endian -mcpu=v10.0 -mxl-soft-mul -Wl,--no-relax -MMD -MP -MF"src/main.d" -MT"src/main.o" -o "src/main.o" "../src/main.c"
../src/main.c:50:14: warning: 'ADC' defined but not used [-Wunused-variable]
 static XGpio ADC;
              ^
'Finished building: ../src/main.c'
' '
'Building target: adc.elf'
'Invoking: MicroBlaze gcc linker'
mb-gcc -Wl,-T -Wl,../src/lscript.ld -L../../adc_bsp/microblaze_0/lib -mlittle-endian -mcpu=v10.0 -mxl-soft-mul -Wl,--no-relax -o "adc.elf"  ./src/main.o ./src/xgpio_tapp_example.o ./src/xspi_selftest_example.o   -Wl,--start-group,-lxil,-lgcc,-lc,--end-group
'Finished building target: adc.elf'
' '
'Invoking: MicroBlaze Print Size'
mb-size adc.elf  |tee "adc.elf.size"
   text	   data	    bss	    dec	    hex	filename
  35732	   1392	   3348	  40472	   9e18	adc.elf
'Finished building: adc.elf.size'
' '
21:57:35 **** Auto Build of configuration Debug for project adc ****
make all 
'Building file: ../src/main.c'
'Invoking: MicroBlaze gcc compiler'
mb-gcc -Wall -O0 -g3 -c -fmessage-length=0 -MT"src/main.o" -I../../adc_bsp/microblaze_0/include -mlittle-endian -mcpu=v10.0 -mxl-soft-mul -Wl,--no-relax -MMD -MP -MF"src/main.d" -MT"src/main.o" -o "src/main.o" "../src/main.c"
../src/main.c:50:14: warning: 'ADC' defined but not used [-Wunused-variable]
 static XGpio ADC;
              ^
'Finished building: ../src/main.c'
' '
'Building target: adc.elf'
'Invoking: MicroBlaze gcc linker'
mb-gcc -Wl,-T -Wl,../src/lscript.ld -L../../adc_bsp/microblaze_0/lib -mlittle-endian -mcpu=v10.0 -mxl-soft-mul -Wl,--no-relax -o "adc.elf"  ./src/main.o ./src/xgpio_tapp_example.o ./src/xspi_selftest_example.o   -Wl,--start-group,-lxil,-lgcc,-lc,--end-group
'Finished building target: adc.elf'
' '
'Invoking: MicroBlaze Print Size'
mb-size adc.elf  |tee "adc.elf.size"
   text	   data	    bss	    dec	    hex	filename
  35732	   1392	   3348	  40472	   9e18	adc.elf
'Finished building: adc.elf.size'
' '
21:57:39 **** Auto Build of configuration Debug for project adc ****
make all 
'Building file: ../src/main.c'
'Invoking: MicroBlaze gcc compiler'
mb-gcc -Wall -O0 -g3 -c -fmessage-length=0 -MT"src/main.o" -I../../adc_bsp/microblaze_0/include -mlittle-endian -mcpu=v10.0 -mxl-soft-mul -Wl,--no-relax -MMD -MP -MF"src/main.d" -MT"src/main.o" -o "src/main.o" "../src/main.c"
../src/main.c:50:14: warning: 'ADC' defined but not used [-Wunused-variable]
 static XGpio ADC;
              ^
'Finished building: ../src/main.c'
' '
'Building target: adc.elf'
'Invoking: MicroBlaze gcc linker'
mb-gcc -Wl,-T -Wl,../src/lscript.ld -L../../adc_bsp/microblaze_0/lib -mlittle-endian -mcpu=v10.0 -mxl-soft-mul -Wl,--no-relax -o "adc.elf"  ./src/main.o ./src/xgpio_tapp_example.o ./src/xspi_selftest_example.o   -Wl,--start-group,-lxil,-lgcc,-lc,--end-group
'Finished building target: adc.elf'
' '
'Invoking: MicroBlaze Print Size'
mb-size adc.elf  |tee "adc.elf.size"
   text	   data	    bss	    dec	    hex	filename
  35732	   1392	   3348	  40472	   9e18	adc.elf
'Finished building: adc.elf.size'
' '
21:57:41 **** Incremental Build of configuration Debug for project adc ****
make all 
make: .`all רובע תושעל המ ןיא
21:58:17 **** Auto Build of configuration Debug for project adc ****
make all 
'Building file: ../src/main.c'
'Invoking: MicroBlaze gcc compiler'
mb-gcc -Wall -O0 -g3 -c -fmessage-length=0 -MT"src/main.o" -I../../adc_bsp/microblaze_0/include -mlittle-endian -mcpu=v10.0 -mxl-soft-mul -Wl,--no-relax -MMD -MP -MF"src/main.d" -MT"src/main.o" -o "src/main.o" "../src/main.c"
../src/main.c:50:14: warning: 'ADC' defined but not used [-Wunused-variable]
 static XGpio ADC;
              ^
'Finished building: ../src/main.c'
' '
'Building target: adc.elf'
'Invoking: MicroBlaze gcc linker'
mb-gcc -Wl,-T -Wl,../src/lscript.ld -L../../adc_bsp/microblaze_0/lib -mlittle-endian -mcpu=v10.0 -mxl-soft-mul -Wl,--no-relax -o "adc.elf"  ./src/main.o ./src/xgpio_tapp_example.o ./src/xspi_selftest_example.o   -Wl,--start-group,-lxil,-lgcc,-lc,--end-group
'Finished building target: adc.elf'
' '
'Invoking: MicroBlaze Print Size'
mb-size adc.elf  |tee "adc.elf.size"
   text	   data	    bss	    dec	    hex	filename
  35716	   1392	   3348	  40456	   9e08	adc.elf
'Finished building: adc.elf.size'
' '
21:58:22 **** Incremental Build of configuration Debug for project adc ****
make all 
make: .`all רובע תושעל המ ןיא
21:58:48 **** Auto Build of configuration Debug for project adc ****
make all 
'Building file: ../src/main.c'
'Invoking: MicroBlaze gcc compiler'
mb-gcc -Wall -O0 -g3 -c -fmessage-length=0 -MT"src/main.o" -I../../adc_bsp/microblaze_0/include -mlittle-endian -mcpu=v10.0 -mxl-soft-mul -Wl,--no-relax -MMD -MP -MF"src/main.d" -MT"src/main.o" -o "src/main.o" "../src/main.c"
../src/main.c:50:14: warning: 'ADC' defined but not used [-Wunused-variable]
 static XGpio ADC;
              ^
'Finished building: ../src/main.c'
' '
'Building target: adc.elf'
'Invoking: MicroBlaze gcc linker'
mb-gcc -Wl,-T -Wl,../src/lscript.ld -L../../adc_bsp/microblaze_0/lib -mlittle-endian -mcpu=v10.0 -mxl-soft-mul -Wl,--no-relax -o "adc.elf"  ./src/main.o ./src/xgpio_tapp_example.o ./src/xspi_selftest_example.o   -Wl,--start-group,-lxil,-lgcc,-lc,--end-group
'Finished building target: adc.elf'
' '
'Invoking: MicroBlaze Print Size'
mb-size adc.elf  |tee "adc.elf.size"
   text	   data	    bss	    dec	    hex	filename
  35716	   1392	   3348	  40456	   9e08	adc.elf
'Finished building: adc.elf.size'
' '
21:58:50 **** Incremental Build of configuration Debug for project adc ****
make all 
make: .`all רובע תושעל המ ןיא
21:59:00 **** Auto Build of configuration Debug for project adc ****
make all 
'Building file: ../src/main.c'
'Invoking: MicroBlaze gcc compiler'
mb-gcc -Wall -O0 -g3 -c -fmessage-length=0 -MT"src/main.o" -I../../adc_bsp/microblaze_0/include -mlittle-endian -mcpu=v10.0 -mxl-soft-mul -Wl,--no-relax -MMD -MP -MF"src/main.d" -MT"src/main.o" -o "src/main.o" "../src/main.c"
../src/main.c:50:14: warning: 'ADC' defined but not used [-Wunused-variable]
 static XGpio ADC;
              ^
'Finished building: ../src/main.c'
' '
'Building target: adc.elf'
'Invoking: MicroBlaze gcc linker'
mb-gcc -Wl,-T -Wl,../src/lscript.ld -L../../adc_bsp/microblaze_0/lib -mlittle-endian -mcpu=v10.0 -mxl-soft-mul -Wl,--no-relax -o "adc.elf"  ./src/main.o ./src/xgpio_tapp_example.o ./src/xspi_selftest_example.o   -Wl,--start-group,-lxil,-lgcc,-lc,--end-group
'Finished building target: adc.elf'
' '
'Invoking: MicroBlaze Print Size'
mb-size adc.elf  |tee "adc.elf.size"
   text	   data	    bss	    dec	    hex	filename
  35716	   1392	   3348	  40456	   9e08	adc.elf
'Finished building: adc.elf.size'
' '
21:59:02 **** Incremental Build of configuration Debug for project adc ****
make all 
make: .`all רובע תושעל המ ןיא
22:00:11 **** Auto Build of configuration Debug for project adc ****
make all 
'Building file: ../src/main.c'
'Invoking: MicroBlaze gcc compiler'
mb-gcc -Wall -O0 -g3 -c -fmessage-length=0 -MT"src/main.o" -I../../adc_bsp/microblaze_0/include -mlittle-endian -mcpu=v10.0 -mxl-soft-mul -Wl,--no-relax -MMD -MP -MF"src/main.d" -MT"src/main.o" -o "src/main.o" "../src/main.c"
../src/main.c:54:14: warning: 'ADC' defined but not used [-Wunused-variable]
 static XGpio ADC;
              ^
'Finished building: ../src/main.c'
' '
'Building target: adc.elf'
'Invoking: MicroBlaze gcc linker'
mb-gcc -Wl,-T -Wl,../src/lscript.ld -L../../adc_bsp/microblaze_0/lib -mlittle-endian -mcpu=v10.0 -mxl-soft-mul -Wl,--no-relax -o "adc.elf"  ./src/main.o ./src/xgpio_tapp_example.o ./src/xspi_selftest_example.o   -Wl,--start-group,-lxil,-lgcc,-lc,--end-group
'Finished building target: adc.elf'
' '
'Invoking: MicroBlaze Print Size'
mb-size adc.elf  |tee "adc.elf.size"
   text	   data	    bss	    dec	    hex	filename
  35716	   1392	   3348	  40456	   9e08	adc.elf
'Finished building: adc.elf.size'
' '
22:00:20 **** Auto Build of configuration Debug for project adc ****
make all 
'Building file: ../src/main.c'
'Invoking: MicroBlaze gcc compiler'
mb-gcc -Wall -O0 -g3 -c -fmessage-length=0 -MT"src/main.o" -I../../adc_bsp/microblaze_0/include -mlittle-endian -mcpu=v10.0 -mxl-soft-mul -Wl,--no-relax -MMD -MP -MF"src/main.d" -MT"src/main.o" -o "src/main.o" "../src/main.c"
../src/main.c: In function 'ADCInit':
../src/main.c:78:43: error: 'LED_ADCDEFAULT' undeclared (first use in this function)
    XGpio_DiscreteWrite(Gpio, LED_CHANNEL, LED_ADCDEFAULT);
                                           ^
../src/main.c:78:43: note: each undeclared identifier is reported only once for each function it appears in
../src/main.c: At top level:
../src/main.c:54:14: warning: 'ADC' defined but not used [-Wunused-variable]
 static XGpio ADC;
              ^
make: *** [src/main.o] 1 הלקת
22:05:01 **** Auto Build of configuration Debug for project adc ****
make all 
'Building file: ../src/main.c'
'Invoking: MicroBlaze gcc compiler'
mb-gcc -Wall -O0 -g3 -c -fmessage-length=0 -MT"src/main.o" -I../../adc_bsp/microblaze_0/include -mlittle-endian -mcpu=v10.0 -mxl-soft-mul -Wl,--no-relax -MMD -MP -MF"src/main.d" -MT"src/main.o" -o "src/main.o" "../src/main.c"
../src/main.c:48:8: error: no macro name given in #define directive
../src/main.c: In function 'ADCInit':
../src/main.c:47:24: error: expected ')' before ';' token
 #define ADCDEFAULT 0x07; //00000111
                        ^
../src/main.c:79:43: note: in expansion of macro 'ADCDEFAULT'
    XGpio_DiscreteWrite(Gpio, LED_CHANNEL, ADCDEFAULT);
                                           ^
../src/main.c: At top level:
../src/main.c:55:14: warning: 'ADC' defined but not used [-Wunused-variable]
 static XGpio ADC;
              ^
make: *** [src/main.o] 1 הלקת
22:05:31 **** Auto Build of configuration Debug for project adc ****
make all 
'Building file: ../src/main.c'
'Invoking: MicroBlaze gcc compiler'
mb-gcc -Wall -O0 -g3 -c -fmessage-length=0 -MT"src/main.o" -I../../adc_bsp/microblaze_0/include -mlittle-endian -mcpu=v10.0 -mxl-soft-mul -Wl,--no-relax -MMD -MP -MF"src/main.d" -MT"src/main.o" -o "src/main.o" "../src/main.c"
../src/main.c: In function 'ADCInit':
../src/main.c:47:24: error: expected ')' before ';' token
 #define ADCDEFAULT 0x07; //00000111
                        ^
../src/main.c:80:43: note: in expansion of macro 'ADCDEFAULT'
    XGpio_DiscreteWrite(Gpio, LED_CHANNEL, ADCDEFAULT);
                                           ^
../src/main.c: At top level:
../src/main.c:56:14: warning: 'ADC' defined but not used [-Wunused-variable]
 static XGpio ADC;
              ^
make: *** [src/main.o] 1 הלקת
22:05:44 **** Auto Build of configuration Debug for project adc ****
make all 
'Building file: ../src/main.c'
'Invoking: MicroBlaze gcc compiler'
mb-gcc -Wall -O0 -g3 -c -fmessage-length=0 -MT"src/main.o" -I../../adc_bsp/microblaze_0/include -mlittle-endian -mcpu=v10.0 -mxl-soft-mul -Wl,--no-relax -MMD -MP -MF"src/main.d" -MT"src/main.o" -o "src/main.o" "../src/main.c"
../src/main.c: In function 'ADCInit':
../src/main.c:47:24: error: expected ')' before ';' token
 #define ADCDEFAULT 0x07; //00000111
                        ^
../src/main.c:81:43: note: in expansion of macro 'ADCDEFAULT'
    XGpio_DiscreteWrite(Gpio, LED_CHANNEL, ADCDEFAULT);
                                           ^
../src/main.c: At top level:
../src/main.c:57:14: warning: 'ADC' defined but not used [-Wunused-variable]
 static XGpio ADC;
              ^
make: *** [src/main.o] 1 הלקת
22:05:57 **** Auto Build of configuration Debug for project adc ****
make all 
'Building file: ../src/main.c'
'Invoking: MicroBlaze gcc compiler'
mb-gcc -Wall -O0 -g3 -c -fmessage-length=0 -MT"src/main.o" -I../../adc_bsp/microblaze_0/include -mlittle-endian -mcpu=v10.0 -mxl-soft-mul -Wl,--no-relax -MMD -MP -MF"src/main.d" -MT"src/main.o" -o "src/main.o" "../src/main.c"
../src/main.c:57:14: warning: 'ADC' defined but not used [-Wunused-variable]
 static XGpio ADC;
              ^
'Finished building: ../src/main.c'
' '
'Building target: adc.elf'
'Invoking: MicroBlaze gcc linker'
mb-gcc -Wl,-T -Wl,../src/lscript.ld -L../../adc_bsp/microblaze_0/lib -mlittle-endian -mcpu=v10.0 -mxl-soft-mul -Wl,--no-relax -o "adc.elf"  ./src/main.o ./src/xgpio_tapp_example.o ./src/xspi_selftest_example.o   -Wl,--start-group,-lxil,-lgcc,-lc,--end-group
'Finished building target: adc.elf'
' '
'Invoking: MicroBlaze Print Size'
mb-size adc.elf  |tee "adc.elf.size"
   text	   data	    bss	    dec	    hex	filename
  35716	   1392	   3348	  40456	   9e08	adc.elf
'Finished building: adc.elf.size'
' '
22:08:12 **** Auto Build of configuration Debug for project adc ****
make all 
'Building file: ../src/main.c'
'Invoking: MicroBlaze gcc compiler'
mb-gcc -Wall -O0 -g3 -c -fmessage-length=0 -MT"src/main.o" -I../../adc_bsp/microblaze_0/include -mlittle-endian -mcpu=v10.0 -mxl-soft-mul -Wl,--no-relax -MMD -MP -MF"src/main.d" -MT"src/main.o" -o "src/main.o" "../src/main.c"
../src/main.c:58:14: warning: 'ADC' defined but not used [-Wunused-variable]
 static XGpio ADC;
              ^
'Finished building: ../src/main.c'
' '
'Building target: adc.elf'
'Invoking: MicroBlaze gcc linker'
mb-gcc -Wl,-T -Wl,../src/lscript.ld -L../../adc_bsp/microblaze_0/lib -mlittle-endian -mcpu=v10.0 -mxl-soft-mul -Wl,--no-relax -o "adc.elf"  ./src/main.o ./src/xgpio_tapp_example.o ./src/xspi_selftest_example.o   -Wl,--start-group,-lxil,-lgcc,-lc,--end-group
'Finished building target: adc.elf'
' '
'Invoking: MicroBlaze Print Size'
mb-size adc.elf  |tee "adc.elf.size"
   text	   data	    bss	    dec	    hex	filename
  35716	   1392	   3348	  40456	   9e08	adc.elf
'Finished building: adc.elf.size'
' '
22:09:57 **** Auto Build of configuration Debug for project adc ****
make all 
'Building file: ../src/main.c'
'Invoking: MicroBlaze gcc compiler'
mb-gcc -Wall -O0 -g3 -c -fmessage-length=0 -MT"src/main.o" -I../../adc_bsp/microblaze_0/include -mlittle-endian -mcpu=v10.0 -mxl-soft-mul -Wl,--no-relax -MMD -MP -MF"src/main.d" -MT"src/main.o" -o "src/main.o" "../src/main.c"
../src/main.c:59:8: warning: type defaults to 'int' in declaration of 'channel' [-Wimplicit-int]
 static channel=0;
        ^
../src/main.c:58:14: warning: 'MUX' defined but not used [-Wunused-variable]
 static XGpio MUX;
              ^
../src/main.c:59:8: warning: 'channel' defined but not used [-Wunused-variable]
 static channel=0;
        ^
'Finished building: ../src/main.c'
' '
'Building target: adc.elf'
'Invoking: MicroBlaze gcc linker'
mb-gcc -Wl,-T -Wl,../src/lscript.ld -L../../adc_bsp/microblaze_0/lib -mlittle-endian -mcpu=v10.0 -mxl-soft-mul -Wl,--no-relax -o "adc.elf"  ./src/main.o ./src/xgpio_tapp_example.o ./src/xspi_selftest_example.o   -Wl,--start-group,-lxil,-lgcc,-lc,--end-group
'Finished building target: adc.elf'
' '
'Invoking: MicroBlaze Print Size'
mb-size adc.elf  |tee "adc.elf.size"
   text	   data	    bss	    dec	    hex	filename
  35752	   1392	   3352	  40496	   9e30	adc.elf
'Finished building: adc.elf.size'
' '
22:10:02 **** Auto Build of configuration Debug for project adc ****
make all 
'Building file: ../src/main.c'
'Invoking: MicroBlaze gcc compiler'
mb-gcc -Wall -O0 -g3 -c -fmessage-length=0 -MT"src/main.o" -I../../adc_bsp/microblaze_0/include -mlittle-endian -mcpu=v10.0 -mxl-soft-mul -Wl,--no-relax -MMD -MP -MF"src/main.d" -MT"src/main.o" -o "src/main.o" "../src/main.c"
../src/main.c:59:8: warning: type defaults to 'int' in declaration of 'channel' [-Wimplicit-int]
 static channel=0;
        ^
../src/main.c:58:14: warning: 'MUX' defined but not used [-Wunused-variable]
 static XGpio MUX;
              ^
../src/main.c:59:8: warning: 'channel' defined but not used [-Wunused-variable]
 static channel=0;
        ^
'Finished building: ../src/main.c'
' '
'Building target: adc.elf'
'Invoking: MicroBlaze gcc linker'
mb-gcc -Wl,-T -Wl,../src/lscript.ld -L../../adc_bsp/microblaze_0/lib -mlittle-endian -mcpu=v10.0 -mxl-soft-mul -Wl,--no-relax -o "adc.elf"  ./src/main.o ./src/xgpio_tapp_example.o ./src/xspi_selftest_example.o   -Wl,--start-group,-lxil,-lgcc,-lc,--end-group
'Finished building target: adc.elf'
' '
'Invoking: MicroBlaze Print Size'
mb-size adc.elf  |tee "adc.elf.size"
   text	   data	    bss	    dec	    hex	filename
  35752	   1392	   3352	  40496	   9e30	adc.elf
'Finished building: adc.elf.size'
' '
22:11:51 **** Auto Build of configuration Debug for project adc ****
make all 
'Building file: ../src/main.c'
'Invoking: MicroBlaze gcc compiler'
mb-gcc -Wall -O0 -g3 -c -fmessage-length=0 -MT"src/main.o" -I../../adc_bsp/microblaze_0/include -mlittle-endian -mcpu=v10.0 -mxl-soft-mul -Wl,--no-relax -MMD -MP -MF"src/main.d" -MT"src/main.o" -o "src/main.o" "../src/main.c"
../src/main.c:59:8: warning: type defaults to 'int' in declaration of 'channel' [-Wimplicit-int]
 static channel=0;
        ^
../src/main.c:58:14: warning: 'MUX' defined but not used [-Wunused-variable]
 static XGpio MUX;
              ^
'Finished building: ../src/main.c'
' '
'Building target: adc.elf'
'Invoking: MicroBlaze gcc linker'
mb-gcc -Wl,-T -Wl,../src/lscript.ld -L../../adc_bsp/microblaze_0/lib -mlittle-endian -mcpu=v10.0 -mxl-soft-mul -Wl,--no-relax -o "adc.elf"  ./src/main.o ./src/xgpio_tapp_example.o ./src/xspi_selftest_example.o   -Wl,--start-group,-lxil,-lgcc,-lc,--end-group
'Finished building target: adc.elf'
' '
'Invoking: MicroBlaze Print Size'
mb-size adc.elf  |tee "adc.elf.size"
   text	   data	    bss	    dec	    hex	filename
  35856	   1392	   3352	  40600	   9e98	adc.elf
'Finished building: adc.elf.size'
' '
22:11:56 **** Auto Build of configuration Debug for project adc ****
make all 
'Building file: ../src/main.c'
'Invoking: MicroBlaze gcc compiler'
mb-gcc -Wall -O0 -g3 -c -fmessage-length=0 -MT"src/main.o" -I../../adc_bsp/microblaze_0/include -mlittle-endian -mcpu=v10.0 -mxl-soft-mul -Wl,--no-relax -MMD -MP -MF"src/main.d" -MT"src/main.o" -o "src/main.o" "../src/main.c"
../src/main.c:59:8: warning: type defaults to 'int' in declaration of 'channel' [-Wimplicit-int]
 static channel=0;
        ^
../src/main.c:58:14: warning: 'MUX' defined but not used [-Wunused-variable]
 static XGpio MUX;
              ^
'Finished building: ../src/main.c'
' '
'Building target: adc.elf'
'Invoking: MicroBlaze gcc linker'
mb-gcc -Wl,-T -Wl,../src/lscript.ld -L../../adc_bsp/microblaze_0/lib -mlittle-endian -mcpu=v10.0 -mxl-soft-mul -Wl,--no-relax -o "adc.elf"  ./src/main.o ./src/xgpio_tapp_example.o ./src/xspi_selftest_example.o   -Wl,--start-group,-lxil,-lgcc,-lc,--end-group
'Finished building target: adc.elf'
' '
'Invoking: MicroBlaze Print Size'
mb-size adc.elf  |tee "adc.elf.size"
   text	   data	    bss	    dec	    hex	filename
  35856	   1392	   3352	  40600	   9e98	adc.elf
'Finished building: adc.elf.size'
' '
22:12:24 **** Auto Build of configuration Debug for project adc ****
make all 
'Building file: ../src/main.c'
'Invoking: MicroBlaze gcc compiler'
mb-gcc -Wall -O0 -g3 -c -fmessage-length=0 -MT"src/main.o" -I../../adc_bsp/microblaze_0/include -mlittle-endian -mcpu=v10.0 -mxl-soft-mul -Wl,--no-relax -MMD -MP -MF"src/main.d" -MT"src/main.o" -o "src/main.o" "../src/main.c"
../src/main.c:59:8: warning: type defaults to 'int' in declaration of 'channel' [-Wimplicit-int]
 static channel=0;
        ^
../src/main.c:58:14: warning: 'MUX' defined but not used [-Wunused-variable]
 static XGpio MUX;
              ^
'Finished building: ../src/main.c'
' '
'Building target: adc.elf'
'Invoking: MicroBlaze gcc linker'
mb-gcc -Wl,-T -Wl,../src/lscript.ld -L../../adc_bsp/microblaze_0/lib -mlittle-endian -mcpu=v10.0 -mxl-soft-mul -Wl,--no-relax -o "adc.elf"  ./src/main.o ./src/xgpio_tapp_example.o ./src/xspi_selftest_example.o   -Wl,--start-group,-lxil,-lgcc,-lc,--end-group
'Finished building target: adc.elf'
' '
'Invoking: MicroBlaze Print Size'
mb-size adc.elf  |tee "adc.elf.size"
   text	   data	    bss	    dec	    hex	filename
  35968	   1392	   3352	  40712	   9f08	adc.elf
'Finished building: adc.elf.size'
' '
22:12:29 **** Auto Build of configuration Debug for project adc ****
make all 
'Building file: ../src/main.c'
'Invoking: MicroBlaze gcc compiler'
mb-gcc -Wall -O0 -g3 -c -fmessage-length=0 -MT"src/main.o" -I../../adc_bsp/microblaze_0/include -mlittle-endian -mcpu=v10.0 -mxl-soft-mul -Wl,--no-relax -MMD -MP -MF"src/main.d" -MT"src/main.o" -o "src/main.o" "../src/main.c"
../src/main.c:59:8: warning: type defaults to 'int' in declaration of 'channel' [-Wimplicit-int]
 static channel=0;
        ^
../src/main.c:58:14: warning: 'MUX' defined but not used [-Wunused-variable]
 static XGpio MUX;
              ^
'Finished building: ../src/main.c'
' '
'Building target: adc.elf'
'Invoking: MicroBlaze gcc linker'
mb-gcc -Wl,-T -Wl,../src/lscript.ld -L../../adc_bsp/microblaze_0/lib -mlittle-endian -mcpu=v10.0 -mxl-soft-mul -Wl,--no-relax -o "adc.elf"  ./src/main.o ./src/xgpio_tapp_example.o ./src/xspi_selftest_example.o   -Wl,--start-group,-lxil,-lgcc,-lc,--end-group
'Finished building target: adc.elf'
' '
'Invoking: MicroBlaze Print Size'
mb-size adc.elf  |tee "adc.elf.size"
   text	   data	    bss	    dec	    hex	filename
  36024	   1392	   3352	  40768	   9f40	adc.elf
'Finished building: adc.elf.size'
' '
22:12:39 **** Auto Build of configuration Debug for project adc ****
make all 
'Building file: ../src/main.c'
'Invoking: MicroBlaze gcc compiler'
mb-gcc -Wall -O0 -g3 -c -fmessage-length=0 -MT"src/main.o" -I../../adc_bsp/microblaze_0/include -mlittle-endian -mcpu=v10.0 -mxl-soft-mul -Wl,--no-relax -MMD -MP -MF"src/main.d" -MT"src/main.o" -o "src/main.o" "../src/main.c"
../src/main.c:59:8: warning: type defaults to 'int' in declaration of 'channel' [-Wimplicit-int]
 static channel=0;
        ^
../src/main.c:58:14: warning: 'MUX' defined but not used [-Wunused-variable]
 static XGpio MUX;
              ^
'Finished building: ../src/main.c'
' '
'Building target: adc.elf'
'Invoking: MicroBlaze gcc linker'
mb-gcc -Wl,-T -Wl,../src/lscript.ld -L../../adc_bsp/microblaze_0/lib -mlittle-endian -mcpu=v10.0 -mxl-soft-mul -Wl,--no-relax -o "adc.elf"  ./src/main.o ./src/xgpio_tapp_example.o ./src/xspi_selftest_example.o   -Wl,--start-group,-lxil,-lgcc,-lc,--end-group
'Finished building target: adc.elf'
' '
'Invoking: MicroBlaze Print Size'
mb-size adc.elf  |tee "adc.elf.size"
   text	   data	    bss	    dec	    hex	filename
  36044	   1392	   3356	  40792	   9f58	adc.elf
'Finished building: adc.elf.size'
' '
22:12:52 **** Auto Build of configuration Debug for project adc ****
make all 
'Building file: ../src/main.c'
'Invoking: MicroBlaze gcc compiler'
mb-gcc -Wall -O0 -g3 -c -fmessage-length=0 -MT"src/main.o" -I../../adc_bsp/microblaze_0/include -mlittle-endian -mcpu=v10.0 -mxl-soft-mul -Wl,--no-relax -MMD -MP -MF"src/main.d" -MT"src/main.o" -o "src/main.o" "../src/main.c"
../src/main.c:59:8: warning: type defaults to 'int' in declaration of 'channel' [-Wimplicit-int]
 static channel=0;
        ^
../src/main.c:58:14: warning: 'MUX' defined but not used [-Wunused-variable]
 static XGpio MUX;
              ^
'Finished building: ../src/main.c'
' '
'Building target: adc.elf'
'Invoking: MicroBlaze gcc linker'
mb-gcc -Wl,-T -Wl,../src/lscript.ld -L../../adc_bsp/microblaze_0/lib -mlittle-endian -mcpu=v10.0 -mxl-soft-mul -Wl,--no-relax -o "adc.elf"  ./src/main.o ./src/xgpio_tapp_example.o ./src/xspi_selftest_example.o   -Wl,--start-group,-lxil,-lgcc,-lc,--end-group
'Finished building target: adc.elf'
' '
'Invoking: MicroBlaze Print Size'
mb-size adc.elf  |tee "adc.elf.size"
   text	   data	    bss	    dec	    hex	filename
  35980	   1392	   3356	  40728	   9f18	adc.elf
'Finished building: adc.elf.size'
' '
22:13:27 **** Auto Build of configuration Debug for project adc ****
make all 
'Building file: ../src/main.c'
'Invoking: MicroBlaze gcc compiler'
mb-gcc -Wall -O0 -g3 -c -fmessage-length=0 -MT"src/main.o" -I../../adc_bsp/microblaze_0/include -mlittle-endian -mcpu=v10.0 -mxl-soft-mul -Wl,--no-relax -MMD -MP -MF"src/main.d" -MT"src/main.o" -o "src/main.o" "../src/main.c"
../src/main.c:59:8: warning: type defaults to 'int' in declaration of 'channel' [-Wimplicit-int]
 static channel=0;
        ^
../src/main.c:58:14: warning: 'MUX' defined but not used [-Wunused-variable]
 static XGpio MUX;
              ^
'Finished building: ../src/main.c'
' '
'Building target: adc.elf'
'Invoking: MicroBlaze gcc linker'
mb-gcc -Wl,-T -Wl,../src/lscript.ld -L../../adc_bsp/microblaze_0/lib -mlittle-endian -mcpu=v10.0 -mxl-soft-mul -Wl,--no-relax -o "adc.elf"  ./src/main.o ./src/xgpio_tapp_example.o ./src/xspi_selftest_example.o   -Wl,--start-group,-lxil,-lgcc,-lc,--end-group
'Finished building target: adc.elf'
' '
'Invoking: MicroBlaze Print Size'
mb-size adc.elf  |tee "adc.elf.size"
   text	   data	    bss	    dec	    hex	filename
  36352	   1392	   3352	  41096	   a088	adc.elf
'Finished building: adc.elf.size'
' '
22:13:58 **** Auto Build of configuration Debug for project adc ****
make all 
'Building file: ../src/main.c'
'Invoking: MicroBlaze gcc compiler'
mb-gcc -Wall -O0 -g3 -c -fmessage-length=0 -MT"src/main.o" -I../../adc_bsp/microblaze_0/include -mlittle-endian -mcpu=v10.0 -mxl-soft-mul -Wl,--no-relax -MMD -MP -MF"src/main.d" -MT"src/main.o" -o "src/main.o" "../src/main.c"
../src/main.c:59:8: warning: type defaults to 'int' in declaration of 'channel' [-Wimplicit-int]
 static channel=0;
        ^
../src/main.c: In function 'main':
../src/main.c:135:6: error: too few arguments to function 'step_mux'
      step_mux()
      ^
../src/main.c:107:6: note: declared here
 void step_mux(XGpio *Gpio){
      ^
../src/main.c:136:5: error: expected ';' before '}' token
     }
     ^
make: *** [src/main.o] 1 הלקת
22:14:06 **** Auto Build of configuration Debug for project adc ****
make all 
'Building file: ../src/main.c'
'Invoking: MicroBlaze gcc compiler'
mb-gcc -Wall -O0 -g3 -c -fmessage-length=0 -MT"src/main.o" -I../../adc_bsp/microblaze_0/include -mlittle-endian -mcpu=v10.0 -mxl-soft-mul -Wl,--no-relax -MMD -MP -MF"src/main.d" -MT"src/main.o" -o "src/main.o" "../src/main.c"
../src/main.c:59:8: warning: type defaults to 'int' in declaration of 'channel' [-Wimplicit-int]
 static channel=0;
        ^
../src/main.c: In function 'main':
../src/main.c:136:5: error: expected ';' before '}' token
     }
     ^
make: *** [src/main.o] 1 הלקת
22:14:09 **** Auto Build of configuration Debug for project adc ****
make all 
'Building file: ../src/main.c'
'Invoking: MicroBlaze gcc compiler'
mb-gcc -Wall -O0 -g3 -c -fmessage-length=0 -MT"src/main.o" -I../../adc_bsp/microblaze_0/include -mlittle-endian -mcpu=v10.0 -mxl-soft-mul -Wl,--no-relax -MMD -MP -MF"src/main.d" -MT"src/main.o" -o "src/main.o" "../src/main.c"
../src/main.c:59:8: warning: type defaults to 'int' in declaration of 'channel' [-Wimplicit-int]
 static channel=0;
        ^
'Finished building: ../src/main.c'
' '
'Building target: adc.elf'
'Invoking: MicroBlaze gcc linker'
mb-gcc -Wl,-T -Wl,../src/lscript.ld -L../../adc_bsp/microblaze_0/lib -mlittle-endian -mcpu=v10.0 -mxl-soft-mul -Wl,--no-relax -o "adc.elf"  ./src/main.o ./src/xgpio_tapp_example.o ./src/xspi_selftest_example.o   -Wl,--start-group,-lxil,-lgcc,-lc,--end-group
'Finished building target: adc.elf'
' '
'Invoking: MicroBlaze Print Size'
mb-size adc.elf  |tee "adc.elf.size"
   text	   data	    bss	    dec	    hex	filename
  36368	   1392	   3352	  41112	   a098	adc.elf
'Finished building: adc.elf.size'
' '
22:14:41 **** Auto Build of configuration Debug for project adc ****
make all 
'Building file: ../src/main.c'
'Invoking: MicroBlaze gcc compiler'
mb-gcc -Wall -O0 -g3 -c -fmessage-length=0 -MT"src/main.o" -I../../adc_bsp/microblaze_0/include -mlittle-endian -mcpu=v10.0 -mxl-soft-mul -Wl,--no-relax -MMD -MP -MF"src/main.d" -MT"src/main.o" -o "src/main.o" "../src/main.c"
../src/main.c:59:8: warning: type defaults to 'int' in declaration of 'channel' [-Wimplicit-int]
 static channel=0;
        ^
'Finished building: ../src/main.c'
' '
'Building target: adc.elf'
'Invoking: MicroBlaze gcc linker'
mb-gcc -Wl,-T -Wl,../src/lscript.ld -L../../adc_bsp/microblaze_0/lib -mlittle-endian -mcpu=v10.0 -mxl-soft-mul -Wl,--no-relax -o "adc.elf"  ./src/main.o ./src/xgpio_tapp_example.o ./src/xspi_selftest_example.o   -Wl,--start-group,-lxil,-lgcc,-lc,--end-group
'Finished building target: adc.elf'
' '
'Invoking: MicroBlaze Print Size'
mb-size adc.elf  |tee "adc.elf.size"
   text	   data	    bss	    dec	    hex	filename
  36392	   1392	   3352	  41136	   a0b0	adc.elf
'Finished building: adc.elf.size'
' '
22:14:44 **** Incremental Build of configuration Debug for project adc ****
make all 
make: .`all רובע תושעל המ ןיא
22:19:22 **** Auto Build of configuration Debug for project adc ****
make all 
'Building file: ../src/main.c'
'Invoking: MicroBlaze gcc compiler'
mb-gcc -Wall -O0 -g3 -c -fmessage-length=0 -MT"src/main.o" -I../../adc_bsp/microblaze_0/include -mlittle-endian -mcpu=v10.0 -mxl-soft-mul -Wl,--no-relax -MMD -MP -MF"src/main.d" -MT"src/main.o" -o "src/main.o" "../src/main.c"
../src/main.c:59:8: warning: type defaults to 'int' in declaration of 'channel' [-Wimplicit-int]
 static channel=0;
        ^
'Finished building: ../src/main.c'
' '
'Building target: adc.elf'
'Invoking: MicroBlaze gcc linker'
mb-gcc -Wl,-T -Wl,../src/lscript.ld -L../../adc_bsp/microblaze_0/lib -mlittle-endian -mcpu=v10.0 -mxl-soft-mul -Wl,--no-relax -o "adc.elf"  ./src/main.o ./src/xgpio_tapp_example.o ./src/xspi_selftest_example.o   -Wl,--start-group,-lxil,-lgcc,-lc,--end-group
'Finished building target: adc.elf'
' '
'Invoking: MicroBlaze Print Size'
mb-size adc.elf  |tee "adc.elf.size"
   text	   data	    bss	    dec	    hex	filename
 101204	   1656	   3372	 106232	  19ef8	adc.elf
'Finished building: adc.elf.size'
' '
22:19:30 **** Incremental Build of configuration Debug for project adc ****
make all 
make: .`all רובע תושעל המ ןיא
22:19:39 **** Auto Build of configuration Debug for project adc ****
make all 
'Building file: ../src/main.c'
'Invoking: MicroBlaze gcc compiler'
mb-gcc -Wall -O0 -g3 -c -fmessage-length=0 -MT"src/main.o" -I../../adc_bsp/microblaze_0/include -mlittle-endian -mcpu=v10.0 -mxl-soft-mul -Wl,--no-relax -MMD -MP -MF"src/main.d" -MT"src/main.o" -o "src/main.o" "../src/main.c"
../src/main.c:59:1: error: unknown type name 'byte'
 byte channel=0;
 ^
make: *** [src/main.o] 1 הלקת
22:19:44 **** Auto Build of configuration Debug for project adc ****
make all 
'Building file: ../src/main.c'
'Invoking: MicroBlaze gcc compiler'
mb-gcc -Wall -O0 -g3 -c -fmessage-length=0 -MT"src/main.o" -I../../adc_bsp/microblaze_0/include -mlittle-endian -mcpu=v10.0 -mxl-soft-mul -Wl,--no-relax -MMD -MP -MF"src/main.d" -MT"src/main.o" -o "src/main.o" "../src/main.c"
../src/main.c:59:8: error: unknown type name 'byte'
 static byte channel=0;
        ^
make: *** [src/main.o] 1 הלקת
22:19:51 **** Auto Build of configuration Debug for project adc ****
make all 
'Building file: ../src/main.c'
'Invoking: MicroBlaze gcc compiler'
mb-gcc -Wall -O0 -g3 -c -fmessage-length=0 -MT"src/main.o" -I../../adc_bsp/microblaze_0/include -mlittle-endian -mcpu=v10.0 -mxl-soft-mul -Wl,--no-relax -MMD -MP -MF"src/main.d" -MT"src/main.o" -o "src/main.o" "../src/main.c"
'Finished building: ../src/main.c'
' '
'Building target: adc.elf'
'Invoking: MicroBlaze gcc linker'
mb-gcc -Wl,-T -Wl,../src/lscript.ld -L../../adc_bsp/microblaze_0/lib -mlittle-endian -mcpu=v10.0 -mxl-soft-mul -Wl,--no-relax -o "adc.elf"  ./src/main.o ./src/xgpio_tapp_example.o ./src/xspi_selftest_example.o   -Wl,--start-group,-lxil,-lgcc,-lc,--end-group
'Finished building target: adc.elf'
' '
'Invoking: MicroBlaze Print Size'
mb-size adc.elf  |tee "adc.elf.size"
   text	   data	    bss	    dec	    hex	filename
 101204	   1656	   3372	 106232	  19ef8	adc.elf
'Finished building: adc.elf.size'
' '
22:19:53 **** Incremental Build of configuration Debug for project adc ****
make all 
make: .`all רובע תושעל המ ןיא
22:20:25 **** Auto Build of configuration Debug for project adc ****
make all 
'Building file: ../src/main.c'
'Invoking: MicroBlaze gcc compiler'
mb-gcc -Wall -O0 -g3 -c -fmessage-length=0 -MT"src/main.o" -I../../adc_bsp/microblaze_0/include -mlittle-endian -mcpu=v10.0 -mxl-soft-mul -Wl,--no-relax -MMD -MP -MF"src/main.d" -MT"src/main.o" -o "src/main.o" "../src/main.c"
'Finished building: ../src/main.c'
' '
'Building target: adc.elf'
'Invoking: MicroBlaze gcc linker'
mb-gcc -Wl,-T -Wl,../src/lscript.ld -L../../adc_bsp/microblaze_0/lib -mlittle-endian -mcpu=v10.0 -mxl-soft-mul -Wl,--no-relax -o "adc.elf"  ./src/main.o ./src/xgpio_tapp_example.o ./src/xspi_selftest_example.o   -Wl,--start-group,-lxil,-lgcc,-lc,--end-group
'Finished building target: adc.elf'
' '
'Invoking: MicroBlaze Print Size'
mb-size adc.elf  |tee "adc.elf.size"
   text	   data	    bss	    dec	    hex	filename
 101228	   1656	   3372	 106256	  19f10	adc.elf
'Finished building: adc.elf.size'
' '
22:20:27 **** Incremental Build of configuration Debug for project adc ****
make all 
make: .`all רובע תושעל המ ןיא
22:57:12 **** Clean-only build of project adc_bsp ****
make -k clean 
rm -f microblaze_0/lib/libxil.a
22:57:12 **** Clean-only build of configuration Debug for project adc ****
make clean 
rm -rf  ./src/main.o ./src/xgpio_tapp_example.o ./src/xspi_selftest_example.o  ./src/main.d ./src/xgpio_tapp_example.d ./src/xspi_selftest_example.d  adc.elf.size  adc.elf
' '
22:57:12 **** Build of project adc_bsp ****
make -k all 
"Running Make include in microblaze_0/libsrc/bram_v4_1/src"
make -C microblaze_0/libsrc/bram_v4_1/src -s include  "SHELL=CMD" "COMPILER=mb-gcc" "ARCHIVER=mb-ar" "COMPILER_FLAGS= -O2 -c -mcpu=v10.0 -mlittle-endian -mxl-soft-mul" "EXTRA_COMPILER_FLAGS=-g"
"Running Make include in microblaze_0/libsrc/cpu_v2_5/src"
make -C microblaze_0/libsrc/cpu_v2_5/src -s include  "SHELL=CMD" "COMPILER=mb-gcc" "ARCHIVER=mb-ar" "COMPILER_FLAGS= -O2 -c -mcpu=v10.0 -mlittle-endian -mxl-soft-mul" "EXTRA_COMPILER_FLAGS=-g"
"Running Make include in microblaze_0/libsrc/gpio_v4_2/src"
make -C microblaze_0/libsrc/gpio_v4_2/src -s include  "SHELL=CMD" "COMPILER=mb-gcc" "ARCHIVER=mb-ar" "COMPILER_FLAGS= -O2 -c -mcpu=v10.0 -mlittle-endian -mxl-soft-mul" "EXTRA_COMPILER_FLAGS=-g"
"Running Make include in microblaze_0/libsrc/spi_v4_2/src"
make -C microblaze_0/libsrc/spi_v4_2/src -s include  "SHELL=CMD" "COMPILER=mb-gcc" "ARCHIVER=mb-ar" "COMPILER_FLAGS= -O2 -c -mcpu=v10.0 -mlittle-endian -mxl-soft-mul" "EXTRA_COMPILER_FLAGS=-g"
"Running Make include in microblaze_0/libsrc/standalone_v6_0/src"
make -C microblaze_0/libsrc/standalone_v6_0/src -s include  "SHELL=CMD" "COMPILER=mb-gcc" "ARCHIVER=mb-ar" "COMPILER_FLAGS= -O2 -c -mcpu=v10.0 -mlittle-endian -mxl-soft-mul" "EXTRA_COMPILER_FLAGS=-g"
"Running Make include in microblaze_0/libsrc/sysmon_v7_3/src"
make -C microblaze_0/libsrc/sysmon_v7_3/src -s include  "SHELL=CMD" "COMPILER=mb-gcc" "ARCHIVER=mb-ar" "COMPILER_FLAGS= -O2 -c -mcpu=v10.0 -mlittle-endian -mxl-soft-mul" "EXTRA_COMPILER_FLAGS=-g"
"Running Make include in microblaze_0/libsrc/uartlite_v3_2/src"
make -C microblaze_0/libsrc/uartlite_v3_2/src -s include  "SHELL=CMD" "COMPILER=mb-gcc" "ARCHIVER=mb-ar" "COMPILER_FLAGS= -O2 -c -mcpu=v10.0 -mlittle-endian -mxl-soft-mul" "EXTRA_COMPILER_FLAGS=-g"
"Running Make libs in microblaze_0/libsrc/bram_v4_1/src"
make -C microblaze_0/libsrc/bram_v4_1/src -s libs  "SHELL=CMD" "COMPILER=mb-gcc" "ARCHIVER=mb-ar" "COMPILER_FLAGS= -O2 -c -mcpu=v10.0 -mlittle-endian -mxl-soft-mul" "EXTRA_COMPILER_FLAGS=-g"
"Compiling bram"
mb-ar: creating ../../../lib/libxil.a
"Running Make libs in microblaze_0/libsrc/cpu_v2_5/src"
make -C microblaze_0/libsrc/cpu_v2_5/src -s libs  "SHELL=CMD" "COMPILER=mb-gcc" "ARCHIVER=mb-ar" "COMPILER_FLAGS= -O2 -c -mcpu=v10.0 -mlittle-endian -mxl-soft-mul" "EXTRA_COMPILER_FLAGS=-g"
"Compiling cpu"
"Running Make libs in microblaze_0/libsrc/gpio_v4_2/src"
make -C microblaze_0/libsrc/gpio_v4_2/src -s libs  "SHELL=CMD" "COMPILER=mb-gcc" "ARCHIVER=mb-ar" "COMPILER_FLAGS= -O2 -c -mcpu=v10.0 -mlittle-endian -mxl-soft-mul" "EXTRA_COMPILER_FLAGS=-g"
"Compiling gpio"
"Running Make libs in microblaze_0/libsrc/spi_v4_2/src"
make -C microblaze_0/libsrc/spi_v4_2/src -s libs  "SHELL=CMD" "COMPILER=mb-gcc" "ARCHIVER=mb-ar" "COMPILER_FLAGS= -O2 -c -mcpu=v10.0 -mlittle-endian -mxl-soft-mul" "EXTRA_COMPILER_FLAGS=-g"
"Compiling spi"
"Running Make libs in microblaze_0/libsrc/standalone_v6_0/src"
make -C microblaze_0/libsrc/standalone_v6_0/src -s libs  "SHELL=CMD" "COMPILER=mb-gcc" "ARCHIVER=mb-ar" "COMPILER_FLAGS= -O2 -c -mcpu=v10.0 -mlittle-endian -mxl-soft-mul" "EXTRA_COMPILER_FLAGS=-g"
"Compiling standalone";
"Running Make libs in microblaze_0/libsrc/sysmon_v7_3/src"
make -C microblaze_0/libsrc/sysmon_v7_3/src -s libs  "SHELL=CMD" "COMPILER=mb-gcc" "ARCHIVER=mb-ar" "COMPILER_FLAGS= -O2 -c -mcpu=v10.0 -mlittle-endian -mxl-soft-mul" "EXTRA_COMPILER_FLAGS=-g"
"Compiling sysmon"
"Running Make libs in microblaze_0/libsrc/uartlite_v3_2/src"
make -C microblaze_0/libsrc/uartlite_v3_2/src -s libs  "SHELL=CMD" "COMPILER=mb-gcc" "ARCHIVER=mb-ar" "COMPILER_FLAGS= -O2 -c -mcpu=v10.0 -mlittle-endian -mxl-soft-mul" "EXTRA_COMPILER_FLAGS=-g"
"Compiling uartlite"
'Finished building libraries'
22:57:15 **** Build of configuration Debug for project adc ****
make all 
'Building file: ../src/main.c'
'Invoking: MicroBlaze gcc compiler'
mb-gcc -Wall -O0 -g3 -c -fmessage-length=0 -MT"src/main.o" -I../../adc_bsp/microblaze_0/include -mlittle-endian -mcpu=v10.0 -mxl-soft-mul -Wl,--no-relax -MMD -MP -MF"src/main.d" -MT"src/main.o" -o "src/main.o" "../src/main.c"
'Finished building: ../src/main.c'
' '
'Building file: ../src/xgpio_tapp_example.c'
'Invoking: MicroBlaze gcc compiler'
mb-gcc -Wall -O0 -g3 -c -fmessage-length=0 -MT"src/xgpio_tapp_example.o" -I../../adc_bsp/microblaze_0/include -mlittle-endian -mcpu=v10.0 -mxl-soft-mul -Wl,--no-relax -MMD -MP -MF"src/xgpio_tapp_example.d" -MT"src/xgpio_tapp_example.o" -o "src/xgpio_tapp_example.o" "../src/xgpio_tapp_example.c"
'Finished building: ../src/xgpio_tapp_example.c'
' '
'Building file: ../src/xspi_selftest_example.c'
'Invoking: MicroBlaze gcc compiler'
mb-gcc -Wall -O0 -g3 -c -fmessage-length=0 -MT"src/xspi_selftest_example.o" -I../../adc_bsp/microblaze_0/include -mlittle-endian -mcpu=v10.0 -mxl-soft-mul -Wl,--no-relax -MMD -MP -MF"src/xspi_selftest_example.d" -MT"src/xspi_selftest_example.o" -o "src/xspi_selftest_example.o" "../src/xspi_selftest_example.c"
'Finished building: ../src/xspi_selftest_example.c'
' '
'Building target: adc.elf'
'Invoking: MicroBlaze gcc linker'
mb-gcc -Wl,-T -Wl,../src/lscript.ld -L../../adc_bsp/microblaze_0/lib -mlittle-endian -mcpu=v10.0 -mxl-soft-mul -Wl,--no-relax -o "adc.elf"  ./src/main.o ./src/xgpio_tapp_example.o ./src/xspi_selftest_example.o   -Wl,--start-group,-lxil,-lgcc,-lc,--end-group
'Finished building target: adc.elf'
' '
'Invoking: MicroBlaze Print Size'
mb-size adc.elf  |tee "adc.elf.size"
   text	   data	    bss	    dec	    hex	filename
 101228	   1656	   3372	 106256	  19f10	adc.elf
'Finished building: adc.elf.size'
' '
22:57:36 **** Build of configuration Debug for project adc_bsp_xsysmon_polled_printf_example_1 ****
make all 
'Building file: ../src/xsysmon_polled_printf_example.c'
'Invoking: MicroBlaze gcc compiler'
mb-gcc -Wall -O0 -g3 -c -fmessage-length=0 -MT"src/xsysmon_polled_printf_example.o" -I../../adc_bsp/microblaze_0/include -mlittle-endian -mcpu=v10.0 -mxl-soft-mul -Wl,--no-relax -MMD -MP -MF"src/xsysmon_polled_printf_example.d" -MT"src/xsysmon_polled_printf_example.o" -o "src/xsysmon_polled_printf_example.o" "../src/xsysmon_polled_printf_example.c"
'Finished building: ../src/xsysmon_polled_printf_example.c'
' '
'Building target: adc_bsp_xsysmon_polled_printf_example_1.elf'
'Invoking: MicroBlaze gcc linker'
mb-gcc -Wl,-T -Wl,../src/lscript.ld -L../../adc_bsp/microblaze_0/lib -mlittle-endian -mcpu=v10.0 -mxl-soft-mul -Wl,--no-relax -o "adc_bsp_xsysmon_polled_printf_example_1.elf"  ./src/xsysmon_polled_printf_example.o   -Wl,--start-group,-lxil,-lgcc,-lc,--end-group
'Finished building target: adc_bsp_xsysmon_polled_printf_example_1.elf'
' '
'Invoking: MicroBlaze Print Size'
mb-size adc_bsp_xsysmon_polled_printf_example_1.elf  |tee "adc_bsp_xsysmon_polled_printf_example_1.elf.size"
   text	   data	    bss	    dec	    hex	filename
  23708	    312	   3148	  27168	   6a20	adc_bsp_xsysmon_polled_printf_example_1.elf
'Finished building: adc_bsp_xsysmon_polled_printf_example_1.elf.size'
' '
22:57:40 **** Clean-only build of configuration Debug for project adc ****
make clean 
rm -rf  ./src/main.o ./src/xgpio_tapp_example.o ./src/xspi_selftest_example.o  ./src/main.d ./src/xgpio_tapp_example.d ./src/xspi_selftest_example.d  adc.elf.size  adc.elf
' '
22:57:40 **** Clean-only build of configuration Debug for project adc_bsp_xsysmon_polled_printf_example_1 ****
make clean 
rm -rf  ./src/xsysmon_polled_printf_example.o  ./src/xsysmon_polled_printf_example.d  adc_bsp_xsysmon_polled_printf_example_1.elf.size  adc_bsp_xsysmon_polled_printf_example_1.elf
' '
22:57:40 **** Clean-only build of project adc_bsp ****
make -k clean 
rm -f microblaze_0/lib/libxil.a
22:57:41 **** Build of project adc_bsp ****
make -k all 
"Running Make include in microblaze_0/libsrc/bram_v4_1/src"
make -C microblaze_0/libsrc/bram_v4_1/src -s include  "SHELL=CMD" "COMPILER=mb-gcc" "ARCHIVER=mb-ar" "COMPILER_FLAGS= -O2 -c -mcpu=v10.0 -mlittle-endian -mxl-soft-mul" "EXTRA_COMPILER_FLAGS=-g"
"Running Make include in microblaze_0/libsrc/cpu_v2_5/src"
make -C microblaze_0/libsrc/cpu_v2_5/src -s include  "SHELL=CMD" "COMPILER=mb-gcc" "ARCHIVER=mb-ar" "COMPILER_FLAGS= -O2 -c -mcpu=v10.0 -mlittle-endian -mxl-soft-mul" "EXTRA_COMPILER_FLAGS=-g"
"Running Make include in microblaze_0/libsrc/gpio_v4_2/src"
make -C microblaze_0/libsrc/gpio_v4_2/src -s include  "SHELL=CMD" "COMPILER=mb-gcc" "ARCHIVER=mb-ar" "COMPILER_FLAGS= -O2 -c -mcpu=v10.0 -mlittle-endian -mxl-soft-mul" "EXTRA_COMPILER_FLAGS=-g"
"Running Make include in microblaze_0/libsrc/spi_v4_2/src"
[...]
'Finished building: ../src/platform.c'
' '
'Building file: ../src/srec.c'
'Invoking: MicroBlaze gcc compiler'
mb-gcc -Wall -O0 -g3 -c -fmessage-length=0 -MT"src/srec.o" -I../../adc_bsp/microblaze_0/include -mlittle-endian -mcpu=v10.0 -mxl-soft-mul -Wl,--no-relax -MMD -MP -MF"src/srec.d" -MT"src/srec.o" -o "src/srec.o" "../src/srec.c"
'Finished building: ../src/srec.c'
' '
'Building target: boot.elf'
'Invoking: MicroBlaze gcc linker'
mb-gcc -Wl,-T -Wl,../src/lscript.ld -L../../adc_bsp/microblaze_0/lib -mlittle-endian -mcpu=v10.0 -mxl-soft-mul -Wl,--no-relax -o "boot.elf"  ./src/bootloader.o ./src/platform.o ./src/srec.o   -Wl,--start-group,-lxil,-lgcc,-lc,--end-group -Wl,--start-group,-lxilisf,-lxil,-lgcc,-lc,--end-group
'Finished building target: boot.elf'
' '
'Invoking: MicroBlaze Print Size'
mb-size boot.elf  |tee "boot.elf.size"
   text	   data	    bss	    dec	    hex	filename
  18228	    332	   2960	  21520	   5410	boot.elf
'Finished building: boot.elf.size'
' '
13:13:39 **** Clean-only build of configuration Debug for project boot ****
make clean 
rm -rf  ./src/bootloader.o ./src/platform.o ./src/srec.o  ./src/bootloader.d ./src/platform.d ./src/srec.d  boot.elf.size  boot.elf
' '
13:13:39 **** Auto Build of configuration Debug for project boot ****
make all 
'Building file: ../src/bootloader.c'
'Invoking: MicroBlaze gcc compiler'
mb-gcc -Wall -O0 -g3 -c -fmessage-length=0 -MT"src/bootloader.o" -I../../adc_bsp/microblaze_0/include -mlittle-endian -mcpu=v10.0 -mxl-soft-mul -Wl,--no-relax -MMD -MP -MF"src/bootloader.d" -MT"src/bootloader.o" -o "src/bootloader.o" "../src/bootloader.c"
In file included from ../src/bootloader.c:37:0:
../src/blconfig.h:32:2: warning: #warning "Please provide the correct address value for the definition FLASH_IMAGE_BASEADDR. Please give the flash offset @ which SREC application is programmed" [-Wcpp]
 #warning "Please provide the correct address value for the definition FLASH_IMAGE_BASEADDR. Please give the flash offset @ which SREC application is programmed"
  ^
../src/bootloader.c:56:2: warning: #warning "Set your Device ID here, as defined in xparameters.h" [-Wcpp]
 #warning "Set your Device ID here, as defined in xparameters.h"
  ^
../src/bootloader.c:135:5: warning: pointer targets in initialization differ in signedness [-Wpointer-sign]
     "",
     ^
../src/bootloader.c:135:5: note: (near initialization for 'errors[0]')
../src/bootloader.c:136:5: warning: pointer targets in initialization differ in signedness [-Wpointer-sign]
     "Error while copying executable image into RAM",
     ^
../src/bootloader.c:136:5: note: (near initialization for 'errors[1]')
../src/bootloader.c:137:5: warning: pointer targets in initialization differ in signedness [-Wpointer-sign]
     "Error while reading an SREC line from flash",
     ^
../src/bootloader.c:137:5: note: (near initialization for 'errors[2]')
../src/bootloader.c:138:5: warning: pointer targets in initialization differ in signedness [-Wpointer-sign]
     "SREC line is corrupted",
     ^
../src/bootloader.c:138:5: note: (near initialization for 'errors[3]')
../src/bootloader.c:139:5: warning: pointer targets in initialization differ in signedness [-Wpointer-sign]
     "SREC has invalid checksum."
     ^
../src/bootloader.c:139:5: note: (near initialization for 'errors[4]')
../src/bootloader.c: In function 'main':
../src/bootloader.c:202:16: warning: pointer targets in passing argument 1 of 'print' differ in signedness [-Wpointer-sign]
         print (errors[ret]);    
                ^
In file included from d:\sdk\2016.3\gnu\microblaze\nt\microblaze-xilinx-elf\include\stdio.h:29:0,
                 from ../src/bootloader.c:34:
d:\sdk\2016.3\gnu\microblaze\nt\microblaze-xilinx-elf\include\stdio.h:223:9: note: expected 'const char *' but argument is of type 'int8_t * {aka signed char *}'
 void    _EXFUN(print, (const char* ));
         ^
../src/bootloader.c:205:16: warning: pointer targets in passing argument 1 of 'print' differ in signedness [-Wpointer-sign]
         print (errors[ret]);
                ^
In file included from d:\sdk\2016.3\gnu\microblaze\nt\microblaze-xilinx-elf\include\stdio.h:29:0,
                 from ../src/bootloader.c:34:
d:\sdk\2016.3\gnu\microblaze\nt\microblaze-xilinx-elf\include\stdio.h:223:9: note: expected 'const char *' but argument is of type 'int8_t * {aka signed char *}'
 void    _EXFUN(print, (const char* ));
         ^
../src/bootloader.c: In function 'flash_get_srec_line':
../src/bootloader.c:289:24: warning: assignment makes integer from pointer without a cast [-Wint-conversion]
      ReadParam.Address = flbuf++;
                        ^
../src/bootloader.c:309:13: warning: implicit declaration of function 'IsfWaitForFlashNotBusy' [-Wimplicit-function-declaration]
    Status = IsfWaitForFlashNotBusy();
             ^
../src/bootloader.c:334:28: warning: assignment makes integer from pointer without a cast [-Wint-conversion]
          ReadParam.Address = flbuf++;
                            ^
'Finished building: ../src/bootloader.c'
' '
'Building file: ../src/platform.c'
'Invoking: MicroBlaze gcc compiler'
mb-gcc -Wall -O0 -g3 -c -fmessage-length=0 -MT"src/platform.o" -I../../adc_bsp/microblaze_0/include -mlittle-endian -mcpu=v10.0 -mxl-soft-mul -Wl,--no-relax -MMD -MP -MF"src/platform.d" -MT"src/platform.o" -o "src/platform.o" "../src/platform.c"
'Finished building: ../src/platform.c'
' '
'Building file: ../src/srec.c'
'Invoking: MicroBlaze gcc compiler'
mb-gcc -Wall -O0 -g3 -c -fmessage-length=0 -MT"src/srec.o" -I../../adc_bsp/microblaze_0/include -mlittle-endian -mcpu=v10.0 -mxl-soft-mul -Wl,--no-relax -MMD -MP -MF"src/srec.d" -MT"src/srec.o" -o "src/srec.o" "../src/srec.c"
'Finished building: ../src/srec.c'
' '
'Building target: boot.elf'
'Invoking: MicroBlaze gcc linker'
mb-gcc -Wl,-T -Wl,../src/lscript.ld -L../../adc_bsp/microblaze_0/lib -mlittle-endian -mcpu=v10.0 -mxl-soft-mul -Wl,--no-relax -o "boot.elf"  ./src/bootloader.o ./src/platform.o ./src/srec.o   -Wl,--start-group,-lxil,-lgcc,-lc,--end-group -Wl,--start-group,-lxilisf,-lxil,-lgcc,-lc,--end-group
'Finished building target: boot.elf'
' '
'Invoking: MicroBlaze Print Size'
mb-size boot.elf  |tee "boot.elf.size"
   text	   data	    bss	    dec	    hex	filename
  18228	    332	   2960	  21520	   5410	boot.elf
'Finished building: boot.elf.size'
' '
13:13:45 **** Incremental Build of configuration Debug for project boot ****
make all 
make: .`all רובע תושעל המ ןיא
13:43:04 **** Clean-only build of configuration Debug for project boot ****
make clean 
rm -rf  ./src/bootloader.o ./src/platform.o ./src/srec.o  ./src/bootloader.d ./src/platform.d ./src/srec.d  boot.elf.size  boot.elf
' '
13:43:05 **** Auto Build of configuration Debug for project boot ****
make all 
'Building file: ../src/bootloader.c'
'Invoking: MicroBlaze gcc compiler'
mb-gcc -Wall -O0 -g3 -c -fmessage-length=0 -MT"src/bootloader.o" -I../../adc_bsp/microblaze_0/include -mlittle-endian -mcpu=v10.0 -mxl-soft-mul -Wl,--no-relax -MMD -MP -MF"src/bootloader.d" -MT"src/bootloader.o" -o "src/bootloader.o" "../src/bootloader.c"
In file included from ../src/bootloader.c:37:0:
../src/blconfig.h:32:2: warning: #warning "Please provide the correct address value for the definition FLASH_IMAGE_BASEADDR. Please give the flash offset @ which SREC application is programmed" [-Wcpp]
 #warning "Please provide the correct address value for the definition FLASH_IMAGE_BASEADDR. Please give the flash offset @ which SREC application is programmed"
  ^
../src/bootloader.c:56:2: warning: #warning "Set your Device ID here, as defined in xparameters.h" [-Wcpp]
 #warning "Set your Device ID here, as defined in xparameters.h"
  ^
../src/bootloader.c:135:5: warning: pointer targets in initialization differ in signedness [-Wpointer-sign]
     "",
     ^
../src/bootloader.c:135:5: note: (near initialization for 'errors[0]')
../src/bootloader.c:136:5: warning: pointer targets in initialization differ in signedness [-Wpointer-sign]
     "Error while copying executable image into RAM",
     ^
../src/bootloader.c:136:5: note: (near initialization for 'errors[1]')
../src/bootloader.c:137:5: warning: pointer targets in initialization differ in signedness [-Wpointer-sign]
     "Error while reading an SREC line from flash",
     ^
../src/bootloader.c:137:5: note: (near initialization for 'errors[2]')
../src/bootloader.c:138:5: warning: pointer targets in initialization differ in signedness [-Wpointer-sign]
     "SREC line is corrupted",
     ^
../src/bootloader.c:138:5: note: (near initialization for 'errors[3]')
../src/bootloader.c:139:5: warning: pointer targets in initialization differ in signedness [-Wpointer-sign]
     "SREC has invalid checksum."
     ^
../src/bootloader.c:139:5: note: (near initialization for 'errors[4]')
../src/bootloader.c: In function 'main':
../src/bootloader.c:202:16: warning: pointer targets in passing argument 1 of 'print' differ in signedness [-Wpointer-sign]
         print (errors[ret]);    
                ^
In file included from d:\sdk\2016.3\gnu\microblaze\nt\microblaze-xilinx-elf\include\stdio.h:29:0,
                 from ../src/bootloader.c:34:
d:\sdk\2016.3\gnu\microblaze\nt\microblaze-xilinx-elf\include\stdio.h:223:9: note: expected 'const char *' but argument is of type 'int8_t * {aka signed char *}'
 void    _EXFUN(print, (const char* ));
         ^
../src/bootloader.c:205:16: warning: pointer targets in passing argument 1 of 'print' differ in signedness [-Wpointer-sign]
         print (errors[ret]);
                ^
In file included from d:\sdk\2016.3\gnu\microblaze\nt\microblaze-xilinx-elf\include\stdio.h:29:0,
                 from ../src/bootloader.c:34:
d:\sdk\2016.3\gnu\microblaze\nt\microblaze-xilinx-elf\include\stdio.h:223:9: note: expected 'const char *' but argument is of type 'int8_t * {aka signed char *}'
 void    _EXFUN(print, (const char* ));
         ^
../src/bootloader.c: In function 'flash_get_srec_line':
../src/bootloader.c:289:24: warning: assignment makes integer from pointer without a cast [-Wint-conversion]
      ReadParam.Address = flbuf++;
                        ^
../src/bootloader.c:309:13: warning: implicit declaration of function 'IsfWaitForFlashNotBusy' [-Wimplicit-function-declaration]
    Status = IsfWaitForFlashNotBusy();
             ^
../src/bootloader.c:334:28: warning: assignment makes integer from pointer without a cast [-Wint-conversion]
          ReadParam.Address = flbuf++;
                            ^
'Finished building: ../src/bootloader.c'
' '
'Building file: ../src/platform.c'
'Invoking: MicroBlaze gcc compiler'
mb-gcc -Wall -O0 -g3 -c -fmessage-length=0 -MT"src/platform.o" -I../../adc_bsp/microblaze_0/include -mlittle-endian -mcpu=v10.0 -mxl-soft-mul -Wl,--no-relax -MMD -MP -MF"src/platform.d" -MT"src/platform.o" -o "src/platform.o" "../src/platform.c"
'Finished building: ../src/platform.c'
' '
'Building file: ../src/srec.c'
'Invoking: MicroBlaze gcc compiler'
mb-gcc -Wall -O0 -g3 -c -fmessage-length=0 -MT"src/srec.o" -I../../adc_bsp/microblaze_0/include -mlittle-endian -mcpu=v10.0 -mxl-soft-mul -Wl,--no-relax -MMD -MP -MF"src/srec.d" -MT"src/srec.o" -o "src/srec.o" "../src/srec.c"
'Finished building: ../src/srec.c'
' '
'Building target: boot.elf'
'Invoking: MicroBlaze gcc linker'
mb-gcc -Wl,-T -Wl,../src/lscript.ld -L../../adc_bsp/microblaze_0/lib -mlittle-endian -mcpu=v10.0 -mxl-soft-mul -Wl,--no-relax -o "boot.elf"  ./src/bootloader.o ./src/platform.o ./src/srec.o   -Wl,--start-group,-lxil,-lgcc,-lc,--end-group -Wl,--start-group,-lxilisf,-lxil,-lgcc,-lc,--end-group
'Finished building target: boot.elf'
' '
'Invoking: MicroBlaze Print Size'
mb-size boot.elf  |tee "boot.elf.size"
   text	   data	    bss	    dec	    hex	filename
  18228	    332	   2960	  21520	   5410	boot.elf
'Finished building: boot.elf.size'
' '
13:43:09 **** Incremental Build of configuration Debug for project boot ****
make all 
make: .`all רובע תושעל המ ןיא
13:43:46 **** Clean-only build of configuration Debug for project boot ****
make clean 
rm -rf  ./src/bootloader.o ./src/platform.o ./src/srec.o  ./src/bootloader.d ./src/platform.d ./src/srec.d  boot.elf.size  boot.elf
' '
13:43:47 **** Auto Build of configuration Debug for project boot ****
make all 
'Building file: ../src/bootloader.c'
'Invoking: MicroBlaze gcc compiler'
mb-gcc -Wall -O0 -g3 -c -fmessage-length=0 -MT"src/bootloader.o" -I../../adc_bsp/microblaze_0/include -mlittle-endian -mcpu=v10.0 -mxl-soft-mul -Wl,--no-relax -MMD -MP -MF"src/bootloader.d" -MT"src/bootloader.o" -o "src/bootloader.o" "../src/bootloader.c"
In file included from ../src/bootloader.c:37:0:
../src/blconfig.h:32:2: warning: #warning "Please provide the correct address value for the definition FLASH_IMAGE_BASEADDR. Please give the flash offset @ which SREC application is programmed" [-Wcpp]
 #warning "Please provide the correct address value for the definition FLASH_IMAGE_BASEADDR. Please give the flash offset @ which SREC application is programmed"
  ^
../src/bootloader.c:56:2: warning: #warning "Set your Device ID here, as defined in xparameters.h" [-Wcpp]
 #warning "Set your Device ID here, as defined in xparameters.h"
  ^
../src/bootloader.c:135:5: warning: pointer targets in initialization differ in signedness [-Wpointer-sign]
     "",
     ^
../src/bootloader.c:135:5: note: (near initialization for 'errors[0]')
../src/bootloader.c:136:5: warning: pointer targets in initialization differ in signedness [-Wpointer-sign]
     "Error while copying executable image into RAM",
     ^
../src/bootloader.c:136:5: note: (near initialization for 'errors[1]')
../src/bootloader.c:137:5: warning: pointer targets in initialization differ in signedness [-Wpointer-sign]
     "Error while reading an SREC line from flash",
     ^
../src/bootloader.c:137:5: note: (near initialization for 'errors[2]')
../src/bootloader.c:138:5: warning: pointer targets in initialization differ in signedness [-Wpointer-sign]
     "SREC line is corrupted",
     ^
../src/bootloader.c:138:5: note: (near initialization for 'errors[3]')
../src/bootloader.c:139:5: warning: pointer targets in initialization differ in signedness [-Wpointer-sign]
     "SREC has invalid checksum."
     ^
../src/bootloader.c:139:5: note: (near initialization for 'errors[4]')
../src/bootloader.c: In function 'main':
../src/bootloader.c:202:16: warning: pointer targets in passing argument 1 of 'print' differ in signedness [-Wpointer-sign]
         print (errors[ret]);    
                ^
In file included from d:\sdk\2016.3\gnu\microblaze\nt\microblaze-xilinx-elf\include\stdio.h:29:0,
                 from ../src/bootloader.c:34:
d:\sdk\2016.3\gnu\microblaze\nt\microblaze-xilinx-elf\include\stdio.h:223:9: note: expected 'const char *' but argument is of type 'int8_t * {aka signed char *}'
 void    _EXFUN(print, (const char* ));
         ^
../src/bootloader.c:205:16: warning: pointer targets in passing argument 1 of 'print' differ in signedness [-Wpointer-sign]
         print (errors[ret]);
                ^
In file included from d:\sdk\2016.3\gnu\microblaze\nt\microblaze-xilinx-elf\include\stdio.h:29:0,
                 from ../src/bootloader.c:34:
d:\sdk\2016.3\gnu\microblaze\nt\microblaze-xilinx-elf\include\stdio.h:223:9: note: expected 'const char *' but argument is of type 'int8_t * {aka signed char *}'
 void    _EXFUN(print, (const char* ));
         ^
../src/bootloader.c: In function 'flash_get_srec_line':
../src/bootloader.c:289:24: warning: assignment makes integer from pointer without a cast [-Wint-conversion]
      ReadParam.Address = flbuf++;
                        ^
../src/bootloader.c:309:13: warning: implicit declaration of function 'IsfWaitForFlashNotBusy' [-Wimplicit-function-declaration]
    Status = IsfWaitForFlashNotBusy();
             ^
../src/bootloader.c:334:28: warning: assignment makes integer from pointer without a cast [-Wint-conversion]
          ReadParam.Address = flbuf++;
                            ^
'Finished building: ../src/bootloader.c'
' '
'Building file: ../src/platform.c'
'Invoking: MicroBlaze gcc compiler'
mb-gcc -Wall -O0 -g3 -c -fmessage-length=0 -MT"src/platform.o" -I../../adc_bsp/microblaze_0/include -mlittle-endian -mcpu=v10.0 -mxl-soft-mul -Wl,--no-relax -MMD -MP -MF"src/platform.d" -MT"src/platform.o" -o "src/platform.o" "../src/platform.c"
'Finished building: ../src/platform.c'
' '
'Building file: ../src/srec.c'
'Invoking: MicroBlaze gcc compiler'
mb-gcc -Wall -O0 -g3 -c -fmessage-length=0 -MT"src/srec.o" -I../../adc_bsp/microblaze_0/include -mlittle-endian -mcpu=v10.0 -mxl-soft-mul -Wl,--no-relax -MMD -MP -MF"src/srec.d" -MT"src/srec.o" -o "src/srec.o" "../src/srec.c"
'Finished building: ../src/srec.c'
' '
'Building target: boot.elf'
'Invoking: MicroBlaze gcc linker'
mb-gcc -Wl,-T -Wl,../src/lscript.ld -L../../adc_bsp/microblaze_0/lib -mlittle-endian -mcpu=v10.0 -mxl-soft-mul -Wl,--no-relax -o "boot.elf"  ./src/bootloader.o ./src/platform.o ./src/srec.o   -Wl,--start-group,-lxil,-lgcc,-lc,--end-group -Wl,--start-group,-lxilisf,-lxil,-lgcc,-lc,--end-group
'Finished building target: boot.elf'
' '
'Invoking: MicroBlaze Print Size'
mb-size boot.elf  |tee "boot.elf.size"
   text	   data	    bss	    dec	    hex	filename
  18228	    332	   2960	  21520	   5410	boot.elf
'Finished building: boot.elf.size'
' '
13:43:58 **** Incremental Build of configuration Debug for project boot ****
make all 
make: .`all רובע תושעל המ ןיא
13:44:15 **** Incremental Build of configuration Debug for project boot ****
make all 
make: .`all רובע תושעל המ ןיא
13:44:38 **** Clean-only build of configuration Debug for project adc ****
make clean 
rm -rf  ./src/main.o ./src/xgpio_tapp_example.o ./src/xspi_selftest_example.o  ./src/main.d ./src/xgpio_tapp_example.d ./src/xspi_selftest_example.d  adc.elf.size  adc.elf
' '
13:44:39 **** Auto Build of configuration Debug for project adc ****
make all 
'Building file: ../src/main.c'
'Invoking: MicroBlaze gcc compiler'
mb-gcc -Wall -O0 -g3 -c -fmessage-length=0 -MT"src/main.o" -I../../adc_bsp/microblaze_0/include -mlittle-endian -mcpu=v10.0 -mxl-soft-mul -Wl,--no-relax -MMD -MP -MF"src/main.d" -MT"src/main.o" -o "src/main.o" "../src/main.c"
../src/main.c: In function 'readADC':
../src/main.c:91:1: warning: control reaches end of non-void function [-Wreturn-type]
 }
 ^
'Finished building: ../src/main.c'
' '
'Building file: ../src/xgpio_tapp_example.c'
'Invoking: MicroBlaze gcc compiler'
mb-gcc -Wall -O0 -g3 -c -fmessage-length=0 -MT"src/xgpio_tapp_example.o" -I../../adc_bsp/microblaze_0/include -mlittle-endian -mcpu=v10.0 -mxl-soft-mul -Wl,--no-relax -MMD -MP -MF"src/xgpio_tapp_example.d" -MT"src/xgpio_tapp_example.o" -o "src/xgpio_tapp_example.o" "../src/xgpio_tapp_example.c"
'Finished building: ../src/xgpio_tapp_example.c'
' '
'Building file: ../src/xspi_selftest_example.c'
'Invoking: MicroBlaze gcc compiler'
mb-gcc -Wall -O0 -g3 -c -fmessage-length=0 -MT"src/xspi_selftest_example.o" -I../../adc_bsp/microblaze_0/include -mlittle-endian -mcpu=v10.0 -mxl-soft-mul -Wl,--no-relax -MMD -MP -MF"src/xspi_selftest_example.d" -MT"src/xspi_selftest_example.o" -o "src/xspi_selftest_example.o" "../src/xspi_selftest_example.c"
'Finished building: ../src/xspi_selftest_example.c'
' '
'Building target: adc.elf'
'Invoking: MicroBlaze gcc linker'
mb-gcc -Wl,-T -Wl,../src/lscript.ld -L../../adc_bsp/microblaze_0/lib -mlittle-endian -mcpu=v10.0 -mxl-soft-mul -Wl,--no-relax -o "adc.elf"  ./src/main.o ./src/xgpio_tapp_example.o ./src/xspi_selftest_example.o   -Wl,--start-group,-lxil,-lgcc,-lc,--end-group -Wl,--start-group,-lxilisf,-lxil,-lgcc,-lc,--end-group
'Finished building target: adc.elf'
' '
'Invoking: MicroBlaze Print Size'
mb-size adc.elf  |tee "adc.elf.size"
   text	   data	    bss	    dec	    hex	filename
 110980	   1672	   2372	 115024	  1c150	adc.elf
'Finished building: adc.elf.size'
' '
