14:59:34 **** Clean-only build of configuration Debug for project blabla ****
make clean 
rm -rf  ./src/testperiph.o ./src/xgpio_tapp_example.o ./src/xspi_selftest_example.o  ./src/testperiph.d ./src/xgpio_tapp_example.d ./src/xspi_selftest_example.d  blabla.elf.size  blabla.elf
' '
14:59:34 **** Clean-only build of project blabla_bsp ****
make -k clean 
make -C microblaze_0/libsrc/bram_v4_2/src -s clean 
make -C microblaze_0/libsrc/cpu_v2_6/src -s clean 
make -C microblaze_0/libsrc/gpio_v4_3/src -s clean 
make -C microblaze_0/libsrc/spi_v4_3/src -s clean 
make -C microblaze_0/libsrc/standalone_v6_5/src -s clean 
make -C microblaze_0/libsrc/uartlite_v3_2/src -s clean 
rm -f microblaze_0/lib/libxil.a
14:59:34 **** Build of project blabla_bsp ****
make -k all 
"Running Make include in microblaze_0/libsrc/bram_v4_2/src"
make -C microblaze_0/libsrc/bram_v4_2/src -s include  "SHELL=CMD" "COMPILER=mb-gcc" "ARCHIVER=mb-ar" "COMPILER_FLAGS= -O2 -c -mcpu=v10.0 -mlittle-endian -mxl-soft-mul" "EXTRA_COMPILER_FLAGS=-ffunction-sections -fdata-sections -Wall -Wextra"
"Running Make include in microblaze_0/libsrc/cpu_v2_6/src"
make -C microblaze_0/libsrc/cpu_v2_6/src -s include  "SHELL=CMD" "COMPILER=mb-gcc" "ARCHIVER=mb-ar" "COMPILER_FLAGS= -O2 -c -mcpu=v10.0 -mlittle-endian -mxl-soft-mul" "EXTRA_COMPILER_FLAGS=-ffunction-sections -fdata-sections -Wall -Wextra"
"Running Make include in microblaze_0/libsrc/gpio_v4_3/src"
make -C microblaze_0/libsrc/gpio_v4_3/src -s include  "SHELL=CMD" "COMPILER=mb-gcc" "ARCHIVER=mb-ar" "COMPILER_FLAGS= -O2 -c -mcpu=v10.0 -mlittle-endian -mxl-soft-mul" "EXTRA_COMPILER_FLAGS=-ffunction-sections -fdata-sections -Wall -Wextra"
"Running Make include in microblaze_0/libsrc/spi_v4_3/src"
make -C microblaze_0/libsrc/spi_v4_3/src -s include  "SHELL=CMD" "COMPILER=mb-gcc" "ARCHIVER=mb-ar" "COMPILER_FLAGS= -O2 -c -mcpu=v10.0 -mlittle-endian -mxl-soft-mul" "EXTRA_COMPILER_FLAGS=-ffunction-sections -fdata-sections -Wall -Wextra"
"Running Make include in microblaze_0/libsrc/standalone_v6_5/src"
make -C microblaze_0/libsrc/standalone_v6_5/src -s include  "SHELL=CMD" "COMPILER=mb-gcc" "ARCHIVER=mb-ar" "COMPILER_FLAGS= -O2 -c -mcpu=v10.0 -mlittle-endian -mxl-soft-mul" "EXTRA_COMPILER_FLAGS=-ffunction-sections -fdata-sections -Wall -Wextra"
"Running Make include in microblaze_0/libsrc/uartlite_v3_2/src"
make -C microblaze_0/libsrc/uartlite_v3_2/src -s include  "SHELL=CMD" "COMPILER=mb-gcc" "ARCHIVER=mb-ar" "COMPILER_FLAGS= -O2 -c -mcpu=v10.0 -mlittle-endian -mxl-soft-mul" "EXTRA_COMPILER_FLAGS=-ffunction-sections -fdata-sections -Wall -Wextra"
"Running Make libs in microblaze_0/libsrc/bram_v4_2/src"
make -C microblaze_0/libsrc/bram_v4_2/src -s libs  "SHELL=CMD" "COMPILER=mb-gcc" "ARCHIVER=mb-ar" "COMPILER_FLAGS= -O2 -c -mcpu=v10.0 -mlittle-endian -mxl-soft-mul" "EXTRA_COMPILER_FLAGS=-ffunction-sections -fdata-sections -Wall -Wextra"
"Compiling bram"
mb-ar: creating ../../../lib/libxil.a
"Running Make libs in microblaze_0/libsrc/cpu_v2_6/src"
make -C microblaze_0/libsrc/cpu_v2_6/src -s libs  "SHELL=CMD" "COMPILER=mb-gcc" "ARCHIVER=mb-ar" "COMPILER_FLAGS= -O2 -c -mcpu=v10.0 -mlittle-endian -mxl-soft-mul" "EXTRA_COMPILER_FLAGS=-ffunction-sections -fdata-sections -Wall -Wextra"
"Compiling cpu"
"Running Make libs in microblaze_0/libsrc/gpio_v4_3/src"
make -C microblaze_0/libsrc/gpio_v4_3/src -s libs  "SHELL=CMD" "COMPILER=mb-gcc" "ARCHIVER=mb-ar" "COMPILER_FLAGS= -O2 -c -mcpu=v10.0 -mlittle-endian -mxl-soft-mul" "EXTRA_COMPILER_FLAGS=-ffunction-sections -fdata-sections -Wall -Wextra"
"Compiling gpio"
"Running Make libs in microblaze_0/libsrc/spi_v4_3/src"
make -C microblaze_0/libsrc/spi_v4_3/src -s libs  "SHELL=CMD" "COMPILER=mb-gcc" "ARCHIVER=mb-ar" "COMPILER_FLAGS= -O2 -c -mcpu=v10.0 -mlittle-endian -mxl-soft-mul" "EXTRA_COMPILER_FLAGS=-ffunction-sections -fdata-sections -Wall -Wextra"
"Compiling spi"
"Running Make libs in microblaze_0/libsrc/standalone_v6_5/src"
make -C microblaze_0/libsrc/standalone_v6_5/src -s libs  "SHELL=CMD" "COMPILER=mb-gcc" "ARCHIVER=mb-ar" "COMPILER_FLAGS= -O2 -c -mcpu=v10.0 -mlittle-endian -mxl-soft-mul" "EXTRA_COMPILER_FLAGS=-ffunction-sections -fdata-sections -Wall -Wextra"
"Compiling standalone";
"Running Make libs in microblaze_0/libsrc/uartlite_v3_2/src"
make -C microblaze_0/libsrc/uartlite_v3_2/src -s libs  "SHELL=CMD" "COMPILER=mb-gcc" "ARCHIVER=mb-ar" "COMPILER_FLAGS= -O2 -c -mcpu=v10.0 -mlittle-endian -mxl-soft-mul" "EXTRA_COMPILER_FLAGS=-ffunction-sections -fdata-sections -Wall -Wextra"
"Compiling uartlite"
'Finished building libraries'
14:59:39 **** Build of configuration Debug for project blabla ****
make all 
'Building file: ../src/testperiph.c'
'Invoking: MicroBlaze gcc compiler'
mb-gcc -Wall -O0 -g3 -c -fmessage-length=0 -MT"src/testperiph.o" -I../../blabla_bsp/microblaze_0/include -mlittle-endian -mcpu=v10.0 -mxl-soft-mul -Wl,--no-relax -ffunction-sections -fdata-sections -MMD -MP -MF"src/testperiph.d" -MT"src/testperiph.o" -o "src/testperiph.o" "../src/testperiph.c"
'Finished building: ../src/testperiph.c'
' '
'Building file: ../src/xgpio_tapp_example.c'
'Invoking: MicroBlaze gcc compiler'
mb-gcc -Wall -O0 -g3 -c -fmessage-length=0 -MT"src/xgpio_tapp_example.o" -I../../blabla_bsp/microblaze_0/include -mlittle-endian -mcpu=v10.0 -mxl-soft-mul -Wl,--no-relax -ffunction-sections -fdata-sections -MMD -MP -MF"src/xgpio_tapp_example.d" -MT"src/xgpio_tapp_example.o" -o "src/xgpio_tapp_example.o" "../src/xgpio_tapp_example.c"
'Finished building: ../src/xgpio_tapp_example.c'
' '
'Building file: ../src/xspi_selftest_example.c'
'Invoking: MicroBlaze gcc compiler'
mb-gcc -Wall -O0 -g3 -c -fmessage-length=0 -MT"src/xspi_selftest_example.o" -I../../blabla_bsp/microblaze_0/include -mlittle-endian -mcpu=v10.0 -mxl-soft-mul -Wl,--no-relax -ffunction-sections -fdata-sections -MMD -MP -MF"src/xspi_selftest_example.d" -MT"src/xspi_selftest_example.o" -o "src/xspi_selftest_example.o" "../src/xspi_selftest_example.c"
'Finished building: ../src/xspi_selftest_example.c'
' '
'Building target: blabla.elf'
'Invoking: MicroBlaze gcc linker'
mb-gcc -Wl,-T -Wl,../src/lscript.ld -L../../blabla_bsp/microblaze_0/lib -mlittle-endian -mcpu=v10.0 -mxl-soft-mul -Wl,--no-relax -Wl,--gc-sections -o "blabla.elf"  ./src/testperiph.o ./src/xgpio_tapp_example.o ./src/xspi_selftest_example.o   -Wl,--start-group,-lxil,-lgcc,-lc,--end-group
'Finished building target: blabla.elf'
' '
'Invoking: MicroBlaze Print Size'
mb-size blabla.elf  |tee "blabla.elf.size"
   text	   data	    bss	    dec	    hex	filename
  10240	    336	   3240	  13816	   35f8	blabla.elf
'Finished building: blabla.elf.size'
' '
14:59:45 **** Incremental Build of configuration Debug for project blabla ****
make all 
make: Nothing to be done for `all'.
15:00:07 **** Auto Build of configuration Debug for project spi2 ****
make all 
make: *** No rule to make target `debugger.o', needed by `spi2.elf'.  Stop.
15:00:23 **** Auto Build of configuration Debug for project blabla ****
make all 
make: Nothing to be done for `all'.
15:00:43 **** Auto Build of configuration Debug for project blabla ****
make all 
'Building file: ../src/testperiph.c'
'Invoking: MicroBlaze gcc compiler'
mb-gcc -Wall -O0 -g3 -c -fmessage-length=0 -MT"src/testperiph.o" -I../../blabla_bsp/microblaze_0/include -mlittle-endian -mcpu=v10.0 -mxl-soft-mul -Wl,--no-relax -ffunction-sections -fdata-sections -MMD -MP -MF"src/testperiph.d" -MT"src/testperiph.o" -o "src/testperiph.o" "../src/testperiph.c"
'Finished building: ../src/testperiph.c'
' '
'Building file: ../src/deb.c'
'Invoking: MicroBlaze gcc compiler'
mb-gcc -Wall -O0 -g3 -c -fmessage-length=0 -MT"src/deb.o" -I../../blabla_bsp/microblaze_0/include -mlittle-endian -mcpu=v10.0 -mxl-soft-mul -Wl,--no-relax -ffunction-sections -fdata-sections -MMD -MP -MF"src/deb.d" -MT"src/deb.o" -o "src/deb.o" "../src/deb.c"
'Finished building: ../src/deb.c'
' '
'Building file: ../src/led.c'
'Invoking: MicroBlaze gcc compiler'
mb-gcc -Wall -O0 -g3 -c -fmessage-length=0 -MT"src/led.o" -I../../blabla_bsp/microblaze_0/include -mlittle-endian -mcpu=v10.0 -mxl-soft-mul -Wl,--no-relax -ffunction-sections -fdata-sections -MMD -MP -MF"src/led.d" -MT"src/led.o" -o "src/led.o" "../src/led.c"
../src/led.c: In function 'toggleBlue':
../src/led.c:49:1: warning: control reaches end of non-void function [-Wreturn-type]
 }
 ^
'Finished building: ../src/led.c'
' '
'Building file: ../src/spi_toMUX.c'
'Invoking: MicroBlaze gcc compiler'
mb-gcc -Wall -O0 -g3 -c -fmessage-length=0 -MT"src/spi_toMUX.o" -I../../blabla_bsp/microblaze_0/include -mlittle-endian -mcpu=v10.0 -mxl-soft-mul -Wl,--no-relax -ffunction-sections -fdata-sections -MMD -MP -MF"src/spi_toMUX.d" -MT"src/spi_toMUX.o" -o "src/spi_toMUX.o" "../src/spi_toMUX.c"
'Finished building: ../src/spi_toMUX.c'
' '
'Building target: blabla.elf'
'Invoking: MicroBlaze gcc linker'
mb-gcc -Wl,-T -Wl,../src/lscript.ld -L../../blabla_bsp/microblaze_0/lib -mlittle-endian -mcpu=v10.0 -mxl-soft-mul -Wl,--no-relax -Wl,--gc-sections -o "blabla.elf"  ./src/deb.o ./src/led.o ./src/spi_toMUX.o ./src/testperiph.o ./src/xgpio_tapp_example.o ./src/xspi_selftest_example.o   -Wl,--start-group,-lxil,-lgcc,-lc,--end-group
'Finished building target: blabla.elf'
' '
'Invoking: MicroBlaze Print Size'
mb-size blabla.elf  |tee "blabla.elf.size"
   text	   data	    bss	    dec	    hex	filename
  19204	   1376	   3300	  23880	   5d48	blabla.elf
'Finished building: blabla.elf.size'
' '
15:00:51 **** Incremental Build of configuration Debug for project blabla ****
make all 
make: Nothing to be done for `all'.
15:01:49 **** Auto Build of configuration Debug for project blabla ****
make all 
'Building file: ../src/testperiph.c'
'Invoking: MicroBlaze gcc compiler'
mb-gcc -Wall -O0 -g3 -c -fmessage-length=0 -MT"src/testperiph.o" -I../../blabla_bsp/microblaze_0/include -mlittle-endian -mcpu=v10.0 -mxl-soft-mul -Wl,--no-relax -ffunction-sections -fdata-sections -MMD -MP -MF"src/testperiph.d" -MT"src/testperiph.o" -o "src/testperiph.o" "../src/testperiph.c"
../src/testperiph.c: In function 'main':
../src/testperiph.c:84:5: warning: implicit declaration of function 'XSpi_Abort' [-Wimplicit-function-declaration]
     XSpi_Abort(&Spi);
     ^~~~~~~~~~
../src/testperiph.c:47:11: warning: unused variable 'Deb' [-Wunused-variable]
     XGpio Deb;
           ^~~
'Finished building: ../src/testperiph.c'
' '
'Building target: blabla.elf'
'Invoking: MicroBlaze gcc linker'
mb-gcc -Wl,-T -Wl,../src/lscript.ld -L../../blabla_bsp/microblaze_0/lib -mlittle-endian -mcpu=v10.0 -mxl-soft-mul -Wl,--no-relax -Wl,--gc-sections -o "blabla.elf"  ./src/deb.o ./src/led.o ./src/spi_toMUX.o ./src/testperiph.o ./src/xgpio_tapp_example.o ./src/xspi_selftest_example.o   -Wl,--start-group,-lxil,-lgcc,-lc,--end-group
'Finished building target: blabla.elf'
' '
'Invoking: MicroBlaze Print Size'
mb-size blabla.elf  |tee "blabla.elf.size"
   text	   data	    bss	    dec	    hex	filename
  96136	   1500	   3196	 100832	  189e0	blabla.elf
'Finished building: blabla.elf.size'
' '
15:01:53 **** Incremental Build of configuration Debug for project blabla ****
make all 
make: Nothing to be done for `all'.
15:02:22 **** Incremental Build of configuration Debug for project blabla ****
make all 
'Building file: ../src/testperiph.c'
'Invoking: MicroBlaze gcc compiler'
mb-gcc -Wall -O0 -g3 -c -fmessage-length=0 -MT"src/testperiph.o" -I../../blabla_bsp/microblaze_0/include -mlittle-endian -mcpu=v10.0 -mxl-soft-mul -Wl,--no-relax -ffunction-sections -fdata-sections -MMD -MP -MF"src/testperiph.d" -MT"src/testperiph.o" -o "src/testperiph.o" "../src/testperiph.c"
../src/testperiph.c: In function 'main':
../src/testperiph.c:84:5: warning: implicit declaration of function 'XSpi_Abort' [-Wimplicit-function-declaration]
     XSpi_Abort(&Spi);
     ^~~~~~~~~~
../src/testperiph.c:51:9: warning: unused variable 'dstatus' [-Wunused-variable]
     int dstatus=debuggerInit(&Deb, DebuggerID);
         ^~~~~~~
'Finished building: ../src/testperiph.c'
' '
'Building target: blabla.elf'
'Invoking: MicroBlaze gcc linker'
mb-gcc -Wl,-T -Wl,../src/lscript.ld -L../../blabla_bsp/microblaze_0/lib -mlittle-endian -mcpu=v10.0 -mxl-soft-mul -Wl,--no-relax -Wl,--gc-sections -o "blabla.elf"  ./src/deb.o ./src/led.o ./src/spi_toMUX.o ./src/testperiph.o ./src/xgpio_tapp_example.o ./src/xspi_selftest_example.o   -Wl,--start-group,-lxil,-lgcc,-lc,--end-group
'Finished building target: blabla.elf'
' '
'Invoking: MicroBlaze Print Size'
mb-size blabla.elf  |tee "blabla.elf.size"
   text	   data	    bss	    dec	    hex	filename
  96372	   1500	   3200	 101072	  18ad0	blabla.elf
'Finished building: blabla.elf.size'
' '
15:02:45 **** Auto Build of configuration Debug for project blabla ****
make all 
'Building file: ../src/testperiph.c'
'Invoking: MicroBlaze gcc compiler'
mb-gcc -Wall -O0 -g3 -c -fmessage-length=0 -MT"src/testperiph.o" -I../../blabla_bsp/microblaze_0/include -mlittle-endian -mcpu=v10.0 -mxl-soft-mul -Wl,--no-relax -ffunction-sections -fdata-sections -MMD -MP -MF"src/testperiph.d" -MT"src/testperiph.o" -o "src/testperiph.o" "../src/testperiph.c"
../src/testperiph.c: In function 'main':
../src/testperiph.c:84:5: warning: implicit declaration of function 'XSpi_Abort' [-Wimplicit-function-declaration]
     XSpi_Abort(&Spi);
     ^~~~~~~~~~
'Finished building: ../src/testperiph.c'
' '
'Building target: blabla.elf'
'Invoking: MicroBlaze gcc linker'
mb-gcc -Wl,-T -Wl,../src/lscript.ld -L../../blabla_bsp/microblaze_0/lib -mlittle-endian -mcpu=v10.0 -mxl-soft-mul -Wl,--no-relax -Wl,--gc-sections -o "blabla.elf"  ./src/deb.o ./src/led.o ./src/spi_toMUX.o ./src/testperiph.o ./src/xgpio_tapp_example.o ./src/xspi_selftest_example.o   -Wl,--start-group,-lxil,-lgcc,-lc,--end-group
'Finished building target: blabla.elf'
' '
'Invoking: MicroBlaze Print Size'
mb-size blabla.elf  |tee "blabla.elf.size"
   text	   data	    bss	    dec	    hex	filename
  96380	   1500	   3200	 101080	  18ad8	blabla.elf
'Finished building: blabla.elf.size'
' '
15:02:46 **** Incremental Build of configuration Debug for project blabla ****
make all 
make: Nothing to be done for `all'.
15:03:55 **** Auto Build of configuration Debug for project blabla ****
make all 
'Building file: ../src/deb.c'
'Invoking: MicroBlaze gcc compiler'
mb-gcc -Wall -O0 -g3 -c -fmessage-length=0 -MT"src/deb.o" -I../../blabla_bsp/microblaze_0/include -mlittle-endian -mcpu=v10.0 -mxl-soft-mul -Wl,--no-relax -ffunction-sections -fdata-sections -MMD -MP -MF"src/deb.d" -MT"src/deb.o" -o "src/deb.o" "../src/deb.c"
../src/deb.c: In function 'getDebugValues':
../src/deb.c:39:38: error: 'BTN_CHANNEL' undeclared (first use in this function)
  DataRead = XGpio_DiscreteRead(GPIO, BTN_CHANNEL);
                                      ^~~~~~~~~~~
../src/deb.c:39:38: note: each undeclared identifier is reported only once for each function it appears in
make: *** [src/deb.o] Error 1
15:05:04 **** Auto Build of configuration Debug for project blabla ****
make all 
'Building file: ../src/deb.c'
'Invoking: MicroBlaze gcc compiler'
mb-gcc -Wall -O0 -g3 -c -fmessage-length=0 -MT"src/deb.o" -I../../blabla_bsp/microblaze_0/include -mlittle-endian -mcpu=v10.0 -mxl-soft-mul -Wl,--no-relax -ffunction-sections -fdata-sections -MMD -MP -MF"src/deb.d" -MT"src/deb.o" -o "src/deb.o" "../src/deb.c"
../src/deb.c:13:11: warning: 'activeCounter' defined but not used [-Wunused-variable]
 static u8 activeCounter=0;
           ^~~~~~~~~~~~~
../src/deb.c:12:11: warning: 'Command' defined but not used [-Wunused-variable]
 static u8 Command=0;
           ^~~~~~~
../src/deb.c:11:11: warning: 'AdcCounter' defined but not used [-Wunused-variable]
 static u8 AdcCounter=0;
           ^~~~~~~~~~
'Finished building: ../src/deb.c'
' '
'Building target: blabla.elf'
'Invoking: MicroBlaze gcc linker'
mb-gcc -Wl,-T -Wl,../src/lscript.ld -L../../blabla_bsp/microblaze_0/lib -mlittle-endian -mcpu=v10.0 -mxl-soft-mul -Wl,--no-relax -Wl,--gc-sections -o "blabla.elf"  ./src/deb.o ./src/led.o ./src/spi_toMUX.o ./src/testperiph.o ./src/xgpio_tapp_example.o ./src/xspi_selftest_example.o   -Wl,--start-group,-lxil,-lgcc,-lc,--end-group
'Finished building target: blabla.elf'
' '
'Invoking: MicroBlaze Print Size'
mb-size blabla.elf  |tee "blabla.elf.size"
   text	   data	    bss	    dec	    hex	filename
  96380	   1500	   3200	 101080	  18ad8	blabla.elf
'Finished building: blabla.elf.size'
' '
15:09:25 **** Auto Build of configuration Debug for project blabla ****
make all 
'Building file: ../src/deb.c'
'Invoking: MicroBlaze gcc compiler'
mb-gcc -Wall -O0 -g3 -c -fmessage-length=0 -MT"src/deb.o" -I../../blabla_bsp/microblaze_0/include -mlittle-endian -mcpu=v10.0 -mxl-soft-mul -Wl,--no-relax -ffunction-sections -fdata-sections -MMD -MP -MF"src/deb.d" -MT"src/deb.o" -o "src/deb.o" "../src/deb.c"
../src/deb.c: In function 'getDebugValues':
../src/deb.c:70:2: warning: statement with no effect [-Wunused-value]
  AdcCounter
  ^~~~~~~~~~
../src/deb.c:71:2: error: expected ';' before 'else'
  else {return 0;}
  ^~~~
../src/deb.c:67:6: warning: variable 'DataRead' set but not used [-Wunused-but-set-variable]
  u32 DataRead=0;
      ^~~~~~~~
../src/deb.c:72:1: warning: control reaches end of non-void function [-Wreturn-type]
 }
 ^
At top level:
../src/deb.c:38:11: warning: 'activeCounter' defined but not used [-Wunused-variable]
 static u8 activeCounter=0;
           ^~~~~~~~~~~~~
../src/deb.c:37:11: warning: 'Command' defined but not used [-Wunused-variable]
 static u8 Command=0;
           ^~~~~~~
make: *** [src/deb.o] Error 1
15:09:40 **** Auto Build of configuration Debug for project blabla ****
make all 
'Building file: ../src/deb.c'
'Invoking: MicroBlaze gcc compiler'
mb-gcc -Wall -O0 -g3 -c -fmessage-length=0 -MT"src/deb.o" -I../../blabla_bsp/microblaze_0/include -mlittle-endian -mcpu=v10.0 -mxl-soft-mul -Wl,--no-relax -ffunction-sections -fdata-sections -MMD -MP -MF"src/deb.d" -MT"src/deb.o" -o "src/deb.o" "../src/deb.c"
../src/deb.c: In function 'getDebugValues':
../src/deb.c:73:2: warning: statement with no effect [-Wunused-value]
  AdcCounter
  ^~~~~~~~~~
../src/deb.c:74:2: error: expected ';' before 'else'
  else {return 0;}
  ^~~~
../src/deb.c:70:6: warning: variable 'DataRead' set but not used [-Wunused-but-set-variable]
  u32 DataRead=0;
      ^~~~~~~~
../src/deb.c:75:1: warning: control reaches end of non-void function [-Wreturn-type]
 }
 ^
At top level:
../src/deb.c:41:11: warning: 'activeCounter' defined but not used [-Wunused-variable]
 static u8 activeCounter=0;
           ^~~~~~~~~~~~~
../src/deb.c:40:11: warning: 'Command' defined but not used [-Wunused-variable]
 static u8 Command=0;
           ^~~~~~~
make: *** [src/deb.o] Error 1
16:33:49 **** Auto Build of configuration Debug for project blabla ****
make all 
'Building file: ../src/deb.c'
'Invoking: MicroBlaze gcc compiler'
mb-gcc -Wall -O0 -g3 -c -fmessage-length=0 -MT"src/deb.o" -I../../blabla_bsp/microblaze_0/include -mlittle-endian -mcpu=v10.0 -mxl-soft-mul -Wl,--no-relax -ffunction-sections -fdata-sections -MMD -MP -MF"src/deb.d" -MT"src/deb.o" -o "src/deb.o" "../src/deb.c"
../src/deb.c:39:2: error: unknown type name 'DataInput'
  DataInput interpret;
  ^~~~~~~~~
../src/deb.c: In function 'getDebugValues':
../src/deb.c:69:2: error: unknown type name 'debugData'
  debugData d;
  ^~~~~~~~~
../src/deb.c:69:2: note: use 'union' keyword to refer to the type
../src/deb.c:70:3: error: request for member 'DataRead' in something not a structure or union
  d.DataRead = XGpio_DiscreteRead(GPIO, SIGNAL_CHANNEL);
   ^
../src/deb.c:69:12: warning: variable 'd' set but not used [-Wunused-but-set-variable]
  debugData d;
            ^
../src/deb.c:73:1: warning: control reaches end of non-void function [-Wreturn-type]
 }
 ^
make: *** [src/deb.o] Error 1
16:35:50 **** Auto Build of configuration Debug for project blabla ****
make all 
'Building file: ../src/deb.c'
'Invoking: MicroBlaze gcc compiler'
mb-gcc -Wall -O0 -g3 -c -fmessage-length=0 -MT"src/deb.o" -I../../blabla_bsp/microblaze_0/include -mlittle-endian -mcpu=v10.0 -mxl-soft-mul -Wl,--no-relax -ffunction-sections -fdata-sections -MMD -MP -MF"src/deb.d" -MT"src/deb.o" -o "src/deb.o" "../src/deb.c"
../src/deb.c:27:8: error: redefinition of 'struct DataInput'
 struct DataInput{
        ^~~~~~~~~
In file included from ../src/deb.c:10:0:
../src/deb.h:16:8: note: originally defined here
 struct DataInput{
        ^~~~~~~~~
../src/deb.c:39:2: error: unknown type name 'DataInput'
  DataInput interpret;
  ^~~~~~~~~
../src/deb.c: In function 'getDebugValues':
../src/deb.c:69:2: error: unknown type name 'debugData'
  debugData d;
  ^~~~~~~~~
../src/deb.c:69:2: note: use 'union' keyword to refer to the type
../src/deb.c:70:3: error: request for member 'DataRead' in something not a structure or union
  d.DataRead = XGpio_DiscreteRead(GPIO, SIGNAL_CHANNEL);
   ^
../src/deb.c:69:12: warning: variable 'd' set but not used [-Wunused-but-set-variable]
  debugData d;
            ^
../src/deb.c:73:1: warning: control reaches end of non-void function [-Wreturn-type]
 }
 ^
make: *** [src/deb.o] Error 1
16:35:52 **** Auto Build of configuration Debug for project blabla ****
make all 
'Building file: ../src/deb.c'
'Invoking: MicroBlaze gcc compiler'
mb-gcc -Wall -O0 -g3 -c -fmessage-length=0 -MT"src/deb.o" -I../../blabla_bsp/microblaze_0/include -mlittle-endian -mcpu=v10.0 -mxl-soft-mul -Wl,--no-relax -ffunction-sections -fdata-sections -MMD -MP -MF"src/deb.d" -MT"src/deb.o" -o "src/deb.o" "../src/deb.c"
../src/deb.c:30:2: error: unknown type name 'DataInput'
  DataInput interpret;
  ^~~~~~~~~
../src/deb.c: In function 'getDebugValues':
../src/deb.c:60:2: error: unknown type name 'debugData'
  debugData d;
  ^~~~~~~~~
../src/deb.c:60:2: note: use 'union' keyword to refer to the type
../src/deb.c:61:3: error: request for member 'DataRead' in something not a structure or union
  d.DataRead = XGpio_DiscreteRead(GPIO, SIGNAL_CHANNEL);
   ^
../src/deb.c:60:12: warning: variable 'd' set but not used [-Wunused-but-set-variable]
  debugData d;
            ^
../src/deb.c:64:1: warning: control reaches end of non-void function [-Wreturn-type]
 }
 ^
make: *** [src/deb.o] Error 1
16:36:11 **** Auto Build of configuration Debug for project blabla ****
make all 
'Building file: ../src/deb.c'
'Invoking: MicroBlaze gcc compiler'
mb-gcc -Wall -O0 -g3 -c -fmessage-length=0 -MT"src/deb.o" -I../../blabla_bsp/microblaze_0/include -mlittle-endian -mcpu=v10.0 -mxl-soft-mul -Wl,--no-relax -ffunction-sections -fdata-sections -MMD -MP -MF"src/deb.d" -MT"src/deb.o" -o "src/deb.o" "../src/deb.c"
In file included from ../src/deb.c:10:0:
../src/deb.h:30:2: error: unknown type name 'DataInput'
  DataInput interpret;
  ^~~~~~~~~
../src/deb.c:28:7: error: redefinition of 'union debugData'
 union debugData{
       ^~~~~~~~~
In file included from ../src/deb.c:10:0:
../src/deb.h:28:7: note: originally defined here
 union debugData{
       ^~~~~~~~~
../src/deb.c:30:2: error: unknown type name 'DataInput'
  DataInput interpret;
  ^~~~~~~~~
../src/deb.c: In function 'getDebugValues':
../src/deb.c:60:2: error: unknown type name 'debugData'
  debugData d;
  ^~~~~~~~~
../src/deb.c:60:2: note: use 'union' keyword to refer to the type
../src/deb.c:61:3: error: request for member 'DataRead' in something not a structure or union
  d.DataRead = XGpio_DiscreteRead(GPIO, SIGNAL_CHANNEL);
   ^
../src/deb.c:60:12: warning: variable 'd' set but not used [-Wunused-but-set-variable]
  debugData d;
            ^
../src/deb.c:64:1: warning: control reaches end of non-void function [-Wreturn-type]
 }
 ^
make: *** [src/deb.o] Error 1
16:37:13 **** Auto Build of configuration Debug for project blabla ****
make all 
'Building file: ../src/deb.c'
'Invoking: MicroBlaze gcc compiler'
mb-gcc -Wall -O0 -g3 -c -fmessage-length=0 -MT"src/deb.o" -I../../blabla_bsp/microblaze_0/include -mlittle-endian -mcpu=v10.0 -mxl-soft-mul -Wl,--no-relax -ffunction-sections -fdata-sections -MMD -MP -MF"src/deb.d" -MT"src/deb.o" -o "src/deb.o" "../src/deb.c"
../src/deb.c:28:7: error: redefinition of 'union debugData'
 union debugData{
       ^~~~~~~~~
In file included from ../src/deb.c:10:0:
../src/deb.h:28:7: note: originally defined here
 union debugData{
       ^~~~~~~~~
../src/deb.c: In function 'getDebugValues':
../src/deb.c:60:2: error: unknown type name 'debugData'
  debugData d;
  ^~~~~~~~~
../src/deb.c:60:2: note: use 'union' keyword to refer to the type
../src/deb.c:61:3: error: request for member 'DataRead' in something not a structure or union
  d.DataRead = XGpio_DiscreteRead(GPIO, SIGNAL_CHANNEL);
   ^
../src/deb.c:60:12: warning: variable 'd' set but not used [-Wunused-but-set-variable]
  debugData d;
            ^
../src/deb.c:64:1: warning: control reaches end of non-void function [-Wreturn-type]
 }
 ^
make: *** [src/deb.o] Error 1
16:37:42 **** Auto Build of configuration Debug for project blabla ****
make all 
'Building file: ../src/deb.c'
'Invoking: MicroBlaze gcc compiler'
mb-gcc -Wall -O0 -g3 -c -fmessage-length=0 -MT"src/deb.o" -I../../blabla_bsp/microblaze_0/include -mlittle-endian -mcpu=v10.0 -mxl-soft-mul -Wl,--no-relax -ffunction-sections -fdata-sections -MMD -MP -MF"src/deb.d" -MT"src/deb.o" -o "src/deb.o" "../src/deb.c"
../src/deb.c: In function 'getDebugValues':
../src/deb.c:56:2: error: unknown type name 'debugData'
  debugData d;
  ^~~~~~~~~
../src/deb.c:56:2: note: use 'union' keyword to refer to the type
../src/deb.c:57:3: error: request for member 'DataRead' in something not a structure or union
  d.DataRead = XGpio_DiscreteRead(GPIO, SIGNAL_CHANNEL);
   ^
../src/deb.c:56:12: warning: variable 'd' set but not used [-Wunused-but-set-variable]
  debugData d;
            ^
../src/deb.c:60:1: warning: control reaches end of non-void function [-Wreturn-type]
 }
 ^
make: *** [src/deb.o] Error 1
16:37:48 **** Auto Build of configuration Debug for project blabla ****
make all 
'Building file: ../src/deb.c'
'Invoking: MicroBlaze gcc compiler'
mb-gcc -Wall -O0 -g3 -c -fmessage-length=0 -MT"src/deb.o" -I../../blabla_bsp/microblaze_0/include -mlittle-endian -mcpu=v10.0 -mxl-soft-mul -Wl,--no-relax -ffunction-sections -fdata-sections -MMD -MP -MF"src/deb.d" -MT"src/deb.o" -o "src/deb.o" "../src/deb.c"
../src/deb.c: In function 'getDebugValues':
../src/deb.c:56:2: error: unknown type name 'debugData'
  debugData d;
  ^~~~~~~~~
../src/deb.c:56:2: note: use 'union' keyword to refer to the type
../src/deb.c:57:3: error: request for member 'DataRead' in something not a structure or union
  d.DataRead = XGpio_DiscreteRead(GPIO, SIGNAL_CHANNEL);
   ^
../src/deb.c:56:12: warning: variable 'd' set but not used [-Wunused-but-set-variable]
  debugData d;
            ^
../src/deb.c:60:1: warning: control reaches end of non-void function [-Wreturn-type]
 }
 ^
make: *** [src/deb.o] Error 1
16:37:50 **** Auto Build of configuration Debug for project blabla ****
make all 
'Building file: ../src/deb.c'
'Invoking: MicroBlaze gcc compiler'
mb-gcc -Wall -O0 -g3 -c -fmessage-length=0 -MT"src/deb.o" -I../../blabla_bsp/microblaze_0/include -mlittle-endian -mcpu=v10.0 -mxl-soft-mul -Wl,--no-relax -ffunction-sections -fdata-sections -MMD -MP -MF"src/deb.d" -MT"src/deb.o" -o "src/deb.o" "../src/deb.c"
../src/deb.c: In function 'getDebugValues':
../src/deb.c:53:2: error: unknown type name 'debugData'
  debugData d;
  ^~~~~~~~~
../src/deb.c:53:2: note: use 'union' keyword to refer to the type
../src/deb.c:54:3: error: request for member 'DataRead' in something not a structure or union
  d.DataRead = XGpio_DiscreteRead(GPIO, SIGNAL_CHANNEL);
   ^
../src/deb.c:53:12: warning: variable 'd' set but not used [-Wunused-but-set-variable]
  debugData d;
            ^
../src/deb.c:57:1: warning: control reaches end of non-void function [-Wreturn-type]
 }
 ^
make: *** [src/deb.o] Error 1
16:38:13 **** Auto Build of configuration Debug for project blabla ****
make all 
'Building file: ../src/deb.c'
'Invoking: MicroBlaze gcc compiler'
mb-gcc -Wall -O0 -g3 -c -fmessage-length=0 -MT"src/deb.o" -I../../blabla_bsp/microblaze_0/include -mlittle-endian -mcpu=v10.0 -mxl-soft-mul -Wl,--no-relax -ffunction-sections -fdata-sections -MMD -MP -MF"src/deb.d" -MT"src/deb.o" -o "src/deb.o" "../src/deb.c"
../src/deb.c: In function 'getDebugValues':
../src/deb.c:53:12: warning: variable 'd' set but not used [-Wunused-but-set-variable]
  debugData d;
            ^
../src/deb.c:57:1: warning: control reaches end of non-void function [-Wreturn-type]
 }
 ^
'Finished building: ../src/deb.c'
' '
'Building file: ../src/testperiph.c'
'Invoking: MicroBlaze gcc compiler'
mb-gcc -Wall -O0 -g3 -c -fmessage-length=0 -MT"src/testperiph.o" -I../../blabla_bsp/microblaze_0/include -mlittle-endian -mcpu=v10.0 -mxl-soft-mul -Wl,--no-relax -ffunction-sections -fdata-sections -MMD -MP -MF"src/testperiph.d" -MT"src/testperiph.o" -o "src/testperiph.o" "../src/testperiph.c"
../src/testperiph.c: In function 'main':
../src/testperiph.c:51:36: error: 'DebuggerID' undeclared (first use in this function)
     int dstatus=debuggerInit(&Deb, DebuggerID);
                                    ^~~~~~~~~~
../src/testperiph.c:51:36: note: each undeclared identifier is reported only once for each function it appears in
../src/testperiph.c:84:5: warning: implicit declaration of function 'XSpi_Abort' [-Wimplicit-function-declaration]
     XSpi_Abort(&Spi);
     ^~~~~~~~~~
make: *** [src/testperiph.o] Error 1
16:38:19 **** Auto Build of configuration Debug for project blabla ****
make all 
'Building file: ../src/deb.c'
'Invoking: MicroBlaze gcc compiler'
mb-gcc -Wall -O0 -g3 -c -fmessage-length=0 -MT"src/deb.o" -I../../blabla_bsp/microblaze_0/include -mlittle-endian -mcpu=v10.0 -mxl-soft-mul -Wl,--no-relax -ffunction-sections -fdata-sections -MMD -MP -MF"src/deb.d" -MT"src/deb.o" -o "src/deb.o" "../src/deb.c"
../src/deb.c: In function 'getDebugValues':
../src/deb.c:53:12: warning: variable 'd' set but not used [-Wunused-but-set-variable]
  debugData d;
            ^
../src/deb.c:55:1: warning: control reaches end of non-void function [-Wreturn-type]
 }
 ^
'Finished building: ../src/deb.c'
' '
'Building file: ../src/testperiph.c'
'Invoking: MicroBlaze gcc compiler'
mb-gcc -Wall -O0 -g3 -c -fmessage-length=0 -MT"src/testperiph.o" -I../../blabla_bsp/microblaze_0/include -mlittle-endian -mcpu=v10.0 -mxl-soft-mul -Wl,--no-relax -ffunction-sections -fdata-sections -MMD -MP -MF"src/testperiph.d" -MT"src/testperiph.o" -o "src/testperiph.o" "../src/testperiph.c"
../src/testperiph.c: In function 'main':
../src/testperiph.c:51:36: error: 'DebuggerID' undeclared (first use in this function)
     int dstatus=debuggerInit(&Deb, DebuggerID);
                                    ^~~~~~~~~~
../src/testperiph.c:51:36: note: each undeclared identifier is reported only once for each function it appears in
../src/testperiph.c:84:5: warning: implicit declaration of function 'XSpi_Abort' [-Wimplicit-function-declaration]
     XSpi_Abort(&Spi);
     ^~~~~~~~~~
make: *** [src/testperiph.o] Error 1
16:39:38 **** Auto Build of configuration Debug for project blabla ****
make all 
'Building file: ../src/deb.c'
'Invoking: MicroBlaze gcc compiler'
mb-gcc -Wall -O0 -g3 -c -fmessage-length=0 -MT"src/deb.o" -I../../blabla_bsp/microblaze_0/include -mlittle-endian -mcpu=v10.0 -mxl-soft-mul -Wl,--no-relax -ffunction-sections -fdata-sections -MMD -MP -MF"src/deb.d" -MT"src/deb.o" -o "src/deb.o" "../src/deb.c"
../src/deb.c: In function 'getDebugValues':
../src/deb.c:55:2: error: too many arguments to function 'print'
  print ("ADC counter: %d, active counter: %d, command: %d", d.interpret.AdcCounter, d.interpret.activeCounter, d.interpret.activeCounter);
  ^~~~~
In file included from c:\xilinx\sdk\2017.4\gnu\microblaze\nt\microblaze-xilinx-elf\include\stdio.h:29:0,
                 from ../src/deb.c:8:
c:\xilinx\sdk\2017.4\gnu\microblaze\nt\microblaze-xilinx-elf\include\stdio.h:231:9: note: declared here
 void    _EXFUN(print, (const char* ));
         ^
../src/deb.c:56:1: warning: control reaches end of non-void function [-Wreturn-type]
 }
 ^
make: *** [src/deb.o] Error 1
16:39:45 **** Auto Build of configuration Debug for project blabla ****
make all 
'Building file: ../src/deb.c'
'Invoking: MicroBlaze gcc compiler'
mb-gcc -Wall -O0 -g3 -c -fmessage-length=0 -MT"src/deb.o" -I../../blabla_bsp/microblaze_0/include -mlittle-endian -mcpu=v10.0 -mxl-soft-mul -Wl,--no-relax -ffunction-sections -fdata-sections -MMD -MP -MF"src/deb.d" -MT"src/deb.o" -o "src/deb.o" "../src/deb.c"
../src/deb.c: In function 'getDebugValues':
../src/deb.c:53:12: warning: variable 'd' set but not used [-Wunused-but-set-variable]
  debugData d;
            ^
../src/deb.c:55:1: warning: control reaches end of non-void function [-Wreturn-type]
 }
 ^
'Finished building: ../src/deb.c'
' '
'Building file: ../src/testperiph.c'
'Invoking: MicroBlaze gcc compiler'
mb-gcc -Wall -O0 -g3 -c -fmessage-length=0 -MT"src/testperiph.o" -I../../blabla_bsp/microblaze_0/include -mlittle-endian -mcpu=v10.0 -mxl-soft-mul -Wl,--no-relax -ffunction-sections -fdata-sections -MMD -MP -MF"src/testperiph.d" -MT"src/testperiph.o" -o "src/testperiph.o" "../src/testperiph.c"
../src/testperiph.c: In function 'main':
../src/testperiph.c:51:36: error: 'DebuggerID' undeclared (first use in this function)
     int dstatus=debuggerInit(&Deb, DebuggerID);
                                    ^~~~~~~~~~
../src/testperiph.c:51:36: note: each undeclared identifier is reported only once for each function it appears in
../src/testperiph.c:84:5: warning: implicit declaration of function 'XSpi_Abort' [-Wimplicit-function-declaration]
     XSpi_Abort(&Spi);
     ^~~~~~~~~~
make: *** [src/testperiph.o] Error 1
16:39:47 **** Auto Build of configuration Debug for project blabla ****
make all 
'Building file: ../src/deb.c'
'Invoking: MicroBlaze gcc compiler'
mb-gcc -Wall -O0 -g3 -c -fmessage-length=0 -MT"src/deb.o" -I../../blabla_bsp/microblaze_0/include -mlittle-endian -mcpu=v10.0 -mxl-soft-mul -Wl,--no-relax -ffunction-sections -fdata-sections -MMD -MP -MF"src/deb.d" -MT"src/deb.o" -o "src/deb.o" "../src/deb.c"
../src/deb.c: In function 'getDebugValues':
../src/deb.c:56:1: warning: control reaches end of non-void function [-Wreturn-type]
 }
 ^
'Finished building: ../src/deb.c'
' '
'Building file: ../src/testperiph.c'
'Invoking: MicroBlaze gcc compiler'
mb-gcc -Wall -O0 -g3 -c -fmessage-length=0 -MT"src/testperiph.o" -I../../blabla_bsp/microblaze_0/include -mlittle-endian -mcpu=v10.0 -mxl-soft-mul -Wl,--no-relax -ffunction-sections -fdata-sections -MMD -MP -MF"src/testperiph.d" -MT"src/testperiph.o" -o "src/testperiph.o" "../src/testperiph.c"
../src/testperiph.c: In function 'main':
../src/testperiph.c:51:36: error: 'DebuggerID' undeclared (first use in this function)
     int dstatus=debuggerInit(&Deb, DebuggerID);
                                    ^~~~~~~~~~
../src/testperiph.c:51:36: note: each undeclared identifier is reported only once for each function it appears in
../src/testperiph.c:84:5: warning: implicit declaration of function 'XSpi_Abort' [-Wimplicit-function-declaration]
     XSpi_Abort(&Spi);
     ^~~~~~~~~~
make: *** [src/testperiph.o] Error 1
16:39:50 **** Incremental Build of configuration Debug for project blabla ****
make all 
'Building file: ../src/testperiph.c'
'Invoking: MicroBlaze gcc compiler'
mb-gcc -Wall -O0 -g3 -c -fmessage-length=0 -MT"src/testperiph.o" -I../../blabla_bsp/microblaze_0/include -mlittle-endian -mcpu=v10.0 -mxl-soft-mul -Wl,--no-relax -ffunction-sections -fdata-sections -MMD -MP -MF"src/testperiph.d" -MT"src/testperiph.o" -o "src/testperiph.o" "../src/testperiph.c"
../src/testperiph.c: In function 'main':
../src/testperiph.c:51:36: error: 'DebuggerID' undeclared (first use in this function)
     int dstatus=debuggerInit(&Deb, DebuggerID);
                                    ^~~~~~~~~~
../src/testperiph.c:51:36: note: each undeclared identifier is reported only once for each function it appears in
../src/testperiph.c:84:5: warning: implicit declaration of function 'XSpi_Abort' [-Wimplicit-function-declaration]
     XSpi_Abort(&Spi);
     ^~~~~~~~~~
make: *** [src/testperiph.o] Error 1
16:40:50 **** Auto Build of configuration Debug for project blabla ****
make all 
'Building file: ../src/deb.c'
'Invoking: MicroBlaze gcc compiler'
mb-gcc -Wall -O0 -g3 -c -fmessage-length=0 -MT"src/deb.o" -I../../blabla_bsp/microblaze_0/include -mlittle-endian -mcpu=v10.0 -mxl-soft-mul -Wl,--no-relax -ffunction-sections -fdata-sections -MMD -MP -MF"src/deb.d" -MT"src/deb.o" -o "src/deb.o" "../src/deb.c"
../src/deb.c: In function 'getDebugValues':
../src/deb.c:56:1: warning: control reaches end of non-void function [-Wreturn-type]
 }
 ^
'Finished building: ../src/deb.c'
' '
'Building file: ../src/testperiph.c'
'Invoking: MicroBlaze gcc compiler'
mb-gcc -Wall -O0 -g3 -c -fmessage-length=0 -MT"src/testperiph.o" -I../../blabla_bsp/microblaze_0/include -mlittle-endian -mcpu=v10.0 -mxl-soft-mul -Wl,--no-relax -ffunction-sections -fdata-sections -MMD -MP -MF"src/testperiph.d" -MT"src/testperiph.o" -o "src/testperiph.o" "../src/testperiph.c"
../src/testperiph.c: In function 'main':
../src/testperiph.c:51:36: error: 'DebuggerID' undeclared (first use in this function)
     int dstatus=debuggerInit(&Deb, DebuggerID);
                                    ^~~~~~~~~~
../src/testperiph.c:51:36: note: each undeclared identifier is reported only once for each function it appears in
../src/testperiph.c:84:5: warning: implicit declaration of function 'XSpi_Abort' [-Wimplicit-function-declaration]
     XSpi_Abort(&Spi);
     ^~~~~~~~~~
make: *** [src/testperiph.o] Error 1
16:41:01 **** Auto Build of configuration Debug for project blabla ****
make all 
'Building file: ../src/testperiph.c'
'Invoking: MicroBlaze gcc compiler'
mb-gcc -Wall -O0 -g3 -c -fmessage-length=0 -MT"src/testperiph.o" -I../../blabla_bsp/microblaze_0/include -mlittle-endian -mcpu=v10.0 -mxl-soft-mul -Wl,--no-relax -ffunction-sections -fdata-sections -MMD -MP -MF"src/testperiph.d" -MT"src/testperiph.o" -o "src/testperiph.o" "../src/testperiph.c"
../src/testperiph.c: In function 'main':
../src/testperiph.c:51:36: error: 'DebuggerID' undeclared (first use in this function)
     int dstatus=debuggerInit(&Deb, DebuggerID);
                                    ^~~~~~~~~~
../src/testperiph.c:51:36: note: each undeclared identifier is reported only once for each function it appears in
../src/testperiph.c:84:5: warning: implicit declaration of function 'XSpi_Abort' [-Wimplicit-function-declaration]
     XSpi_Abort(&Spi);
     ^~~~~~~~~~
make: *** [src/testperiph.o] Error 1
16:41:17 **** Auto Build of configuration Debug for project blabla ****
make all 
'Building file: ../src/testperiph.c'
'Invoking: MicroBlaze gcc compiler'
mb-gcc -Wall -O0 -g3 -c -fmessage-length=0 -MT"src/testperiph.o" -I../../blabla_bsp/microblaze_0/include -mlittle-endian -mcpu=v10.0 -mxl-soft-mul -Wl,--no-relax -ffunction-sections -fdata-sections -MMD -MP -MF"src/testperiph.d" -MT"src/testperiph.o" -o "src/testperiph.o" "../src/testperiph.c"
../src/testperiph.c: In function 'main':
../src/testperiph.c:51:5: error: 'dstatus' undeclared (first use in this function)
     dstatus=debuggerInit(&Deb, DebuggerID);
     ^~~~~~~
../src/testperiph.c:51:5: note: each undeclared identifier is reported only once for each function it appears in
../src/testperiph.c:51:32: error: 'DebuggerID' undeclared (first use in this function)
     dstatus=debuggerInit(&Deb, DebuggerID);
                                ^~~~~~~~~~
../src/testperiph.c:84:5: warning: implicit declaration of function 'XSpi_Abort' [-Wimplicit-function-declaration]
     XSpi_Abort(&Spi);
     ^~~~~~~~~~
make: *** [src/testperiph.o] Error 1
16:41:21 **** Auto Build of configuration Debug for project blabla ****
make all 
'Building file: ../src/testperiph.c'
'Invoking: MicroBlaze gcc compiler'
mb-gcc -Wall -O0 -g3 -c -fmessage-length=0 -MT"src/testperiph.o" -I../../blabla_bsp/microblaze_0/include -mlittle-endian -mcpu=v10.0 -mxl-soft-mul -Wl,--no-relax -ffunction-sections -fdata-sections -MMD -MP -MF"src/testperiph.d" -MT"src/testperiph.o" -o "src/testperiph.o" "../src/testperiph.c"
../src/testperiph.c: In function 'main':
../src/testperiph.c:51:24: error: 'DebuggerID' undeclared (first use in this function)
     debuggerInit(&Deb, DebuggerID);
                        ^~~~~~~~~~
../src/testperiph.c:51:24: note: each undeclared identifier is reported only once for each function it appears in
../src/testperiph.c:52:35: error: 'dstatus' undeclared (first use in this function)
     if ((gstatus==XST_SUCCESS)&& (dstatus==XST_SUCCESS) && (sstatus==XST_SUCCESS)){
                                   ^~~~~~~
../src/testperiph.c:84:5: warning: implicit declaration of function 'XSpi_Abort' [-Wimplicit-function-declaration]
     XSpi_Abort(&Spi);
     ^~~~~~~~~~
make: *** [src/testperiph.o] Error 1
16:41:29 **** Auto Build of configuration Debug for project blabla ****
make all 
'Building file: ../src/testperiph.c'
'Invoking: MicroBlaze gcc compiler'
mb-gcc -Wall -O0 -g3 -c -fmessage-length=0 -MT"src/testperiph.o" -I../../blabla_bsp/microblaze_0/include -mlittle-endian -mcpu=v10.0 -mxl-soft-mul -Wl,--no-relax -ffunction-sections -fdata-sections -MMD -MP -MF"src/testperiph.d" -MT"src/testperiph.o" -o "src/testperiph.o" "../src/testperiph.c"
../src/testperiph.c: In function 'main':
../src/testperiph.c:51:36: error: 'DebuggerID' undeclared (first use in this function)
     int dstatus=debuggerInit(&Deb, DebuggerID);
                                    ^~~~~~~~~~
../src/testperiph.c:51:36: note: each undeclared identifier is reported only once for each function it appears in
../src/testperiph.c:84:5: warning: implicit declaration of function 'XSpi_Abort' [-Wimplicit-function-declaration]
     XSpi_Abort(&Spi);
     ^~~~~~~~~~
make: *** [src/testperiph.o] Error 1
16:41:49 **** Auto Build of configuration Debug for project blabla ****
make all 
'Building file: ../src/deb.c'
'Invoking: MicroBlaze gcc compiler'
mb-gcc -Wall -O0 -g3 -c -fmessage-length=0 -MT"src/deb.o" -I../../blabla_bsp/microblaze_0/include -mlittle-endian -mcpu=v10.0 -mxl-soft-mul -Wl,--no-relax -ffunction-sections -fdata-sections -MMD -MP -MF"src/deb.d" -MT"src/deb.o" -o "src/deb.o" "../src/deb.c"
../src/deb.c: In function 'getDebugValues':
../src/deb.c:56:1: warning: control reaches end of non-void function [-Wreturn-type]
 }
 ^
'Finished building: ../src/deb.c'
' '
'Building file: ../src/testperiph.c'
'Invoking: MicroBlaze gcc compiler'
mb-gcc -Wall -O0 -g3 -c -fmessage-length=0 -MT"src/testperiph.o" -I../../blabla_bsp/microblaze_0/include -mlittle-endian -mcpu=v10.0 -mxl-soft-mul -Wl,--no-relax -ffunction-sections -fdata-sections -MMD -MP -MF"src/testperiph.d" -MT"src/testperiph.o" -o "src/testperiph.o" "../src/testperiph.c"
../src/testperiph.c: In function 'main':
../src/testperiph.c:84:5: warning: implicit declaration of function 'XSpi_Abort' [-Wimplicit-function-declaration]
     XSpi_Abort(&Spi);
     ^~~~~~~~~~
'Finished building: ../src/testperiph.c'
' '
'Building target: blabla.elf'
'Invoking: MicroBlaze gcc linker'
mb-gcc -Wl,-T -Wl,../src/lscript.ld -L../../blabla_bsp/microblaze_0/lib -mlittle-endian -mcpu=v10.0 -mxl-soft-mul -Wl,--no-relax -Wl,--gc-sections -o "blabla.elf"  ./src/deb.o ./src/led.o ./src/spi_toMUX.o ./src/testperiph.o ./src/xgpio_tapp_example.o ./src/xspi_selftest_example.o   -Wl,--start-group,-lxil,-lgcc,-lc,--end-group
'Finished building target: blabla.elf'
' '
'Invoking: MicroBlaze Print Size'
mb-size blabla.elf  |tee "blabla.elf.size"
   text	   data	    bss	    dec	    hex	filename
  96400	   1500	   3196	 101096	  18ae8	blabla.elf
'Finished building: blabla.elf.size'
' '
16:41:50 **** Auto Build of configuration Debug for project blabla ****
make all 
'Building file: ../src/deb.c'
'Invoking: MicroBlaze gcc compiler'
mb-gcc -Wall -O0 -g3 -c -fmessage-length=0 -MT"src/deb.o" -I../../blabla_bsp/microblaze_0/include -mlittle-endian -mcpu=v10.0 -mxl-soft-mul -Wl,--no-relax -ffunction-sections -fdata-sections -MMD -MP -MF"src/deb.d" -MT"src/deb.o" -o "src/deb.o" "../src/deb.c"
../src/deb.c: In function 'getDebugValues':
../src/deb.c:56:1: warning: control reaches end of non-void function [-Wreturn-type]
 }
 ^
'Finished building: ../src/deb.c'
' '
'Building file: ../src/testperiph.c'
'Invoking: MicroBlaze gcc compiler'
mb-gcc -Wall -O0 -g3 -c -fmessage-length=0 -MT"src/testperiph.o" -I../../blabla_bsp/microblaze_0/include -mlittle-endian -mcpu=v10.0 -mxl-soft-mul -Wl,--no-relax -ffunction-sections -fdata-sections -MMD -MP -MF"src/testperiph.d" -MT"src/testperiph.o" -o "src/testperiph.o" "../src/testperiph.c"
../src/testperiph.c: In function 'main':
../src/testperiph.c:84:5: warning: implicit declaration of function 'XSpi_Abort' [-Wimplicit-function-declaration]
     XSpi_Abort(&Spi);
     ^~~~~~~~~~
'Finished building: ../src/testperiph.c'
' '
'Building target: blabla.elf'
'Invoking: MicroBlaze gcc linker'
mb-gcc -Wl,-T -Wl,../src/lscript.ld -L../../blabla_bsp/microblaze_0/lib -mlittle-endian -mcpu=v10.0 -mxl-soft-mul -Wl,--no-relax -Wl,--gc-sections -o "blabla.elf"  ./src/deb.o ./src/led.o ./src/spi_toMUX.o ./src/testperiph.o ./src/xgpio_tapp_example.o ./src/xspi_selftest_example.o   -Wl,--start-group,-lxil,-lgcc,-lc,--end-group
'Finished building target: blabla.elf'
' '
'Invoking: MicroBlaze Print Size'
mb-size blabla.elf  |tee "blabla.elf.size"
   text	   data	    bss	    dec	    hex	filename
  96400	   1500	   3196	 101096	  18ae8	blabla.elf
'Finished building: blabla.elf.size'
' '
16:42:00 **** Auto Build of configuration Debug for project blabla ****
make all 
'Building file: ../src/deb.c'
'Invoking: MicroBlaze gcc compiler'
mb-gcc -Wall -O0 -g3 -c -fmessage-length=0 -MT"src/deb.o" -I../../blabla_bsp/microblaze_0/include -mlittle-endian -mcpu=v10.0 -mxl-soft-mul -Wl,--no-relax -ffunction-sections -fdata-sections -MMD -MP -MF"src/deb.d" -MT"src/deb.o" -o "src/deb.o" "../src/deb.c"
../src/deb.c: In function 'getDebugValues':
../src/deb.c:56:1: warning: control reaches end of non-void function [-Wreturn-type]
 }
 ^
'Finished building: ../src/deb.c'
' '
'Building file: ../src/testperiph.c'
'Invoking: MicroBlaze gcc compiler'
mb-gcc -Wall -O0 -g3 -c -fmessage-length=0 -MT"src/testperiph.o" -I../../blabla_bsp/microblaze_0/include -mlittle-endian -mcpu=v10.0 -mxl-soft-mul -Wl,--no-relax -ffunction-sections -fdata-sections -MMD -MP -MF"src/testperiph.d" -MT"src/testperiph.o" -o "src/testperiph.o" "../src/testperiph.c"
../src/testperiph.c: In function 'main':
../src/testperiph.c:84:5: warning: implicit declaration of function 'XSpi_Abort' [-Wimplicit-function-declaration]
     XSpi_Abort(&Spi);
     ^~~~~~~~~~
'Finished building: ../src/testperiph.c'
' '
'Building target: blabla.elf'
'Invoking: MicroBlaze gcc linker'
mb-gcc -Wl,-T -Wl,../src/lscript.ld -L../../blabla_bsp/microblaze_0/lib -mlittle-endian -mcpu=v10.0 -mxl-soft-mul -Wl,--no-relax -Wl,--gc-sections -o "blabla.elf"  ./src/deb.o ./src/led.o ./src/spi_toMUX.o ./src/testperiph.o ./src/xgpio_tapp_example.o ./src/xspi_selftest_example.o   -Wl,--start-group,-lxil,-lgcc,-lc,--end-group
'Finished building target: blabla.elf'
' '
'Invoking: MicroBlaze Print Size'
mb-size blabla.elf  |tee "blabla.elf.size"
   text	   data	    bss	    dec	    hex	filename
  96400	   1500	   3196	 101096	  18ae8	blabla.elf
'Finished building: blabla.elf.size'
' '
16:42:03 **** Auto Build of configuration Debug for project blabla ****
make all 
'Building file: ../src/deb.c'
'Invoking: MicroBlaze gcc compiler'
mb-gcc -Wall -O0 -g3 -c -fmessage-length=0 -MT"src/deb.o" -I../../blabla_bsp/microblaze_0/include -mlittle-endian -mcpu=v10.0 -mxl-soft-mul -Wl,--no-relax -ffunction-sections -fdata-sections -MMD -MP -MF"src/deb.d" -MT"src/deb.o" -o "src/deb.o" "../src/deb.c"
../src/deb.c: In function 'getDebugValues':
../src/deb.c:47:1: warning: control reaches end of non-void function [-Wreturn-type]
 }
 ^
'Finished building: ../src/deb.c'
' '
'Building target: blabla.elf'
'Invoking: MicroBlaze gcc linker'
mb-gcc -Wl,-T -Wl,../src/lscript.ld -L../../blabla_bsp/microblaze_0/lib -mlittle-endian -mcpu=v10.0 -mxl-soft-mul -Wl,--no-relax -Wl,--gc-sections -o "blabla.elf"  ./src/deb.o ./src/led.o ./src/spi_toMUX.o ./src/testperiph.o ./src/xgpio_tapp_example.o ./src/xspi_selftest_example.o   -Wl,--start-group,-lxil,-lgcc,-lc,--end-group
'Finished building target: blabla.elf'
' '
'Invoking: MicroBlaze Print Size'
mb-size blabla.elf  |tee "blabla.elf.size"
   text	   data	    bss	    dec	    hex	filename
  96400	   1500	   3196	 101096	  18ae8	blabla.elf
'Finished building: blabla.elf.size'
' '
16:42:05 **** Incremental Build of configuration Debug for project blabla ****
make all 
make: Nothing to be done for `all'.
16:42:39 **** Auto Build of configuration Debug for project blabla ****
make all 
'Building file: ../src/testperiph.c'
'Invoking: MicroBlaze gcc compiler'
mb-gcc -Wall -O0 -g3 -c -fmessage-length=0 -MT"src/testperiph.o" -I../../blabla_bsp/microblaze_0/include -mlittle-endian -mcpu=v10.0 -mxl-soft-mul -Wl,--no-relax -ffunction-sections -fdata-sections -MMD -MP -MF"src/testperiph.d" -MT"src/testperiph.o" -o "src/testperiph.o" "../src/testperiph.c"
../src/testperiph.c: In function 'main':
../src/testperiph.c:85:5: warning: implicit declaration of function 'XSpi_Abort' [-Wimplicit-function-declaration]
     XSpi_Abort(&Spi);
     ^~~~~~~~~~
'Finished building: ../src/testperiph.c'
' '
'Building target: blabla.elf'
'Invoking: MicroBlaze gcc linker'
mb-gcc -Wl,-T -Wl,../src/lscript.ld -L../../blabla_bsp/microblaze_0/lib -mlittle-endian -mcpu=v10.0 -mxl-soft-mul -Wl,--no-relax -Wl,--gc-sections -o "blabla.elf"  ./src/deb.o ./src/led.o ./src/spi_toMUX.o ./src/testperiph.o ./src/xgpio_tapp_example.o ./src/xspi_selftest_example.o   -Wl,--start-group,-lxil,-lgcc,-lc,--end-group
'Finished building target: blabla.elf'
' '
'Invoking: MicroBlaze Print Size'
mb-size blabla.elf  |tee "blabla.elf.size"
   text	   data	    bss	    dec	    hex	filename
  96696	   1500	   3196	 101392	  18c10	blabla.elf
'Finished building: blabla.elf.size'
' '
16:42:43 **** Auto Build of configuration Debug for project blabla ****
make all 
'Building file: ../src/testperiph.c'
'Invoking: MicroBlaze gcc compiler'
mb-gcc -Wall -O0 -g3 -c -fmessage-length=0 -MT"src/testperiph.o" -I../../blabla_bsp/microblaze_0/include -mlittle-endian -mcpu=v10.0 -mxl-soft-mul -Wl,--no-relax -ffunction-sections -fdata-sections -MMD -MP -MF"src/testperiph.d" -MT"src/testperiph.o" -o "src/testperiph.o" "../src/testperiph.c"
../src/testperiph.c: In function 'main':
../src/testperiph.c:85:5: warning: implicit declaration of function 'XSpi_Abort' [-Wimplicit-function-declaration]
     XSpi_Abort(&Spi);
     ^~~~~~~~~~
'Finished building: ../src/testperiph.c'
' '
'Building target: blabla.elf'
'Invoking: MicroBlaze gcc linker'
mb-gcc -Wl,-T -Wl,../src/lscript.ld -L../../blabla_bsp/microblaze_0/lib -mlittle-endian -mcpu=v10.0 -mxl-soft-mul -Wl,--no-relax -Wl,--gc-sections -o "blabla.elf"  ./src/deb.o ./src/led.o ./src/spi_toMUX.o ./src/testperiph.o ./src/xgpio_tapp_example.o ./src/xspi_selftest_example.o   -Wl,--start-group,-lxil,-lgcc,-lc,--end-group
'Finished building target: blabla.elf'
' '
'Invoking: MicroBlaze Print Size'
mb-size blabla.elf  |tee "blabla.elf.size"
   text	   data	    bss	    dec	    hex	filename
  96696	   1500	   3196	 101392	  18c10	blabla.elf
'Finished building: blabla.elf.size'
' '
16:42:55 **** Incremental Build of configuration Debug for project blabla ****
make all 
make: Nothing to be done for `all'.
16:48:44 **** Auto Build of configuration Debug for project blabla ****
make all 
'Building file: ../src/testperiph.c'
'Invoking: MicroBlaze gcc compiler'
mb-gcc -Wall -O0 -g3 -c -fmessage-length=0 -MT"src/testperiph.o" -I../../blabla_bsp/microblaze_0/include -mlittle-endian -mcpu=v10.0 -mxl-soft-mul -Wl,--no-relax -ffunction-sections -fdata-sections -MMD -MP -MF"src/testperiph.d" -MT"src/testperiph.o" -o "src/testperiph.o" "../src/testperiph.c"
../src/testperiph.c: In function 'main':
../src/testperiph.c:67:7: error: unknown type name 'DebugData'
       DebugData d=getDebugValues(&Deb);
       ^~~~~~~~~
../src/testperiph.c:68:28: error: request for member 'dataRead' in something not a structure or union
       printf("data: %lu", d.dataRead);
                            ^
../src/testperiph.c:69:71: error: request for member 'interpret' in something not a structure or union
      printf ("ADC counter: %d, active counter: %d, command: %d\r\n", d.interpret.AdcCounter, d.interpret.activeCounter, d.interpret.activeCounter);
                                                                       ^
../src/testperiph.c:69:95: error: request for member 'interpret' in something not a structure or union
      printf ("ADC counter: %d, active counter: %d, command: %d\r\n", d.interpret.AdcCounter, d.interpret.activeCounter, d.interpret.activeCounter);
                                                                                               ^
../src/testperiph.c:69:122: error: request for member 'interpret' in something not a structure or union
      printf ("ADC counter: %d, active counter: %d, command: %d\r\n", d.interpret.AdcCounter, d.interpret.activeCounter, d.interpret.activeCounter);
                                                                                                                          ^
../src/testperiph.c:67:17: warning: variable 'd' set but not used [-Wunused-but-set-variable]
       DebugData d=getDebugValues(&Deb);
                 ^
../src/testperiph.c:87:5: warning: implicit declaration of function 'XSpi_Abort' [-Wimplicit-function-declaration]
     XSpi_Abort(&Spi);
     ^~~~~~~~~~
make: *** [src/testperiph.o] Error 1
16:49:07 **** Auto Build of configuration Debug for project blabla ****
make all 
'Building file: ../src/testperiph.c'
'Invoking: MicroBlaze gcc compiler'
mb-gcc -Wall -O0 -g3 -c -fmessage-length=0 -MT"src/testperiph.o" -I../../blabla_bsp/microblaze_0/include -mlittle-endian -mcpu=v10.0 -mxl-soft-mul -Wl,--no-relax -ffunction-sections -fdata-sections -MMD -MP -MF"src/testperiph.d" -MT"src/testperiph.o" -o "src/testperiph.o" "../src/testperiph.c"
../src/testperiph.c: In function 'main':
../src/testperiph.c:67:7: error: unknown type name 'DebugData'
       DebugData d=getDebugValues(&Deb);
       ^~~~~~~~~
../src/testperiph.c:68:28: error: request for member 'DataRead' in something not a structure or union
       printf("data: %lu", d.DataRead);
                            ^
../src/testperiph.c:69:71: error: request for member 'interpret' in something not a structure or union
      printf ("ADC counter: %d, active counter: %d, command: %d\r\n", d.interpret.AdcCounter, d.interpret.activeCounter, d.interpret.activeCounter);
                                                                       ^
../src/testperiph.c:69:95: error: request for member 'interpret' in something not a structure or union
      printf ("ADC counter: %d, active counter: %d, command: %d\r\n", d.interpret.AdcCounter, d.interpret.activeCounter, d.interpret.activeCounter);
                                                                                               ^
../src/testperiph.c:69:122: error: request for member 'interpret' in something not a structure or union
      printf ("ADC counter: %d, active counter: %d, command: %d\r\n", d.interpret.AdcCounter, d.interpret.activeCounter, d.interpret.activeCounter);
                                                                                                                          ^
../src/testperiph.c:67:17: warning: variable 'd' set but not used [-Wunused-but-set-variable]
       DebugData d=getDebugValues(&Deb);
                 ^
../src/testperiph.c:87:5: warning: implicit declaration of function 'XSpi_Abort' [-Wimplicit-function-declaration]
     XSpi_Abort(&Spi);
     ^~~~~~~~~~
make: *** [src/testperiph.o] Error 1
16:49:09 **** Auto Build of configuration Debug for project blabla ****
make all 
'Building file: ../src/deb.c'
'Invoking: MicroBlaze gcc compiler'
mb-gcc -Wall -O0 -g3 -c -fmessage-length=0 -MT"src/deb.o" -I../../blabla_bsp/microblaze_0/include -mlittle-endian -mcpu=v10.0 -mxl-soft-mul -Wl,--no-relax -ffunction-sections -fdata-sections -MMD -MP -MF"src/deb.d" -MT"src/deb.o" -o "src/deb.o" "../src/deb.c"
../src/deb.c:43:11: error: conflicting types for 'getDebugValues'
 debugData getDebugValues(XGpio* GPIO){
           ^~~~~~~~~~~~~~
In file included from ../src/deb.c:10:0:
../src/deb.h:43:5: note: previous declaration of 'getDebugValues' was here
 int getDebugValues(XGpio* GPIO);
     ^~~~~~~~~~~~~~
make: *** [src/deb.o] Error 1
16:49:12 **** Incremental Build of configuration Debug for project blabla ****
make all 
'Building file: ../src/deb.c'
'Invoking: MicroBlaze gcc compiler'
mb-gcc -Wall -O0 -g3 -c -fmessage-length=0 -MT"src/deb.o" -I../../blabla_bsp/microblaze_0/include -mlittle-endian -mcpu=v10.0 -mxl-soft-mul -Wl,--no-relax -ffunction-sections -fdata-sections -MMD -MP -MF"src/deb.d" -MT"src/deb.o" -o "src/deb.o" "../src/deb.c"
../src/deb.c:43:11: error: conflicting types for 'getDebugValues'
 debugData getDebugValues(XGpio* GPIO){
           ^~~~~~~~~~~~~~
In file included from ../src/deb.c:10:0:
../src/deb.h:43:5: note: previous declaration of 'getDebugValues' was here
 int getDebugValues(XGpio* GPIO);
     ^~~~~~~~~~~~~~
make: *** [src/deb.o] Error 1
16:49:25 **** Incremental Build of configuration Debug for project blabla ****
make all 
'Building file: ../src/deb.c'
'Invoking: MicroBlaze gcc compiler'
mb-gcc -Wall -O0 -g3 -c -fmessage-length=0 -MT"src/deb.o" -I../../blabla_bsp/microblaze_0/include -mlittle-endian -mcpu=v10.0 -mxl-soft-mul -Wl,--no-relax -ffunction-sections -fdata-sections -MMD -MP -MF"src/deb.d" -MT"src/deb.o" -o "src/deb.o" "../src/deb.c"
../src/deb.c:43:11: error: conflicting types for 'getDebugValues'
 debugData getDebugValues(XGpio* GPIO){
           ^~~~~~~~~~~~~~
In file included from ../src/deb.c:10:0:
../src/deb.h:43:5: note: previous declaration of 'getDebugValues' was here
 int getDebugValues(XGpio* GPIO);
     ^~~~~~~~~~~~~~
make: *** [src/deb.o] Error 1
16:49:46 **** Incremental Build of configuration Debug for project blabla ****
make all 
'Building file: ../src/deb.c'
'Invoking: MicroBlaze gcc compiler'
mb-gcc -Wall -O0 -g3 -c -fmessage-length=0 -MT"src/deb.o" -I../../blabla_bsp/microblaze_0/include -mlittle-endian -mcpu=v10.0 -mxl-soft-mul -Wl,--no-relax -ffunction-sections -fdata-sections -MMD -MP -MF"src/deb.d" -MT"src/deb.o" -o "src/deb.o" "../src/deb.c"
../src/deb.c:43:11: error: conflicting types for 'getDebugValues'
 debugData getDebugValues(XGpio* GPIO){
           ^~~~~~~~~~~~~~
In file included from ../src/deb.c:10:0:
../src/deb.h:43:5: note: previous declaration of 'getDebugValues' was here
 int getDebugValues(XGpio* GPIO);
     ^~~~~~~~~~~~~~
make: *** [src/deb.o] Error 1
16:50:01 **** Auto Build of configuration Debug for project blabla ****
make all 
'Building file: ../src/deb.c'
'Invoking: MicroBlaze gcc compiler'
mb-gcc -Wall -O0 -g3 -c -fmessage-length=0 -MT"src/deb.o" -I../../blabla_bsp/microblaze_0/include -mlittle-endian -mcpu=v10.0 -mxl-soft-mul -Wl,--no-relax -ffunction-sections -fdata-sections -MMD -MP -MF"src/deb.d" -MT"src/deb.o" -o "src/deb.o" "../src/deb.c"
../src/deb.c:43:11: error: conflicting types for 'getDebugValues'
 debugData getDebugValues(XGpio* GPIO){
           ^~~~~~~~~~~~~~
In file included from ../src/deb.c:10:0:
../src/deb.h:43:5: note: previous declaration of 'getDebugValues' was here
 int getDebugValues(XGpio* GPIO);
     ^~~~~~~~~~~~~~
make: *** [src/deb.o] Error 1
16:50:02 **** Incremental Build of configuration Debug for project blabla ****
make all 
'Building file: ../src/deb.c'
'Invoking: MicroBlaze gcc compiler'
mb-gcc -Wall -O0 -g3 -c -fmessage-length=0 -MT"src/deb.o" -I../../blabla_bsp/microblaze_0/include -mlittle-endian -mcpu=v10.0 -mxl-soft-mul -Wl,--no-relax -ffunction-sections -fdata-sections -MMD -MP -MF"src/deb.d" -MT"src/deb.o" -o "src/deb.o" "../src/deb.c"
../src/deb.c:43:11: error: conflicting types for 'getDebugValues'
 debugData getDebugValues(XGpio* GPIO){
           ^~~~~~~~~~~~~~
In file included from ../src/deb.c:10:0:
../src/deb.h:43:5: note: previous declaration of 'getDebugValues' was here
 int getDebugValues(XGpio* GPIO);
     ^~~~~~~~~~~~~~
make: *** [src/deb.o] Error 1
16:50:14 **** Clean-only build of configuration Debug for project blabla ****
make clean 
rm -rf  ./src/deb.o ./src/led.o ./src/spi_toMUX.o ./src/testperiph.o ./src/xgpio_tapp_example.o ./src/xspi_selftest_example.o  ./src/deb.d ./src/led.d ./src/spi_toMUX.d ./src/testperiph.d ./src/xgpio_tapp_example.d ./src/xspi_selftest_example.d  blabla.elf.size  blabla.elf
' '
16:50:14 **** Clean-only build of project blabla_bsp ****
make -k clean 
make -C microblaze_0/libsrc/bram_v4_2/src -s clean 
make -C microblaze_0/libsrc/cpu_v2_6/src -s clean 
make -C microblaze_0/libsrc/gpio_v4_3/src -s clean 
make -C microblaze_0/libsrc/spi_v4_3/src -s clean 
make -C microblaze_0/libsrc/standalone_v6_5/src -s clean 
make -C microblaze_0/libsrc/uartlite_v3_2/src -s clean 
rm -f microblaze_0/lib/libxil.a
16:50:15 **** Build of project blabla_bsp ****
make -k all 
"Running Make include in microblaze_0/libsrc/bram_v4_2/src"
make -C microblaze_0/libsrc/bram_v4_2/src -s include  "SHELL=CMD" "COMPILER=mb-gcc" "ARCHIVER=mb-ar" "COMPILER_FLAGS= -O2 -c -mcpu=v10.0 -mlittle-endian -mxl-soft-mul" "EXTRA_COMPILER_FLAGS=-ffunction-sections -fdata-sections -Wall -Wextra"
"Running Make include in microblaze_0/libsrc/cpu_v2_6/src"
make -C microblaze_0/libsrc/cpu_v2_6/src -s include  "SHELL=CMD" "COMPILER=mb-gcc" "ARCHIVER=mb-ar" "COMPILER_FLAGS= -O2 -c -mcpu=v10.0 -mlittle-endian -mxl-soft-mul" "EXTRA_COMPILER_FLAGS=-ffunction-sections -fdata-sections -Wall -Wextra"
"Running Make include in microblaze_0/libsrc/gpio_v4_3/src"
make -C microblaze_0/libsrc/gpio_v4_3/src -s include  "SHELL=CMD" "COMPILER=mb-gcc" "ARCHIVER=mb-ar" "COMPILER_FLAGS= -O2 -c -mcpu=v10.0 -mlittle-endian -mxl-soft-mul" "EXTRA_COMPILER_FLAGS=-ffunction-sections -fdata-sections -Wall -Wextra"
"Running Make include in microblaze_0/libsrc/spi_v4_3/src"
make -C microblaze_0/libsrc/spi_v4_3/src -s include  "SHELL=CMD" "COMPILER=mb-gcc" "ARCHIVER=mb-ar" "COMPILER_FLAGS= -O2 -c -mcpu=v10.0 -mlittle-endian -mxl-soft-mul" "EXTRA_COMPILER_FLAGS=-ffunction-sections -fdata-sections -Wall -Wextra"
"Running Make include in microblaze_0/libsrc/standalone_v6_5/src"
make -C microblaze_0/libsrc/standalone_v6_5/src -s include  "SHELL=CMD" "COMPILER=mb-gcc" "ARCHIVER=mb-ar" "COMPILER_FLAGS= -O2 -c -mcpu=v10.0 -mlittle-endian -mxl-soft-mul" "EXTRA_COMPILER_FLAGS=-ffunction-sections -fdata-sections -Wall -Wextra"
"Running Make include in microblaze_0/libsrc/uartlite_v3_2/src"
make -C microblaze_0/libsrc/uartlite_v3_2/src -s include  "SHELL=CMD" "COMPILER=mb-gcc" "ARCHIVER=mb-ar" "COMPILER_FLAGS= -O2 -c -mcpu=v10.0 -mlittle-endian -mxl-soft-mul" "EXTRA_COMPILER_FLAGS=-ffunction-sections -fdata-sections -Wall -Wextra"
"Running Make libs in microblaze_0/libsrc/bram_v4_2/src"
make -C microblaze_0/libsrc/bram_v4_2/src -s libs  "SHELL=CMD" "COMPILER=mb-gcc" "ARCHIVER=mb-ar" "COMPILER_FLAGS= -O2 -c -mcpu=v10.0 -mlittle-endian -mxl-soft-mul" "EXTRA_COMPILER_FLAGS=-ffunction-sections -fdata-sections -Wall -Wextra"
"Compiling bram"
mb-ar: creating ../../../lib/libxil.a
"Running Make libs in microblaze_0/libsrc/cpu_v2_6/src"
make -C microblaze_0/libsrc/cpu_v2_6/src -s libs  "SHELL=CMD" "COMPILER=mb-gcc" "ARCHIVER=mb-ar" "COMPILER_FLAGS= -O2 -c -mcpu=v10.0 -mlittle-endian -mxl-soft-mul" "EXTRA_COMPILER_FLAGS=-ffunction-sections -fdata-sections -Wall -Wextra"
"Compiling cpu"
"Running Make libs in microblaze_0/libsrc/gpio_v4_3/src"
make -C microblaze_0/libsrc/gpio_v4_3/src -s libs  "SHELL=CMD" "COMPILER=mb-gcc" "ARCHIVER=mb-ar" "COMPILER_FLAGS= -O2 -c -mcpu=v10.0 -mlittle-endian -mxl-soft-mul" "EXTRA_COMPILER_FLAGS=-ffunction-sections -fdata-sections -Wall -Wextra"
"Compiling gpio"
"Running Make libs in microblaze_0/libsrc/spi_v4_3/src"
make -C microblaze_0/libsrc/spi_v4_3/src -s libs  "SHELL=CMD" "COMPILER=mb-gcc" "ARCHIVER=mb-ar" "COMPILER_FLAGS= -O2 -c -mcpu=v10.0 -mlittle-endian -mxl-soft-mul" "EXTRA_COMPILER_FLAGS=-ffunction-sections -fdata-sections -Wall -Wextra"
"Compiling spi"
"Running Make libs in microblaze_0/libsrc/standalone_v6_5/src"
make -C microblaze_0/libsrc/standalone_v6_5/src -s libs  "SHELL=CMD" "COMPILER=mb-gcc" "ARCHIVER=mb-ar" "COMPILER_FLAGS= -O2 -c -mcpu=v10.0 -mlittle-endian -mxl-soft-mul" "EXTRA_COMPILER_FLAGS=-ffunction-sections -fdata-sections -Wall -Wextra"
"Compiling standalone";
"Running Make libs in microblaze_0/libsrc/uartlite_v3_2/src"
make -C microblaze_0/libsrc/uartlite_v3_2/src -s libs  "SHELL=CMD" "COMPILER=mb-gcc" "ARCHIVER=mb-ar" "COMPILER_FLAGS= -O2 -c -mcpu=v10.0 -mlittle-endian -mxl-soft-mul" "EXTRA_COMPILER_FLAGS=-ffunction-sections -fdata-sections -Wall -Wextra"
"Compiling uartlite"
'Finished building libraries'
16:50:20 **** Build of configuration Debug for project blabla ****
make all 
'Building file: ../src/deb.c'
'Invoking: MicroBlaze gcc compiler'
mb-gcc -Wall -O0 -g3 -c -fmessage-length=0 -MT"src/deb.o" -I../../blabla_bsp/microblaze_0/include -mlittle-endian -mcpu=v10.0 -mxl-soft-mul -Wl,--no-relax -ffunction-sections -fdata-sections -MMD -MP -MF"src/deb.d" -MT"src/deb.o" -o "src/deb.o" "../src/deb.c"
../src/deb.c:43:11: error: conflicting types for 'getDebugValues'
 debugData getDebugValues(XGpio* GPIO){
           ^~~~~~~~~~~~~~
In file included from ../src/deb.c:10:0:
../src/deb.h:43:5: note: previous declaration of 'getDebugValues' was here
 int getDebugValues(XGpio* GPIO);
     ^~~~~~~~~~~~~~
make: *** [src/deb.o] Error 1
16:50:34 **** Incremental Build of configuration Debug for project blabla ****
make all 
'Building file: ../src/deb.c'
'Invoking: MicroBlaze gcc compiler'
mb-gcc -Wall -O0 -g3 -c -fmessage-length=0 -MT"src/deb.o" -I../../blabla_bsp/microblaze_0/include -mlittle-endian -mcpu=v10.0 -mxl-soft-mul -Wl,--no-relax -ffunction-sections -fdata-sections -MMD -MP -MF"src/deb.d" -MT"src/deb.o" -o "src/deb.o" "../src/deb.c"
../src/deb.c:43:11: error: conflicting types for 'getDebugValues'
 debugData getDebugValues(XGpio* GPIO){
           ^~~~~~~~~~~~~~
In file included from ../src/deb.c:10:0:
../src/deb.h:43:5: note: previous declaration of 'getDebugValues' was here
 int getDebugValues(XGpio* GPIO);
     ^~~~~~~~~~~~~~
make: *** [src/deb.o] Error 1
16:50:49 **** Incremental Build of configuration Debug for project blabla ****
make all 
'Building file: ../src/deb.c'
'Invoking: MicroBlaze gcc compiler'
mb-gcc -Wall -O0 -g3 -c -fmessage-length=0 -MT"src/deb.o" -I../../blabla_bsp/microblaze_0/include -mlittle-endian -mcpu=v10.0 -mxl-soft-mul -Wl,--no-relax -ffunction-sections -fdata-sections -MMD -MP -MF"src/deb.d" -MT"src/deb.o" -o "src/deb.o" "../src/deb.c"
../src/deb.c:43:11: error: conflicting types for 'getDebugValues'
 debugData getDebugValues(XGpio* GPIO){
           ^~~~~~~~~~~~~~
In file included from ../src/deb.c:10:0:
../src/deb.h:43:5: note: previous declaration of 'getDebugValues' was here
 int getDebugValues(XGpio* GPIO);
     ^~~~~~~~~~~~~~
make: *** [src/deb.o] Error 1
16:51:07 **** Auto Build of configuration Debug for project blabla ****
make all 
'Building file: ../src/deb.c'
'Invoking: MicroBlaze gcc compiler'
mb-gcc -Wall -O0 -g3 -c -fmessage-length=0 -MT"src/deb.o" -I../../blabla_bsp/microblaze_0/include -mlittle-endian -mcpu=v10.0 -mxl-soft-mul -Wl,--no-relax -ffunction-sections -fdata-sections -MMD -MP -MF"src/deb.d" -MT"src/deb.o" -o "src/deb.o" "../src/deb.c"
'Finished building: ../src/deb.c'
' '
'Building file: ../src/led.c'
'Invoking: MicroBlaze gcc compiler'
mb-gcc -Wall -O0 -g3 -c -fmessage-length=0 -MT"src/led.o" -I../../blabla_bsp/microblaze_0/include -mlittle-endian -mcpu=v10.0 -mxl-soft-mul -Wl,--no-relax -ffunction-sections -fdata-sections -MMD -MP -MF"src/led.d" -MT"src/led.o" -o "src/led.o" "../src/led.c"
../src/led.c: In function 'toggleBlue':
../src/led.c:49:1: warning: control reaches end of non-void function [-Wreturn-type]
 }
 ^
'Finished building: ../src/led.c'
' '
'Building file: ../src/spi_toMUX.c'
'Invoking: MicroBlaze gcc compiler'
mb-gcc -Wall -O0 -g3 -c -fmessage-length=0 -MT"src/spi_toMUX.o" -I../../blabla_bsp/microblaze_0/include -mlittle-endian -mcpu=v10.0 -mxl-soft-mul -Wl,--no-relax -ffunction-sections -fdata-sections -MMD -MP -MF"src/spi_toMUX.d" -MT"src/spi_toMUX.o" -o "src/spi_toMUX.o" "../src/spi_toMUX.c"
'Finished building: ../src/spi_toMUX.c'
' '
'Building file: ../src/testperiph.c'
'Invoking: MicroBlaze gcc compiler'
mb-gcc -Wall -O0 -g3 -c -fmessage-length=0 -MT"src/testperiph.o" -I../../blabla_bsp/microblaze_0/include -mlittle-endian -mcpu=v10.0 -mxl-soft-mul -Wl,--no-relax -ffunction-sections -fdata-sections -MMD -MP -MF"src/testperiph.d" -MT"src/testperiph.o" -o "src/testperiph.o" "../src/testperiph.c"
../src/testperiph.c: In function 'main':
../src/testperiph.c:87:5: warning: implicit declaration of function 'XSpi_Abort' [-Wimplicit-function-declaration]
     XSpi_Abort(&Spi);
     ^~~~~~~~~~
'Finished building: ../src/testperiph.c'
' '
'Building file: ../src/xgpio_tapp_example.c'
'Invoking: MicroBlaze gcc compiler'
mb-gcc -Wall -O0 -g3 -c -fmessage-length=0 -MT"src/xgpio_tapp_example.o" -I../../blabla_bsp/microblaze_0/include -mlittle-endian -mcpu=v10.0 -mxl-soft-mul -Wl,--no-relax -ffunction-sections -fdata-sections -MMD -MP -MF"src/xgpio_tapp_example.d" -MT"src/xgpio_tapp_example.o" -o "src/xgpio_tapp_example.o" "../src/xgpio_tapp_example.c"
'Finished building: ../src/xgpio_tapp_example.c'
' '
'Building file: ../src/xspi_selftest_example.c'
'Invoking: MicroBlaze gcc compiler'
mb-gcc -Wall -O0 -g3 -c -fmessage-length=0 -MT"src/xspi_selftest_example.o" -I../../blabla_bsp/microblaze_0/include -mlittle-endian -mcpu=v10.0 -mxl-soft-mul -Wl,--no-relax -ffunction-sections -fdata-sections -MMD -MP -MF"src/xspi_selftest_example.d" -MT"src/xspi_selftest_example.o" -o "src/xspi_selftest_example.o" "../src/xspi_selftest_example.c"
'Finished building: ../src/xspi_selftest_example.c'
' '
'Building target: blabla.elf'
'Invoking: MicroBlaze gcc linker'
mb-gcc -Wl,-T -Wl,../src/lscript.ld -L../../blabla_bsp/microblaze_0/lib -mlittle-endian -mcpu=v10.0 -mxl-soft-mul -Wl,--no-relax -Wl,--gc-sections -o "blabla.elf"  ./src/deb.o ./src/led.o ./src/spi_toMUX.o ./src/testperiph.o ./src/xgpio_tapp_example.o ./src/xspi_selftest_example.o   -Wl,--start-group,-lxil,-lgcc,-lc,--end-group
'Finished building target: blabla.elf'
' '
'Invoking: MicroBlaze Print Size'
mb-size blabla.elf  |tee "blabla.elf.size"
   text	   data	    bss	    dec	    hex	filename
  96348	   1500	   3200	 101048	  18ab8	blabla.elf
'Finished building: blabla.elf.size'
' '
16:51:12 **** Incremental Build of configuration Debug for project blabla ****
make all 
make: Nothing to be done for `all'.
16:51:15 **** Incremental Build of configuration Debug for project blabla ****
make all 
make: Nothing to be done for `all'.
16:51:36 **** Incremental Build of configuration Debug for project blabla ****
make all 
'Building file: ../src/testperiph.c'
'Invoking: MicroBlaze gcc compiler'
mb-gcc -Wall -O0 -g3 -c -fmessage-length=0 -MT"src/testperiph.o" -I../../blabla_bsp/microblaze_0/include -mlittle-endian -mcpu=v10.0 -mxl-soft-mul -Wl,--no-relax -ffunction-sections -fdata-sections -MMD -MP -MF"src/testperiph.d" -MT"src/testperiph.o" -o "src/testperiph.o" "../src/testperiph.c"
../src/testperiph.c: In function 'main':
../src/testperiph.c:67:6: error: unknown type name 'DebugData'
      DebugData d=getDebugValues(&Deb);
      ^~~~~~~~~
../src/testperiph.c:67:18: error: incompatible types when initializing type 'int' using type 'debugData {aka union <anonymous>}'
      DebugData d=getDebugValues(&Deb);
                  ^~~~~~~~~~~~~~
../src/testperiph.c:68:27: error: request for member 'DataRead' in something not a structure or union
      printf("data: %lu", d.DataRead);
                           ^
../src/testperiph.c:69:71: error: request for member 'interpret' in something not a structure or union
      printf ("ADC counter: %d, active counter: %d, command: %d\r\n", d.interpret.AdcCounter, d.interpret.activeCounter, d.interpret.activeCounter);
                                                                       ^
../src/testperiph.c:69:95: error: request for member 'interpret' in something not a structure or union
      printf ("ADC counter: %d, active counter: %d, command: %d\r\n", d.interpret.AdcCounter, d.interpret.activeCounter, d.interpret.activeCounter);
                                                                                               ^
../src/testperiph.c:69:122: error: request for member 'interpret' in something not a structure or union
      printf ("ADC counter: %d, active counter: %d, command: %d\r\n", d.interpret.AdcCounter, d.interpret.activeCounter, d.interpret.activeCounter);
                                                                                                                          ^
../src/testperiph.c:67:16: warning: variable 'd' set but not used [-Wunused-but-set-variable]
      DebugData d=getDebugValues(&Deb);
                ^
../src/testperiph.c:87:5: warning: implicit declaration of function 'XSpi_Abort' [-Wimplicit-function-declaration]
     XSpi_Abort(&Spi);
     ^~~~~~~~~~
make: *** [src/testperiph.o] Error 1
16:52:05 **** Clean-only build of configuration Debug for project blabla ****
make clean 
rm -rf  ./src/deb.o ./src/led.o ./src/spi_toMUX.o ./src/testperiph.o ./src/xgpio_tapp_example.o ./src/xspi_selftest_example.o  ./src/deb.d ./src/led.d ./src/spi_toMUX.d ./src/testperiph.d ./src/xgpio_tapp_example.d ./src/xspi_selftest_example.d  blabla.elf.size  blabla.elf
' '
16:52:05 **** Clean-only build of project blabla_bsp ****
make -k clean 
make -C microblaze_0/libsrc/bram_v4_2/src -s clean 
make -C microblaze_0/libsrc/cpu_v2_6/src -s clean 
make -C microblaze_0/libsrc/gpio_v4_3/src -s clean 
make -C microblaze_0/libsrc/spi_v4_3/src -s clean 
make -C microblaze_0/libsrc/standalone_v6_5/src -s clean 
make -C microblaze_0/libsrc/uartlite_v3_2/src -s clean 
rm -f microblaze_0/lib/libxil.a
16:52:05 **** Build of project blabla_bsp ****
make -k all 
"Running Make include in microblaze_0/libsrc/bram_v4_2/src"
make -C microblaze_0/libsrc/bram_v4_2/src -s include  "SHELL=CMD" "COMPILER=mb-gcc" "ARCHIVER=mb-ar" "COMPILER_FLAGS= -O2 -c -mcpu=v10.0 -mlittle-endian -mxl-soft-mul" "EXTRA_COMPILER_FLAGS=-ffunction-sections -fdata-sections -Wall -Wextra"
"Running Make include in microblaze_0/libsrc/cpu_v2_6/src"
make -C microblaze_0/libsrc/cpu_v2_6/src -s include  "SHELL=CMD" "COMPILER=mb-gcc" "ARCHIVER=mb-ar" "COMPILER_FLAGS= -O2 -c -mcpu=v10.0 -mlittle-endian -mxl-soft-mul" "EXTRA_COMPILER_FLAGS=-ffunction-sections -fdata-sections -Wall -Wextra"
"Running Make include in microblaze_0/libsrc/gpio_v4_3/src"
make -C microblaze_0/libsrc/gpio_v4_3/src -s include  "SHELL=CMD" "COMPILER=mb-gcc" "ARCHIVER=mb-ar" "COMPILER_FLAGS= -O2 -c -mcpu=v10.0 -mlittle-endian -mxl-soft-mul" "EXTRA_COMPILER_FLAGS=-ffunction-sections -fdata-sections -Wall -Wextra"
"Running Make include in microblaze_0/libsrc/spi_v4_3/src"
make -C microblaze_0/libsrc/spi_v4_3/src -s include  "SHELL=CMD" "COMPILER=mb-gcc" "ARCHIVER=mb-ar" "COMPILER_FLAGS= -O2 -c -mcpu=v10.0 -mlittle-endian -mxl-soft-mul" "EXTRA_COMPILER_FLAGS=-ffunction-sections -fdata-sections -Wall -Wextra"
"Running Make include in microblaze_0/libsrc/standalone_v6_5/src"
make -C microblaze_0/libsrc/standalone_v6_5/src -s include  "SHELL=CMD" "COMPILER=mb-gcc" "ARCHIVER=mb-ar" "COMPILER_FLAGS= -O2 -c -mcpu=v10.0 -mlittle-endian -mxl-soft-mul" "EXTRA_COMPILER_FLAGS=-ffunction-sections -fdata-sections -Wall -Wextra"
"Running Make include in microblaze_0/libsrc/uartlite_v3_2/src"
make -C microblaze_0/libsrc/uartlite_v3_2/src -s include  "SHELL=CMD" "COMPILER=mb-gcc" "ARCHIVER=mb-ar" "COMPILER_FLAGS= -O2 -c -mcpu=v10.0 -mlittle-endian -mxl-soft-mul" "EXTRA_COMPILER_FLAGS=-ffunction-sections -fdata-sections -Wall -Wextra"
"Running Make libs in microblaze_0/libsrc/bram_v4_2/src"
make -C microblaze_0/libsrc/bram_v4_2/src -s libs  "SHELL=CMD" "COMPILER=mb-gcc" "ARCHIVER=mb-ar" "COMPILER_FLAGS= -O2 -c -mcpu=v10.0 -mlittle-endian -mxl-soft-mul" "EXTRA_COMPILER_FLAGS=-ffunction-sections -fdata-sections -Wall -Wextra"
"Compiling bram"
mb-ar: creating ../../../lib/libxil.a
"Running Make libs in microblaze_0/libsrc/cpu_v2_6/src"
make -C microblaze_0/libsrc/cpu_v2_6/src -s libs  "SHELL=CMD" "COMPILER=mb-gcc" "ARCHIVER=mb-ar" "COMPILER_FLAGS= -O2 -c -mcpu=v10.0 -mlittle-endian -mxl-soft-mul" "EXTRA_COMPILER_FLAGS=-ffunction-sections -fdata-sections -Wall -Wextra"
"Compiling cpu"
"Running Make libs in microblaze_0/libsrc/gpio_v4_3/src"
make -C microblaze_0/libsrc/gpio_v4_3/src -s libs  "SHELL=CMD" "COMPILER=mb-gcc" "ARCHIVER=mb-ar" "COMPILER_FLAGS= -O2 -c -mcpu=v10.0 -mlittle-endian -mxl-soft-mul" "EXTRA_COMPILER_FLAGS=-ffunction-sections -fdata-sections -Wall -Wextra"
"Compiling gpio"
"Running Make libs in microblaze_0/libsrc/spi_v4_3/src"
make -C microblaze_0/libsrc/spi_v4_3/src -s libs  "SHELL=CMD" "COMPILER=mb-gcc" "ARCHIVER=mb-ar" "COMPILER_FLAGS= -O2 -c -mcpu=v10.0 -mlittle-endian -mxl-soft-mul" "EXTRA_COMPILER_FLAGS=-ffunction-sections -fdata-sections -Wall -Wextra"
"Compiling spi"
"Running Make libs in microblaze_0/libsrc/standalone_v6_5/src"
make -C microblaze_0/libsrc/standalone_v6_5/src -s libs  "SHELL=CMD" "COMPILER=mb-gcc" "ARCHIVER=mb-ar" "COMPILER_FLAGS= -O2 -c -mcpu=v10.0 -mlittle-endian -mxl-soft-mul" "EXTRA_COMPILER_FLAGS=-ffunction-sections -fdata-sections -Wall -Wextra"
"Compiling standalone";
"Running Make libs in microblaze_0/libsrc/uartlite_v3_2/src"
make -C microblaze_0/libsrc/uartlite_v3_2/src -s libs  "SHELL=CMD" "COMPILER=mb-gcc" "ARCHIVER=mb-ar" "COMPILER_FLAGS= -O2 -c -mcpu=v10.0 -mlittle-endian -mxl-soft-mul" "EXTRA_COMPILER_FLAGS=-ffunction-sections -fdata-sections -Wall -Wextra"
"Compiling uartlite"
'Finished building libraries'
16:52:11 **** Build of configuration Debug for project blabla ****
make all 
'Building file: ../src/deb.c'
'Invoking: MicroBlaze gcc compiler'
mb-gcc -Wall -O0 -g3 -c -fmessage-length=0 -MT"src/deb.o" -I../../blabla_bsp/microblaze_0/include -mlittle-endian -mcpu=v10.0 -mxl-soft-mul -Wl,--no-relax -ffunction-sections -fdata-sections -MMD -MP -MF"src/deb.d" -MT"src/deb.o" -o "src/deb.o" "../src/deb.c"
'Finished building: ../src/deb.c'
' '
'Building file: ../src/led.c'
'Invoking: MicroBlaze gcc compiler'
mb-gcc -Wall -O0 -g3 -c -fmessage-length=0 -MT"src/led.o" -I../../blabla_bsp/microblaze_0/include -mlittle-endian -mcpu=v10.0 -mxl-soft-mul -Wl,--no-relax -ffunction-sections -fdata-sections -MMD -MP -MF"src/led.d" -MT"src/led.o" -o "src/led.o" "../src/led.c"
../src/led.c: In function 'toggleBlue':
../src/led.c:49:1: warning: control reaches end of non-void function [-Wreturn-type]
 }
 ^
'Finished building: ../src/led.c'
' '
'Building file: ../src/spi_toMUX.c'
'Invoking: MicroBlaze gcc compiler'
mb-gcc -Wall -O0 -g3 -c -fmessage-length=0 -MT"src/spi_toMUX.o" -I../../blabla_bsp/microblaze_0/include -mlittle-endian -mcpu=v10.0 -mxl-soft-mul -Wl,--no-relax -ffunction-sections -fdata-sections -MMD -MP -MF"src/spi_toMUX.d" -MT"src/spi_toMUX.o" -o "src/spi_toMUX.o" "../src/spi_toMUX.c"
'Finished building: ../src/spi_toMUX.c'
' '
'Building file: ../src/testperiph.c'
'Invoking: MicroBlaze gcc compiler'
mb-gcc -Wall -O0 -g3 -c -fmessage-length=0 -MT"src/testperiph.o" -I../../blabla_bsp/microblaze_0/include -mlittle-endian -mcpu=v10.0 -mxl-soft-mul -Wl,--no-relax -ffunction-sections -fdata-sections -MMD -MP -MF"src/testperiph.d" -MT"src/testperiph.o" -o "src/testperiph.o" "../src/testperiph.c"
../src/testperiph.c: In function 'main':
../src/testperiph.c:67:6: error: unknown type name 'DebugData'
      DebugData d=getDebugValues(&Deb);
      ^~~~~~~~~
[...]
"Running Make include in microblaze_0/libsrc/standalone_v6_5/src"
make -C microblaze_0/libsrc/standalone_v6_5/src -s include  "SHELL=CMD" "COMPILER=mb-gcc" "ARCHIVER=mb-ar" "COMPILER_FLAGS= -O2 -c -mcpu=v10.0 -mlittle-endian -mxl-soft-mul" "EXTRA_COMPILER_FLAGS=-ffunction-sections -fdata-sections -Wall -Wextra"
"Running Make include in microblaze_0/libsrc/uartlite_v3_2/src"
make -C microblaze_0/libsrc/uartlite_v3_2/src -s include  "SHELL=CMD" "COMPILER=mb-gcc" "ARCHIVER=mb-ar" "COMPILER_FLAGS= -O2 -c -mcpu=v10.0 -mlittle-endian -mxl-soft-mul" "EXTRA_COMPILER_FLAGS=-ffunction-sections -fdata-sections -Wall -Wextra"
"Running Make libs in microblaze_0/libsrc/bram_v4_2/src"
make -C microblaze_0/libsrc/bram_v4_2/src -s libs  "SHELL=CMD" "COMPILER=mb-gcc" "ARCHIVER=mb-ar" "COMPILER_FLAGS= -O2 -c -mcpu=v10.0 -mlittle-endian -mxl-soft-mul" "EXTRA_COMPILER_FLAGS=-ffunction-sections -fdata-sections -Wall -Wextra"
"Compiling bram"
mb-ar: creating ../../../lib/libxil.a
"Running Make libs in microblaze_0/libsrc/cpu_v2_6/src"
make -C microblaze_0/libsrc/cpu_v2_6/src -s libs  "SHELL=CMD" "COMPILER=mb-gcc" "ARCHIVER=mb-ar" "COMPILER_FLAGS= -O2 -c -mcpu=v10.0 -mlittle-endian -mxl-soft-mul" "EXTRA_COMPILER_FLAGS=-ffunction-sections -fdata-sections -Wall -Wextra"
"Compiling cpu"
"Running Make libs in microblaze_0/libsrc/gpio_v4_3/src"
make -C microblaze_0/libsrc/gpio_v4_3/src -s libs  "SHELL=CMD" "COMPILER=mb-gcc" "ARCHIVER=mb-ar" "COMPILER_FLAGS= -O2 -c -mcpu=v10.0 -mlittle-endian -mxl-soft-mul" "EXTRA_COMPILER_FLAGS=-ffunction-sections -fdata-sections -Wall -Wextra"
"Compiling gpio"
"Running Make libs in microblaze_0/libsrc/spi_v4_3/src"
make -C microblaze_0/libsrc/spi_v4_3/src -s libs  "SHELL=CMD" "COMPILER=mb-gcc" "ARCHIVER=mb-ar" "COMPILER_FLAGS= -O2 -c -mcpu=v10.0 -mlittle-endian -mxl-soft-mul" "EXTRA_COMPILER_FLAGS=-ffunction-sections -fdata-sections -Wall -Wextra"
"Compiling spi"
"Running Make libs in microblaze_0/libsrc/standalone_v6_5/src"
make -C microblaze_0/libsrc/standalone_v6_5/src -s libs  "SHELL=CMD" "COMPILER=mb-gcc" "ARCHIVER=mb-ar" "COMPILER_FLAGS= -O2 -c -mcpu=v10.0 -mlittle-endian -mxl-soft-mul" "EXTRA_COMPILER_FLAGS=-ffunction-sections -fdata-sections -Wall -Wextra"
"Compiling standalone";
"Running Make libs in microblaze_0/libsrc/uartlite_v3_2/src"
make -C microblaze_0/libsrc/uartlite_v3_2/src -s libs  "SHELL=CMD" "COMPILER=mb-gcc" "ARCHIVER=mb-ar" "COMPILER_FLAGS= -O2 -c -mcpu=v10.0 -mlittle-endian -mxl-soft-mul" "EXTRA_COMPILER_FLAGS=-ffunction-sections -fdata-sections -Wall -Wextra"
"Compiling uartlite"
'Finished building libraries'
23:05:26 **** Build of configuration Debug for project blabla ****
make all 
'Building file: ../src/deb.c'
'Invoking: MicroBlaze gcc compiler'
mb-gcc -Wall -O0 -g3 -c -fmessage-length=0 -MT"src/deb.o" -I../../blabla_bsp/microblaze_0/include -mlittle-endian -mcpu=v10.0 -mxl-soft-mul -Wl,--no-relax -ffunction-sections -fdata-sections -MMD -MP -MF"src/deb.d" -MT"src/deb.o" -o "src/deb.o" "../src/deb.c"
'Finished building: ../src/deb.c'
' '
'Building file: ../src/led.c'
'Invoking: MicroBlaze gcc compiler'
mb-gcc -Wall -O0 -g3 -c -fmessage-length=0 -MT"src/led.o" -I../../blabla_bsp/microblaze_0/include -mlittle-endian -mcpu=v10.0 -mxl-soft-mul -Wl,--no-relax -ffunction-sections -fdata-sections -MMD -MP -MF"src/led.d" -MT"src/led.o" -o "src/led.o" "../src/led.c"
'Finished building: ../src/led.c'
' '
'Building file: ../src/myuart.c'
'Invoking: MicroBlaze gcc compiler'
mb-gcc -Wall -O0 -g3 -c -fmessage-length=0 -MT"src/myuart.o" -I../../blabla_bsp/microblaze_0/include -mlittle-endian -mcpu=v10.0 -mxl-soft-mul -Wl,--no-relax -ffunction-sections -fdata-sections -MMD -MP -MF"src/myuart.d" -MT"src/myuart.o" -o "src/myuart.o" "../src/myuart.c"
'Finished building: ../src/myuart.c'
' '
'Building file: ../src/spi_toMUX.c'
'Invoking: MicroBlaze gcc compiler'
mb-gcc -Wall -O0 -g3 -c -fmessage-length=0 -MT"src/spi_toMUX.o" -I../../blabla_bsp/microblaze_0/include -mlittle-endian -mcpu=v10.0 -mxl-soft-mul -Wl,--no-relax -ffunction-sections -fdata-sections -MMD -MP -MF"src/spi_toMUX.d" -MT"src/spi_toMUX.o" -o "src/spi_toMUX.o" "../src/spi_toMUX.c"
../src/spi_toMUX.c: In function 'SpiInit':
../src/spi_toMUX.c:16:3: warning: implicit declaration of function 'XSpi_Abort' [-Wimplicit-function-declaration]
   XSpi_Abort(Spi);
   ^~~~~~~~~~
'Finished building: ../src/spi_toMUX.c'
' '
'Building file: ../src/testperiph.c'
'Invoking: MicroBlaze gcc compiler'
mb-gcc -Wall -O0 -g3 -c -fmessage-length=0 -MT"src/testperiph.o" -I../../blabla_bsp/microblaze_0/include -mlittle-endian -mcpu=v10.0 -mxl-soft-mul -Wl,--no-relax -ffunction-sections -fdata-sections -MMD -MP -MF"src/testperiph.d" -MT"src/testperiph.o" -o "src/testperiph.o" "../src/testperiph.c"
In file included from ../src/testperiph.c:41:0:
../src/myuart.h:7:2: warning: #import is a deprecated GCC extension [-Wdeprecated]
 #import "xuartlite.h"
  ^~~~~~
../src/testperiph.c: In function 'main':
../src/testperiph.c:61:7: warning: unused variable 'i' [-Wunused-variable]
   int i=0;
       ^
../src/testperiph.c:125:5: warning: implicit declaration of function 'XSpi_Abort' [-Wimplicit-function-declaration]
     XSpi_Abort(&Spi);
     ^~~~~~~~~~
'Finished building: ../src/testperiph.c'
' '
'Building file: ../src/xgpio_tapp_example.c'
'Invoking: MicroBlaze gcc compiler'
mb-gcc -Wall -O0 -g3 -c -fmessage-length=0 -MT"src/xgpio_tapp_example.o" -I../../blabla_bsp/microblaze_0/include -mlittle-endian -mcpu=v10.0 -mxl-soft-mul -Wl,--no-relax -ffunction-sections -fdata-sections -MMD -MP -MF"src/xgpio_tapp_example.d" -MT"src/xgpio_tapp_example.o" -o "src/xgpio_tapp_example.o" "../src/xgpio_tapp_example.c"
'Finished building: ../src/xgpio_tapp_example.c'
' '
'Building file: ../src/xspi_selftest_example.c'
'Invoking: MicroBlaze gcc compiler'
mb-gcc -Wall -O0 -g3 -c -fmessage-length=0 -MT"src/xspi_selftest_example.o" -I../../blabla_bsp/microblaze_0/include -mlittle-endian -mcpu=v10.0 -mxl-soft-mul -Wl,--no-relax -ffunction-sections -fdata-sections -MMD -MP -MF"src/xspi_selftest_example.d" -MT"src/xspi_selftest_example.o" -o "src/xspi_selftest_example.o" "../src/xspi_selftest_example.c"
'Finished building: ../src/xspi_selftest_example.c'
' '
'Building file: ../src/xst_errors.c'
'Invoking: MicroBlaze gcc compiler'
mb-gcc -Wall -O0 -g3 -c -fmessage-length=0 -MT"src/xst_errors.o" -I../../blabla_bsp/microblaze_0/include -mlittle-endian -mcpu=v10.0 -mxl-soft-mul -Wl,--no-relax -ffunction-sections -fdata-sections -MMD -MP -MF"src/xst_errors.d" -MT"src/xst_errors.o" -o "src/xst_errors.o" "../src/xst_errors.c"
'Finished building: ../src/xst_errors.c'
' '
'Building target: blabla.elf'
'Invoking: MicroBlaze gcc linker'
mb-gcc -Wl,-T -Wl,../src/lscript.ld -L../../blabla_bsp/microblaze_0/lib -mlittle-endian -mcpu=v10.0 -mxl-soft-mul -Wl,--no-relax -Wl,--gc-sections -o "blabla.elf"  ./src/deb.o ./src/led.o ./src/myuart.o ./src/spi_toMUX.o ./src/testperiph.o ./src/xgpio_tapp_example.o ./src/xspi_selftest_example.o ./src/xst_errors.o   -Wl,--start-group,-lxil,-lgcc,-lc,--end-group
'Finished building target: blabla.elf'
' '
'Invoking: MicroBlaze Print Size'
mb-size blabla.elf  |tee "blabla.elf.size"
   text	   data	    bss	    dec	    hex	filename
  97452	   1500	   3200	 102152	  18f08	blabla.elf
'Finished building: blabla.elf.size'
' '
23:05:46 **** Auto Build of project blabla_bsp ****
make -k all 
"Running Make include in microblaze_0/libsrc/bram_v4_2/src"
make -C microblaze_0/libsrc/bram_v4_2/src -s include  "SHELL=CMD" "COMPILER=mb-gcc" "ARCHIVER=mb-ar" "COMPILER_FLAGS= -O2 -c -mcpu=v10.0 -mlittle-endian -mxl-soft-mul" "EXTRA_COMPILER_FLAGS=-ffunction-sections -fdata-sections -Wall -Wextra"
"Running Make include in microblaze_0/libsrc/cpu_v2_6/src"
make -C microblaze_0/libsrc/cpu_v2_6/src -s include  "SHELL=CMD" "COMPILER=mb-gcc" "ARCHIVER=mb-ar" "COMPILER_FLAGS= -O2 -c -mcpu=v10.0 -mlittle-endian -mxl-soft-mul" "EXTRA_COMPILER_FLAGS=-ffunction-sections -fdata-sections -Wall -Wextra"
"Running Make include in microblaze_0/libsrc/gpio_v4_3/src"
make -C microblaze_0/libsrc/gpio_v4_3/src -s include  "SHELL=CMD" "COMPILER=mb-gcc" "ARCHIVER=mb-ar" "COMPILER_FLAGS= -O2 -c -mcpu=v10.0 -mlittle-endian -mxl-soft-mul" "EXTRA_COMPILER_FLAGS=-ffunction-sections -fdata-sections -Wall -Wextra"
"Running Make include in microblaze_0/libsrc/spi_v4_3/src"
make -C microblaze_0/libsrc/spi_v4_3/src -s include  "SHELL=CMD" "COMPILER=mb-gcc" "ARCHIVER=mb-ar" "COMPILER_FLAGS= -O2 -c -mcpu=v10.0 -mlittle-endian -mxl-soft-mul" "EXTRA_COMPILER_FLAGS=-ffunction-sections -fdata-sections -Wall -Wextra"
"Running Make include in microblaze_0/libsrc/standalone_v6_5/src"
make -C microblaze_0/libsrc/standalone_v6_5/src -s include  "SHELL=CMD" "COMPILER=mb-gcc" "ARCHIVER=mb-ar" "COMPILER_FLAGS= -O2 -c -mcpu=v10.0 -mlittle-endian -mxl-soft-mul" "EXTRA_COMPILER_FLAGS=-ffunction-sections -fdata-sections -Wall -Wextra"
"Running Make include in microblaze_0/libsrc/uartlite_v3_2/src"
make -C microblaze_0/libsrc/uartlite_v3_2/src -s include  "SHELL=CMD" "COMPILER=mb-gcc" "ARCHIVER=mb-ar" "COMPILER_FLAGS= -O2 -c -mcpu=v10.0 -mlittle-endian -mxl-soft-mul" "EXTRA_COMPILER_FLAGS=-ffunction-sections -fdata-sections -Wall -Wextra"
"Running Make libs in microblaze_0/libsrc/bram_v4_2/src"
make -C microblaze_0/libsrc/bram_v4_2/src -s libs  "SHELL=CMD" "COMPILER=mb-gcc" "ARCHIVER=mb-ar" "COMPILER_FLAGS= -O2 -c -mcpu=v10.0 -mlittle-endian -mxl-soft-mul" "EXTRA_COMPILER_FLAGS=-ffunction-sections -fdata-sections -Wall -Wextra"
"Compiling bram"
mb-ar: creating ../../../lib/libxil.a
"Running Make libs in microblaze_0/libsrc/cpu_v2_6/src"
make -C microblaze_0/libsrc/cpu_v2_6/src -s libs  "SHELL=CMD" "COMPILER=mb-gcc" "ARCHIVER=mb-ar" "COMPILER_FLAGS= -O2 -c -mcpu=v10.0 -mlittle-endian -mxl-soft-mul" "EXTRA_COMPILER_FLAGS=-ffunction-sections -fdata-sections -Wall -Wextra"
"Compiling cpu"
"Running Make libs in microblaze_0/libsrc/gpio_v4_3/src"
make -C microblaze_0/libsrc/gpio_v4_3/src -s libs  "SHELL=CMD" "COMPILER=mb-gcc" "ARCHIVER=mb-ar" "COMPILER_FLAGS= -O2 -c -mcpu=v10.0 -mlittle-endian -mxl-soft-mul" "EXTRA_COMPILER_FLAGS=-ffunction-sections -fdata-sections -Wall -Wextra"
"Compiling gpio"
"Running Make libs in microblaze_0/libsrc/spi_v4_3/src"
make -C microblaze_0/libsrc/spi_v4_3/src -s libs  "SHELL=CMD" "COMPILER=mb-gcc" "ARCHIVER=mb-ar" "COMPILER_FLAGS= -O2 -c -mcpu=v10.0 -mlittle-endian -mxl-soft-mul" "EXTRA_COMPILER_FLAGS=-ffunction-sections -fdata-sections -Wall -Wextra"
"Compiling spi"
"Running Make libs in microblaze_0/libsrc/standalone_v6_5/src"
make -C microblaze_0/libsrc/standalone_v6_5/src -s libs  "SHELL=CMD" "COMPILER=mb-gcc" "ARCHIVER=mb-ar" "COMPILER_FLAGS= -O2 -c -mcpu=v10.0 -mlittle-endian -mxl-soft-mul" "EXTRA_COMPILER_FLAGS=-ffunction-sections -fdata-sections -Wall -Wextra"
"Compiling standalone";
"Running Make libs in microblaze_0/libsrc/uartlite_v3_2/src"
make -C microblaze_0/libsrc/uartlite_v3_2/src -s libs  "SHELL=CMD" "COMPILER=mb-gcc" "ARCHIVER=mb-ar" "COMPILER_FLAGS= -O2 -c -mcpu=v10.0 -mlittle-endian -mxl-soft-mul" "EXTRA_COMPILER_FLAGS=-ffunction-sections -fdata-sections -Wall -Wextra"
"Compiling uartlite"
'Finished building libraries'
23:05:52 **** Auto Build of configuration Debug for project blabla ****
make all 
'Building file: ../src/deb.c'
'Invoking: MicroBlaze gcc compiler'
mb-gcc -Wall -O0 -g3 -c -fmessage-length=0 -MT"src/deb.o" -I../../blabla_bsp/microblaze_0/include -mlittle-endian -mcpu=v10.0 -mxl-soft-mul -Wl,--no-relax -ffunction-sections -fdata-sections -MMD -MP -MF"src/deb.d" -MT"src/deb.o" -o "src/deb.o" "../src/deb.c"
'Finished building: ../src/deb.c'
' '
'Building file: ../src/led.c'
'Invoking: MicroBlaze gcc compiler'
mb-gcc -Wall -O0 -g3 -c -fmessage-length=0 -MT"src/led.o" -I../../blabla_bsp/microblaze_0/include -mlittle-endian -mcpu=v10.0 -mxl-soft-mul -Wl,--no-relax -ffunction-sections -fdata-sections -MMD -MP -MF"src/led.d" -MT"src/led.o" -o "src/led.o" "../src/led.c"
'Finished building: ../src/led.c'
' '
'Building file: ../src/myuart.c'
'Invoking: MicroBlaze gcc compiler'
mb-gcc -Wall -O0 -g3 -c -fmessage-length=0 -MT"src/myuart.o" -I../../blabla_bsp/microblaze_0/include -mlittle-endian -mcpu=v10.0 -mxl-soft-mul -Wl,--no-relax -ffunction-sections -fdata-sections -MMD -MP -MF"src/myuart.d" -MT"src/myuart.o" -o "src/myuart.o" "../src/myuart.c"
'Finished building: ../src/myuart.c'
' '
'Building file: ../src/spi_toMUX.c'
'Invoking: MicroBlaze gcc compiler'
mb-gcc -Wall -O0 -g3 -c -fmessage-length=0 -MT"src/spi_toMUX.o" -I../../blabla_bsp/microblaze_0/include -mlittle-endian -mcpu=v10.0 -mxl-soft-mul -Wl,--no-relax -ffunction-sections -fdata-sections -MMD -MP -MF"src/spi_toMUX.d" -MT"src/spi_toMUX.o" -o "src/spi_toMUX.o" "../src/spi_toMUX.c"
../src/spi_toMUX.c: In function 'SpiInit':
../src/spi_toMUX.c:16:3: warning: implicit declaration of function 'XSpi_Abort' [-Wimplicit-function-declaration]
   XSpi_Abort(Spi);
   ^~~~~~~~~~
'Finished building: ../src/spi_toMUX.c'
' '
'Building file: ../src/testperiph.c'
'Invoking: MicroBlaze gcc compiler'
mb-gcc -Wall -O0 -g3 -c -fmessage-length=0 -MT"src/testperiph.o" -I../../blabla_bsp/microblaze_0/include -mlittle-endian -mcpu=v10.0 -mxl-soft-mul -Wl,--no-relax -ffunction-sections -fdata-sections -MMD -MP -MF"src/testperiph.d" -MT"src/testperiph.o" -o "src/testperiph.o" "../src/testperiph.c"
In file included from ../src/testperiph.c:41:0:
../src/myuart.h:7:2: warning: #import is a deprecated GCC extension [-Wdeprecated]
 #import "xuartlite.h"
  ^~~~~~
../src/testperiph.c: In function 'main':
../src/testperiph.c:61:7: warning: unused variable 'i' [-Wunused-variable]
   int i=0;
       ^
../src/testperiph.c:125:5: warning: implicit declaration of function 'XSpi_Abort' [-Wimplicit-function-declaration]
     XSpi_Abort(&Spi);
     ^~~~~~~~~~
'Finished building: ../src/testperiph.c'
' '
'Building file: ../src/xgpio_tapp_example.c'
'Invoking: MicroBlaze gcc compiler'
mb-gcc -Wall -O0 -g3 -c -fmessage-length=0 -MT"src/xgpio_tapp_example.o" -I../../blabla_bsp/microblaze_0/include -mlittle-endian -mcpu=v10.0 -mxl-soft-mul -Wl,--no-relax -ffunction-sections -fdata-sections -MMD -MP -MF"src/xgpio_tapp_example.d" -MT"src/xgpio_tapp_example.o" -o "src/xgpio_tapp_example.o" "../src/xgpio_tapp_example.c"
'Finished building: ../src/xgpio_tapp_example.c'
' '
'Building file: ../src/xspi_selftest_example.c'
'Invoking: MicroBlaze gcc compiler'
mb-gcc -Wall -O0 -g3 -c -fmessage-length=0 -MT"src/xspi_selftest_example.o" -I../../blabla_bsp/microblaze_0/include -mlittle-endian -mcpu=v10.0 -mxl-soft-mul -Wl,--no-relax -ffunction-sections -fdata-sections -MMD -MP -MF"src/xspi_selftest_example.d" -MT"src/xspi_selftest_example.o" -o "src/xspi_selftest_example.o" "../src/xspi_selftest_example.c"
'Finished building: ../src/xspi_selftest_example.c'
' '
'Building file: ../src/xst_errors.c'
'Invoking: MicroBlaze gcc compiler'
mb-gcc -Wall -O0 -g3 -c -fmessage-length=0 -MT"src/xst_errors.o" -I../../blabla_bsp/microblaze_0/include -mlittle-endian -mcpu=v10.0 -mxl-soft-mul -Wl,--no-relax -ffunction-sections -fdata-sections -MMD -MP -MF"src/xst_errors.d" -MT"src/xst_errors.o" -o "src/xst_errors.o" "../src/xst_errors.c"
'Finished building: ../src/xst_errors.c'
' '
'Building target: blabla.elf'
'Invoking: MicroBlaze gcc linker'
mb-gcc -Wl,-T -Wl,../src/lscript.ld -L../../blabla_bsp/microblaze_0/lib -mlittle-endian -mcpu=v10.0 -mxl-soft-mul -Wl,--no-relax -Wl,--gc-sections -o "blabla.elf"  ./src/deb.o ./src/led.o ./src/myuart.o ./src/spi_toMUX.o ./src/testperiph.o ./src/xgpio_tapp_example.o ./src/xspi_selftest_example.o ./src/xst_errors.o   -Wl,--start-group,-lxil,-lgcc,-lc,--end-group
'Finished building target: blabla.elf'
' '
'Invoking: MicroBlaze Print Size'
mb-size blabla.elf  |tee "blabla.elf.size"
   text	   data	    bss	    dec	    hex	filename
  97452	   1500	   3200	 102152	  18f08	blabla.elf
'Finished building: blabla.elf.size'
' '
23:05:55 **** Incremental Build of configuration Debug for project blabla ****
make all 
make: Nothing to be done for `all'.
23:06:18 **** Incremental Build of configuration Debug for project blabla ****
make all 
make: Nothing to be done for `all'.
23:07:18 **** Incremental Build of configuration Debug for project blabla ****
make all 
'Building file: ../src/testperiph.c'
'Invoking: MicroBlaze gcc compiler'
mb-gcc -Wall -O0 -g3 -c -fmessage-length=0 -MT"src/testperiph.o" -I../../blabla_bsp/microblaze_0/include -mlittle-endian -mcpu=v10.0 -mxl-soft-mul -Wl,--no-relax -ffunction-sections -fdata-sections -MMD -MP -MF"src/testperiph.d" -MT"src/testperiph.o" -o "src/testperiph.o" "../src/testperiph.c"
In file included from ../src/testperiph.c:41:0:
../src/myuart.h:7:2: warning: #import is a deprecated GCC extension [-Wdeprecated]
 #import "xuartlite.h"
  ^~~~~~
../src/testperiph.c: In function 'main':
../src/testperiph.c:61:7: warning: unused variable 'i' [-Wunused-variable]
   int i=0;
       ^
../src/testperiph.c:125:5: warning: implicit declaration of function 'XSpi_Abort' [-Wimplicit-function-declaration]
     XSpi_Abort(&Spi);
     ^~~~~~~~~~
'Finished building: ../src/testperiph.c'
' '
'Building target: blabla.elf'
'Invoking: MicroBlaze gcc linker'
mb-gcc -Wl,-T -Wl,../src/lscript.ld -L../../blabla_bsp/microblaze_0/lib -mlittle-endian -mcpu=v10.0 -mxl-soft-mul -Wl,--no-relax -Wl,--gc-sections -o "blabla.elf"  ./src/deb.o ./src/led.o ./src/myuart.o ./src/spi_toMUX.o ./src/testperiph.o ./src/xgpio_tapp_example.o ./src/xspi_selftest_example.o ./src/xst_errors.o   -Wl,--start-group,-lxil,-lgcc,-lc,--end-group
'Finished building target: blabla.elf'
' '
'Invoking: MicroBlaze Print Size'
mb-size blabla.elf  |tee "blabla.elf.size"
   text	   data	    bss	    dec	    hex	filename
  97456	   1500	   3196	 102152	  18f08	blabla.elf
'Finished building: blabla.elf.size'
' '
23:08:25 **** Incremental Build of configuration Debug for project blabla ****
make all 
make: Nothing to be done for `all'.
23:08:45 **** Incremental Build of configuration Debug for project blabla ****
make all 
make: Nothing to be done for `all'.
23:09:36 **** Incremental Build of configuration Debug for project blabla ****
make all 
'Building file: ../src/testperiph.c'
'Invoking: MicroBlaze gcc compiler'
mb-gcc -Wall -O0 -g3 -c -fmessage-length=0 -MT"src/testperiph.o" -I../../blabla_bsp/microblaze_0/include -mlittle-endian -mcpu=v10.0 -mxl-soft-mul -Wl,--no-relax -ffunction-sections -fdata-sections -MMD -MP -MF"src/testperiph.d" -MT"src/testperiph.o" -o "src/testperiph.o" "../src/testperiph.c"
In file included from ../src/testperiph.c:41:0:
../src/myuart.h:7:2: warning: #import is a deprecated GCC extension [-Wdeprecated]
 #import "xuartlite.h"
  ^~~~~~
../src/testperiph.c: In function 'main':
../src/testperiph.c:61:7: warning: unused variable 'i' [-Wunused-variable]
   int i=0;
       ^
../src/testperiph.c:125:5: warning: implicit declaration of function 'XSpi_Abort' [-Wimplicit-function-declaration]
     XSpi_Abort(&Spi);
     ^~~~~~~~~~
'Finished building: ../src/testperiph.c'
' '
'Building target: blabla.elf'
'Invoking: MicroBlaze gcc linker'
mb-gcc -Wl,-T -Wl,../src/lscript.ld -L../../blabla_bsp/microblaze_0/lib -mlittle-endian -mcpu=v10.0 -mxl-soft-mul -Wl,--no-relax -Wl,--gc-sections -o "blabla.elf"  ./src/deb.o ./src/led.o ./src/myuart.o ./src/spi_toMUX.o ./src/testperiph.o ./src/xgpio_tapp_example.o ./src/xspi_selftest_example.o ./src/xst_errors.o   -Wl,--start-group,-lxil,-lgcc,-lc,--end-group
'Finished building target: blabla.elf'
' '
'Invoking: MicroBlaze Print Size'
mb-size blabla.elf  |tee "blabla.elf.size"
   text	   data	    bss	    dec	    hex	filename
  97448	   1500	   3196	 102144	  18f00	blabla.elf
'Finished building: blabla.elf.size'
' '
23:10:11 **** Incremental Build of configuration Debug for project blabla ****
make all 
make: Nothing to be done for `all'.
